<html>
<body>
<pre>
<h1>礦ision Build Log</h1>
<h2>Project:</h2>
C:\Users\wanbin\Desktop\麦轮STM32小车\麦轮小车综合控制源码（编码器电机PWM舵机版含超声波避障）\Project\BusMotor.uvproj
Project File Date:  06/15/2020

<h2>Output:</h2>
Build target 'Target 1'
compiling Control.c...
linking...
Program Size: Code=28598 RO-data=16350 RW-data=456 ZI-data=3360  
FromELF: creating hex file...
"..\Output\BusMotor.axf" - 0 Error(s), 0 Warning(s).
Build target 'Target 1'
compiling Control.c...
linking...
Program Size: Code=28602 RO-data=16350 RW-data=456 ZI-data=3360  
FromELF: creating hex file...
"..\Output\BusMotor.axf" - 0 Error(s), 0 Warning(s).
Build target 'Target 1'
linking...
Program Size: Code=28602 RO-data=16350 RW-data=456 ZI-data=3360  
FromELF: creating hex file...
"..\Output\BusMotor.axf" - 0 Error(s), 0 Warning(s).
Build target 'Target 1'
compiling Control.c...
compiling UI.c...
linking...
Program Size: Code=28574 RO-data=16350 RW-data=456 ZI-data=3360  
FromELF: creating hex file...
"..\Output\BusMotor.axf" - 0 Error(s), 0 Warning(s).
Build target 'Target 1'
compiling Control.c...
linking...
Program Size: Code=28574 RO-data=16350 RW-data=456 ZI-data=3360  
FromELF: creating hex file...
"..\Output\BusMotor.axf" - 0 Error(s), 0 Warning(s).
Build target 'Target 1'
compiling Control.c...
linking...
Program Size: Code=28566 RO-data=16350 RW-data=456 ZI-data=3360  
FromELF: creating hex file...
"..\Output\BusMotor.axf" - 0 Error(s), 0 Warning(s).
Build target 'Target 1'
linking...
Program Size: Code=28566 RO-data=16350 RW-data=456 ZI-data=3360  
FromELF: creating hex file...
"..\Output\BusMotor.axf" - 0 Error(s), 0 Warning(s).
Build target 'Target 1'
compiling Control.c...
linking...
Program Size: Code=28566 RO-data=16350 RW-data=456 ZI-data=3360  
FromELF: creating hex file...
"..\Output\BusMotor.axf" - 0 Error(s), 0 Warning(s).
