<html>
<body>
<pre>
<h1>礦ision Build Log</h1>
<h2>Project:</h2>
C:\Users\wanbin\Desktop\麦轮总线电机测试\Project\BusMotor.uvproj
Project File Date:  06/05/2020

<h2>Output:</h2>
Build target 'Target 1'
compiling core_cm3.c...
assembling startup_stm32f10x_hd.s...
compiling misc.c...
compiling stm32f10x_adc.c...
compiling stm32f10x_bkp.c...
compiling stm32f10x_can.c...
compiling stm32f10x_cec.c...
compiling stm32f10x_crc.c...
compiling stm32f10x_dac.c...
compiling stm32f10x_dbgmcu.c...
compiling stm32f10x_dma.c...
compiling stm32f10x_exti.c...
compiling stm32f10x_flash.c...
compiling stm32f10x_fsmc.c...
compiling stm32f10x_gpio.c...
compiling stm32f10x_i2c.c...
compiling stm32f10x_iwdg.c...
compiling stm32f10x_pwr.c...
compiling stm32f10x_rcc.c...
compiling stm32f10x_rtc.c...
compiling stm32f10x_sdio.c...
compiling stm32f10x_spi.c...
compiling stm32f10x_tim.c...
compiling stm32f10x_usart.c...
compiling stm32f10x_wwdg.c...
compiling led.c...
..\HARDWARE\LED\led.c(26): warning:  #223-D: function "Delay_ms" declared implicitly
compiling delay.c...
compiling sys.c...
compiling system_stm32f10x.c...
compiling main.c...
..\USER\main.c(7): warning:  #1-D: last line of file ends without a newline
compiling stm32f10x_it.c...
linking...
..\Output\BusMotor.axf: Error: L6218E: Undefined symbol Delay_ms (referred from led.o).
Target not created
Build target 'Target 1'
compiling led.c...
linking...
Program Size: Code=5388 RO-data=336 RW-data=40 ZI-data=1632  
FromELF: creating hex file...
"..\Output\BusMotor.axf" - 0 Error(s), 0 Warning(s).
Build target 'Target 1'
linking...
Program Size: Code=5388 RO-data=336 RW-data=40 ZI-data=1632  
FromELF: creating hex file...
"..\Output\BusMotor.axf" - 0 Error(s), 0 Warning(s).
