Component: ARM Compiler 5.06 update 7 (build 960) Tool: armlink [4d3601]

==============================================================================

Section Cross References

    startup_stm32f10x_hd.o(STACK) refers (Special) to heapauxi.o(.text) for __use_two_region_memory
    startup_stm32f10x_hd.o(HEAP) refers (Special) to heapauxi.o(.text) for __use_two_region_memory
    startup_stm32f10x_hd.o(RESET) refers (Special) to heapauxi.o(.text) for __use_two_region_memory
    startup_stm32f10x_hd.o(RESET) refers to startup_stm32f10x_hd.o(STACK) for __initial_sp
    startup_stm32f10x_hd.o(RESET) refers to startup_stm32f10x_hd.o(.text) for Reset_Handler
    startup_stm32f10x_hd.o(RESET) refers to stm32f10x_it.o(.text) for NMI_Handler
    startup_stm32f10x_hd.o(RESET) refers to uln.o(.text) for EXTI0_IRQHandler
    startup_stm32f10x_hd.o(RESET) refers to usart.o(.text) for USART1_IRQHandler
    startup_stm32f10x_hd.o(RESET) refers to control.o(.text) for TIM6_IRQHandler
    startup_stm32f10x_hd.o(.text) refers (Special) to heapauxi.o(.text) for __use_two_region_memory
    startup_stm32f10x_hd.o(.text) refers to system_stm32f10x.o(.text) for SystemInit
    startup_stm32f10x_hd.o(.text) refers to __main.o(!!!main) for __main
    startup_stm32f10x_hd.o(.text) refers to startup_stm32f10x_hd.o(HEAP) for Heap_Mem
    startup_stm32f10x_hd.o(.text) refers to startup_stm32f10x_hd.o(STACK) for Stack_Mem
    stm32f10x_adc.o(.text) refers to stm32f10x_rcc.o(.text) for RCC_APB2PeriphResetCmd
    stm32f10x_bkp.o(.text) refers to stm32f10x_rcc.o(.text) for RCC_BackupResetCmd
    stm32f10x_can.o(.text) refers to stm32f10x_rcc.o(.text) for RCC_APB1PeriphResetCmd
    stm32f10x_cec.o(.text) refers to stm32f10x_rcc.o(.text) for RCC_APB1PeriphResetCmd
    stm32f10x_dac.o(.text) refers to stm32f10x_rcc.o(.text) for RCC_APB1PeriphResetCmd
    stm32f10x_gpio.o(.text) refers to stm32f10x_rcc.o(.text) for RCC_APB2PeriphResetCmd
    stm32f10x_i2c.o(.text) refers to stm32f10x_rcc.o(.text) for RCC_APB1PeriphResetCmd
    stm32f10x_pwr.o(.text) refers to stm32f10x_rcc.o(.text) for RCC_APB1PeriphResetCmd
    stm32f10x_rcc.o(.text) refers to stm32f10x_rcc.o(.data) for APBAHBPrescTable
    stm32f10x_spi.o(.text) refers to stm32f10x_rcc.o(.text) for RCC_APB2PeriphResetCmd
    stm32f10x_tim.o(.text) refers to stm32f10x_rcc.o(.text) for RCC_APB2PeriphResetCmd
    stm32f10x_usart.o(.text) refers to stm32f10x_rcc.o(.text) for RCC_APB2PeriphResetCmd
    stm32f10x_wwdg.o(.text) refers to stm32f10x_rcc.o(.text) for RCC_APB1PeriphResetCmd
    led.o(.text) refers to stm32f10x_rcc.o(.text) for RCC_APB2PeriphClockCmd
    led.o(.text) refers to stm32f10x_gpio.o(.text) for GPIO_Init
    led.o(.text) refers to delay.o(.text) for Delay_ms
    timer.o(.text) refers to misc.o(.text) for NVIC_PriorityGroupConfig
    timer.o(.text) refers to stm32f10x_rcc.o(.text) for RCC_APB2PeriphClockCmd
    timer.o(.text) refers to stm32f10x_tim.o(.text) for TIM_DeInit
    timer.o(.text) refers to sys.o(.text) for MY_NVIC_Init
    ps2.o(.text) refers to stm32f10x_rcc.o(.text) for RCC_APB2PeriphClockCmd
    ps2.o(.text) refers to stm32f10x_gpio.o(.text) for GPIO_Init
    ps2.o(.text) refers to delay.o(.text) for Delay_us
    ps2.o(.text) refers to ps2.o(.bss) for Data
    ps2.o(.text) refers to ps2.o(.data) for Comd
    beep.o(.text) refers to stm32f10x_rcc.o(.text) for RCC_APB2PeriphClockCmd
    beep.o(.text) refers to stm32f10x_gpio.o(.text) for GPIO_Init
    beep.o(.text) refers to delay.o(.text) for Delay_ms
    control_app.o(.text) refers to strncmp.o(.text) for strncmp
    control_app.o(.text) refers to strstr.o(.text) for strstr
    control_app.o(.text) refers to strchr.o(.text) for strchr
    control_app.o(.text) refers to atol.o(.text) for atol
    control_app.o(.text) refers to control.o(.data) for LX
    control_app.o(.text) refers to servor.o(.data) for ServoPwmDuty
    control_app.o(.text) refers to control_app.o(.data) for UartRec
    control_app.o(.text) refers to servor.o(.text) for ServoSetPluseAndTime
    control_app.o(.text) refers to motor.o(.text) for Set_Motor
    control_app.o(.text) refers to usart.o(.data) for flag_RecFul
    control_app.o(.text) refers to usart.o(.bss) for redata
    servor.o(.text) refers to fflt_clz.o(x$fpl$fflt) for __aeabi_i2f
    servor.o(.text) refers to fflt_clz.o(x$fpl$ffltu) for __aeabi_ui2f
    servor.o(.text) refers to fdiv.o(x$fpl$fdiv) for __aeabi_fdiv
    servor.o(.text) refers to fmul.o(x$fpl$fmul) for __aeabi_fmul
    servor.o(.text) refers to ffix.o(x$fpl$ffix) for __aeabi_f2iz
    servor.o(.text) refers to stm32f10x_rcc.o(.text) for RCC_APB2PeriphClockCmd
    servor.o(.text) refers to stm32f10x_gpio.o(.text) for GPIO_PinRemapConfig
    servor.o(.text) refers to servor.o(.data) for ServoPwmDutySet
    servor.o(.text) refers to servor.o(.bss) for ServoPwmDutyInc
    key.o(.text) refers to stm32f10x_rcc.o(.text) for RCC_APB2PeriphClockCmd
    key.o(.text) refers to stm32f10x_gpio.o(.text) for GPIO_Init
[...]
    .ARM.Collect$$libinit$$00000032          0x080001f8   Section        0  libinit2.o(.ARM.Collect$$libinit$$00000032)
    .ARM.Collect$$libinit$$00000033          0x080001f8   Section        2  libinit2.o(.ARM.Collect$$libinit$$00000033)
    .ARM.Collect$$libshutdown$$00000000      0x080001fa   Section        2  libshutdown.o(.ARM.Collect$$libshutdown$$00000000)
    .ARM.Collect$$libshutdown$$00000002      0x080001fc   Section        0  libshutdown2.o(.ARM.Collect$$libshutdown$$00000002)
    .ARM.Collect$$libshutdown$$00000004      0x080001fc   Section        0  libshutdown2.o(.ARM.Collect$$libshutdown$$00000004)
    .ARM.Collect$$libshutdown$$00000006      0x080001fc   Section        0  libshutdown2.o(.ARM.Collect$$libshutdown$$00000006)
    .ARM.Collect$$libshutdown$$00000009      0x080001fc   Section        0  libshutdown2.o(.ARM.Collect$$libshutdown$$00000009)
    .ARM.Collect$$libshutdown$$0000000C      0x080001fc   Section        0  libshutdown2.o(.ARM.Collect$$libshutdown$$0000000C)
    .ARM.Collect$$libshutdown$$0000000E      0x080001fc   Section        0  libshutdown2.o(.ARM.Collect$$libshutdown$$0000000E)
    .ARM.Collect$$libshutdown$$00000011      0x080001fc   Section        0  libshutdown2.o(.ARM.Collect$$libshutdown$$00000011)
    .ARM.Collect$$libshutdown$$00000012      0x080001fc   Section        2  libshutdown2.o(.ARM.Collect$$libshutdown$$00000012)
    .ARM.Collect$$rtentry$$00000000          0x080001fe   Section        0  __rtentry.o(.ARM.Collect$$rtentry$$00000000)
    .ARM.Collect$$rtentry$$00000002          0x080001fe   Section        0  __rtentry2.o(.ARM.Collect$$rtentry$$00000002)
    .ARM.Collect$$rtentry$$00000004          0x080001fe   Section        6  __rtentry4.o(.ARM.Collect$$rtentry$$00000004)
    .ARM.Collect$$rtentry$$00000009          0x08000204   Section        0  __rtentry2.o(.ARM.Collect$$rtentry$$00000009)
    .ARM.Collect$$rtentry$$0000000A          0x08000204   Section        4  __rtentry2.o(.ARM.Collect$$rtentry$$0000000A)
    .ARM.Collect$$rtentry$$0000000C          0x08000208   Section        0  __rtentry2.o(.ARM.Collect$$rtentry$$0000000C)
    .ARM.Collect$$rtentry$$0000000D          0x08000208   Section        8  __rtentry2.o(.ARM.Collect$$rtentry$$0000000D)
    .ARM.Collect$$rtexit$$00000000           0x08000210   Section        2  rtexit.o(.ARM.Collect$$rtexit$$00000000)
    .ARM.Collect$$rtexit$$00000002           0x08000212   Section        0  rtexit2.o(.ARM.Collect$$rtexit$$00000002)
    .ARM.Collect$$rtexit$$00000003           0x08000212   Section        4  rtexit2.o(.ARM.Collect$$rtexit$$00000003)
    .ARM.Collect$$rtexit$$00000004           0x08000216   Section        6  rtexit2.o(.ARM.Collect$$rtexit$$00000004)
    .emb_text                                0x0800021c   Section       12  sys.o(.emb_text)
    .text                                    0x08000228   Section       64  startup_stm32f10x_hd.o(.text)
    .text                                    0x08000268   Section        0  misc.o(.text)
    .text                                    0x08000344   Section        0  stm32f10x_gpio.o(.text)
    .text                                    0x080006a0   Section        0  stm32f10x_rcc.o(.text)
    .text                                    0x08000a44   Section        0  stm32f10x_tim.o(.text)
    TI4_Config                               0x08000eeb   Thumb Code   130  stm32f10x_tim.o(.text)
    TI3_Config                               0x08000f7f   Thumb Code   122  stm32f10x_tim.o(.text)
    TI2_Config                               0x08001013   Thumb Code   130  stm32f10x_tim.o(.text)
    TI1_Config                               0x080010a7   Thumb Code   108  stm32f10x_tim.o(.text)
    .text                                    0x08001860   Section        0  stm32f10x_usart.o(.text)
    .text                                    0x08001c68   Section        0  timer.o(.text)
    .text                                    0x08001d88   Section        0  ps2.o(.text)
    .text                                    0x08001f9c   Section        0  beep.o(.text)
    .text                                    0x08002024   Section        0  control_app.o(.text)
    .text                                    0x080026dc   Section        0  servor.o(.text)
    .text                                    0x08002a54   Section        0  motor.o(.text)
    .text                                    0x08002ccc   Section        0  adc.o(.text)
    .text                                    0x08002e58   Section        0  key.o(.text)
    .text                                    0x08002e7c   Section        0  oled.o(.text)
    .text                                    0x0800311c   Section        0  oled_user.o(.text)
    .text                                    0x0800429c   Section        0  exti.o(.text)
    .text                                    0x080042f0   Section        0  uln.o(.text)
    .text                                    0x080043b8   Section        0  traversing.o(.text)
    .text                                    0x08004464   Section        0  delay.o(.text)
    .text                                    0x08004518   Section        0  sys.o(.text)
    .text                                    0x080047d0   Section        0  system_stm32f10x.o(.text)
    SetSysClockTo72                          0x080047d1   Thumb Code   214  system_stm32f10x.o(.text)
    SetSysClock                              0x080048a7   Thumb Code     8  system_stm32f10x.o(.text)
    .text                                    0x080049b0   Section        0  usart.o(.text)
    .text                                    0x08004cec   Section        0  main.o(.text)
    .text                                    0x08004e08   Section        0  stm32f10x_it.o(.text)
    .text                                    0x08004e48   Section        0  control.o(.text)
    .text                                    0x080053ec   Section        0  ui.o(.text)
    .text                                    0x08005af4   Section        2  use_no_semi_2.o(.text)
    .text                                    0x08005af6   Section        0  atol.o(.text)
    .text                                    0x08005b10   Section        0  strchr.o(.text)
    .text                                    0x08005b24   Section        0  strstr.o(.text)
    .text                                    0x08005b48   Section        0  strncmp.o(.text)
    .text                                    0x08005bde   Section        0  heapauxi.o(.text)
    .text                                    0x08005be4   Section        2  use_no_semi.o(.text)
    .text                                    0x08005be8   Section        8  rt_errno_addr_intlibspace.o(.text)
    .text                                    0x08005bf0   Section        0  strtol.o(.text)
    .text                                    0x08005c60   Section        8  libspace.o(.text)
    .text                                    0x08005c68   Section       16  rt_ctype_table.o(.text)
    .text                                    0x08005c78   Section        0  _strtoul.o(.text)
    .text                                    0x08005d16   Section       74  sys_stackheap_outer.o(.text)
    .text                                    0x08005d60   Section        8  rt_locale_intlibspace.o(.text)
    .text                                    0x08005d68   Section        0  _chval.o(.text)
    .text                                    0x08005d84   Section        0  exit.o(.text)
    .text                                    0x08005d98   Section      128  strcmpv7m.o(.text)
    locale$$code                             0x08005e18   Section       44  lc_ctype_c.o(locale$$code)
    x$fpl$fadd                               0x08005e44   Section      196  faddsub_clz.o(x$fpl$fadd)
    _fadd1                                   0x08005e53   Thumb Code     0  faddsub_clz.o(x$fpl$fadd)
    x$fpl$fcmpinf                            0x08005f08   Section       24  fcmpi.o(x$fpl$fcmpinf)
    x$fpl$fdiv                               0x08005f20   Section      388  fdiv.o(x$fpl$fdiv)
    _fdiv1                                   0x08005f21   Thumb Code     0  fdiv.o(x$fpl$fdiv)
    x$fpl$feqf                               0x080060a4   Section      104  feqf.o(x$fpl$feqf)
    x$fpl$ffix                               0x0800610c   Section       54  ffix.o(x$fpl$ffix)
    x$fpl$ffixu                              0x08006144   Section       62  ffixu.o(x$fpl$ffixu)
    x$fpl$fflt                               0x08006184   Section       48  fflt_clz.o(x$fpl$fflt)
    x$fpl$ffltu                              0x080061b4   Section       38  fflt_clz.o(x$fpl$ffltu)
    x$fpl$fleqf                              0x080061dc   Section      104  fleqf.o(x$fpl$fleqf)
    x$fpl$fmul                               0x08006244   Section      258  fmul.o(x$fpl$fmul)
    x$fpl$fnaninf                            0x08006346   Section      140  fnaninf.o(x$fpl$fnaninf)
    x$fpl$fretinf                            0x080063d2   Section       10  fretinf.o(x$fpl$fretinf)
    x$fpl$frleqf                             0x080063dc   Section       98  frleqf.o(x$fpl$frleqf)
    x$fpl$fsub                               0x08006440   Section      234  faddsub_clz.o(x$fpl$fsub)
    _fsub1                                   0x0800644f   Thumb Code     0  faddsub_clz.o(x$fpl$fsub)
    .constdata                               0x0800652a   Section    15844  oled_user.o(.constdata)
    x$fpl$usenofp                            0x0800652a   Section        0  usenofp.o(x$fpl$usenofp)
    BMP_FreeLink                             0x0800652a   Data         512  oled_user.o(.constdata)
    hanzi_12x12                              0x0800672a   Data        3874  oled_user.o(.constdata)
    hanzi_14x14                              0x0800764c   Data         270  oled_user.o(.constdata)
    hanzi_16x16                              0x0800775a   Data          68  oled_user.o(.constdata)
    hanzi_20x20                              0x0800779e   Data         124  oled_user.o(.constdata)
    hanzi_24x24                              0x0800781a   Data         148  oled_user.o(.constdata)
    ASCII6X12                                0x08007a8e   Data        1152  oled_user.o(.constdata)
    ASCII7X14                                0x08007f0e   Data        1344  oled_user.o(.constdata)
    ASCII8X16                                0x0800844e   Data        1536  oled_user.o(.constdata)
    ASCII10X20                               0x08008a4e   Data        2880  oled_user.o(.constdata)
    ASCII12X24                               0x0800958e   Data        3456  oled_user.o(.constdata)
    locale$$data                             0x0800a330   Section      272  lc_ctype_c.o(locale$$data)
    __lcctype_c_name                         0x0800a334   Data           2  lc_ctype_c.o(locale$$data)
    __lcctype_c_start                        0x0800a33c   Data           0  lc_ctype_c.o(locale$$data)
    __lcctype_c_end                          0x0800a440   Data           0  lc_ctype_c.o(locale$$data)
    .data                                    0x20000000   Section       20  stm32f10x_rcc.o(.data)
    APBAHBPrescTable                         0x20000000   Data          16  stm32f10x_rcc.o(.data)
    ADCPrescTable                            0x20000010   Data           4  stm32f10x_rcc.o(.data)
    .data                                    0x20000014   Section       36  ps2.o(.data)
    .data                                    0x20000038   Section       28  control_app.o(.data)
    .data                                    0x20000054   Section       42  servor.o(.data)
    Running                                  0x20000055   Data           1  servor.o(.data)
    ServoRunning                             0x2000007a   Data           1  servor.o(.data)
    ServoPwmDutyIncTimes                     0x2000007c   Data           2  servor.o(.data)
    .data                                    0x2000007e   Section       16  encoder.o(.data)
    .data                                    0x20000090   Section        5  uln.o(.data)
    .data                                    0x20000098   Section       20  system_stm32f10x.o(.data)
    .data                                    0x200000ac   Section       12  usart.o(.data)
    i                                        0x200000b4   Data           4  usart.o(.data)
    .data                                    0x200000b8   Section       32  control.o(.data)
    .data                                    0x200000d8   Section      299  ui.o(.data)
    flag                                     0x20000202   Data           1  ui.o(.data)
    .bss                                     0x20000204   Section        9  ps2.o(.bss)
    .bss                                     0x20000210   Section       32  servor.o(.bss)
    .bss                                     0x20000230   Section     1024  oled_user.o(.bss)
    .bss                                     0x20000630   Section      500  usart.o(.bss)
    .bss                                     0x20000824   Section      192  control.o(.bss)
    .bss                                     0x200008e4   Section       96  libspace.o(.bss)
    HEAP                                     0x20000948   Section      512  startup_stm32f10x_hd.o(HEAP)
    Heap_Mem                                 0x20000948   Data         512  startup_stm32f10x_hd.o(HEAP)
    STACK                                    0x20000b48   Section     1024  startup_stm32f10x_hd.o(STACK)
    Stack_Mem                                0x20000b48   Data        1024  startup_stm32f10x_hd.o(STACK)
    __initial_sp                             0x20000f48   Data           0  startup_stm32f10x_hd.o(STACK)

    Global Symbols

    Symbol Name                              Value     Ov Type        Size  Object(Section)

    BuildAttributes$$THM_ISAv4$P$D$K$B$S$PE$A:L22UL41UL21$X:L11$S22US41US21$IEEE1$IW$USESV6$~STKCKD$USESV7$~SHL$OSPACE$ROPI$EBA8$UX$STANDARDLIB$REQ8$PRES8$EABIv2 0x00000000   Number         0  anon$$obj.o ABSOLUTE
    __ARM_use_no_argv                        0x00000000   Number         0  main.o ABSOLUTE
    __ARM_exceptions_init                     - Undefined Weak Reference
    __alloca_initialize                       - Undefined Weak Reference
    __arm_fini_                               - Undefined Weak Reference
    __arm_preinit_                            - Undefined Weak Reference
    __cpp_initialize__aeabi_                  - Undefined Weak Reference
    __cxa_finalize                            - Undefined Weak Reference
    __sigvec_lookup                           - Undefined Weak Reference
    _atexit_init                              - Undefined Weak Reference
    _call_atexit_fns                          - Undefined Weak Reference
    _clock_init                               - Undefined Weak Reference
    _fp_trap_init                             - Undefined Weak Reference
    _fp_trap_shutdown                         - Undefined Weak Reference
    _get_lc_collate                           - Undefined Weak Reference
    _get_lc_monetary                          - Undefined Weak Reference
    _get_lc_numeric                           - Undefined Weak Reference
    _get_lc_time                              - Undefined Weak Reference
    _getenv_init                              - Undefined Weak Reference
    _handle_redirection                       - Undefined Weak Reference
    _init_alloc                               - Undefined Weak Reference
    _init_user_alloc                          - Undefined Weak Reference
    _initio                                   - Undefined Weak Reference
    _rand_init                                - Undefined Weak Reference
    _signal_finish                            - Undefined Weak Reference
    _signal_init                              - Undefined Weak Reference
    _terminate_alloc                          - Undefined Weak Reference
    _terminate_user_alloc                     - Undefined Weak Reference
    _terminateio                              - Undefined Weak Reference
    __Vectors_Size                           0x00000130   Number         0  startup_stm32f10x_hd.o ABSOLUTE
    __Vectors                                0x08000000   Data           4  startup_stm32f10x_hd.o(RESET)
    __Vectors_End                            0x08000130   Data           0  startup_stm32f10x_hd.o(RESET)
    __main                                   0x08000131   Thumb Code     8  __main.o(!!!main)
    __scatterload                            0x08000139   Thumb Code     0  __scatter.o(!!!scatter)
    __scatterload_rt2                        0x08000139   Thumb Code    44  __scatter.o(!!!scatter)
    __scatterload_rt2_thumb_only             0x08000139   Thumb Code     0  __scatter.o(!!!scatter)
    __scatterload_null                       0x08000147   Thumb Code     0  __scatter.o(!!!scatter)
    __decompress                             0x0800016d   Thumb Code    90  __dczerorl2.o(!!dczerorl2)
    __decompress1                            0x0800016d   Thumb Code     0  __dczerorl2.o(!!dczerorl2)
    __scatterload_zeroinit                   0x080001c9   Thumb Code    28  __scatter_zi.o(!!handler_zi)
    __rt_lib_init                            0x080001e5   Thumb Code     0  libinit.o(.ARM.Collect$$libinit$$00000000)
    __rt_lib_init_fp_1                       0x080001e7   Thumb Code     0  libinit2.o(.ARM.Collect$$libinit$$00000002)
    __rt_lib_init_heap_1                     0x080001e7   Thumb Code     0  libinit2.o(.ARM.Collect$$libinit$$0000000A)
    __rt_lib_init_lc_common                  0x080001e7   Thumb Code     0  libinit2.o(.ARM.Collect$$libinit$$0000000F)
    __rt_lib_init_preinit_1                  0x080001e7   Thumb Code     0  libinit2.o(.ARM.Collect$$libinit$$00000004)
    __rt_lib_init_rand_1                     0x080001e7   Thumb Code     0  libinit2.o(.ARM.Collect$$libinit$$0000000E)
    __rt_lib_init_user_alloc_1               0x080001e7   Thumb Code     0  libinit2.o(.ARM.Collect$$libinit$$0000000C)
    __rt_lib_init_lc_collate_1               0x080001ed   Thumb Code     0  libinit2.o(.ARM.Collect$$libinit$$00000011)
    __rt_lib_init_lc_ctype_2                 0x080001ed   Thumb Code     0  libinit2.o(.ARM.Collect$$libinit$$00000012)
    __rt_lib_init_alloca_1                   0x080001f9   Thumb Code     0  libinit2.o(.ARM.Collect$$libinit$$0000002E)
    __rt_lib_init_argv_1                     0x080001f9   Thumb Code     0  libinit2.o(.ARM.Collect$$libinit$$0000002C)
    __rt_lib_init_atexit_1                   0x080001f9   Thumb Code     0  libinit2.o(.ARM.Collect$$libinit$$0000001B)
    __rt_lib_init_clock_1                    0x080001f9   Thumb Code     0  libinit2.o(.ARM.Collect$$libinit$$00000021)
    __rt_lib_init_cpp_1                      0x080001f9   Thumb Code     0  libinit2.o(.ARM.Collect$$libinit$$00000032)
    __rt_lib_init_exceptions_1               0x080001f9   Thumb Code     0  libinit2.o(.ARM.Collect$$libinit$$00000030)
    __rt_lib_init_fp_trap_1                  0x080001f9   Thumb Code     0  libinit2.o(.ARM.Collect$$libinit$$0000001F)
    __rt_lib_init_getenv_1                   0x080001f9   Thumb Code     0  libinit2.o(.ARM.Collect$$libinit$$00000023)
    __rt_lib_init_lc_ctype_1                 0x080001f9   Thumb Code     0  libinit2.o(.ARM.Collect$$libinit$$00000013)
    __rt_lib_init_lc_monetary_1              0x080001f9   Thumb Code     0  libinit2.o(.ARM.Collect$$libinit$$00000015)
    __rt_lib_init_lc_numeric_1               0x080001f9   Thumb Code     0  libinit2.o(.ARM.Collect$$libinit$$00000017)
    __rt_lib_init_lc_time_1                  0x080001f9   Thumb Code     0  libinit2.o(.ARM.Collect$$libinit$$00000019)
    __rt_lib_init_return                     0x080001f9   Thumb Code     0  libinit2.o(.ARM.Collect$$libinit$$00000033)
    __rt_lib_init_signal_1                   0x080001f9   Thumb Code     0  libinit2.o(.ARM.Collect$$libinit$$0000001D)
    __rt_lib_init_stdio_1                    0x080001f9   Thumb Code     0  libinit2.o(.ARM.Collect$$libinit$$00000025)
    __rt_lib_shutdown                        0x080001fb   Thumb Code     0  libshutdown.o(.ARM.Collect$$libshutdown$$00000000)
    __rt_lib_shutdown_cpp_1                  0x080001fd   Thumb Code     0  libshutdown2.o(.ARM.Collect$$libshutdown$$00000004)
    __rt_lib_shutdown_fini_1                 0x080001fd   Thumb Code     0  libshutdown2.o(.ARM.Collect$$libshutdown$$00000002)
    __rt_lib_shutdown_fp_trap_1              0x080001fd   Thumb Code     0  libshutdown2.o(.ARM.Collect$$libshutdown$$00000009)
    __rt_lib_shutdown_heap_1                 0x080001fd   Thumb Code     0  libshutdown2.o(.ARM.Collect$$libshutdown$$00000011)
    __rt_lib_shutdown_return                 0x080001fd   Thumb Code     0  libshutdown2.o(.ARM.Collect$$libshutdown$$00000012)
    __rt_lib_shutdown_signal_1               0x080001fd   Thumb Code     0  libshutdown2.o(.ARM.Collect$$libshutdown$$0000000C)
    __rt_lib_shutdown_stdio_1                0x080001fd   Thumb Code     0  libshutdown2.o(.ARM.Collect$$libshutdown$$00000006)
    __rt_lib_shutdown_user_alloc_1           0x080001fd   Thumb Code     0  libshutdown2.o(.ARM.Collect$$libshutdown$$0000000E)
    __rt_entry                               0x080001ff   Thumb Code     0  __rtentry.o(.ARM.Collect$$rtentry$$00000000)
    __rt_entry_presh_1                       0x080001ff   Thumb Code     0  __rtentry2.o(.ARM.Collect$$rtentry$$00000002)
    __rt_entry_sh                            0x080001ff   Thumb Code     0  __rtentry4.o(.ARM.Collect$$rtentry$$00000004)
    __rt_entry_li                            0x08000205   Thumb Code     0  __rtentry2.o(.ARM.Collect$$rtentry$$0000000A)
    __rt_entry_postsh_1                      0x08000205   Thumb Code     0  __rtentry2.o(.ARM.Collect$$rtentry$$00000009)
    __rt_entry_main                          0x08000209   Thumb Code     0  __rtentry2.o(.ARM.Collect$$rtentry$$0000000D)
    __rt_entry_postli_1                      0x08000209   Thumb Code     0  __rtentry2.o(.ARM.Collect$$rtentry$$0000000C)
    __rt_exit                                0x08000211   Thumb Code     0  rtexit.o(.ARM.Collect$$rtexit$$00000000)
    __rt_exit_ls                             0x08000213   Thumb Code     0  rtexit2.o(.ARM.Collect$$rtexit$$00000003)
    __rt_exit_prels_1                        0x08000213   Thumb Code     0  rtexit2.o(.ARM.Collect$$rtexit$$00000002)
    __rt_exit_exit                           0x08000217   Thumb Code     0  rtexit2.o(.ARM.Collect$$rtexit$$00000004)
    WFI_SET                                  0x0800021d   Thumb Code     2  sys.o(.emb_text)
    INTX_DISABLE                             0x0800021f   Thumb Code     2  sys.o(.emb_text)
    INTX_ENABLE                              0x08000221   Thumb Code     2  sys.o(.emb_text)
    MSR_MSP                                  0x08000223   Thumb Code     6  sys.o(.emb_text)
    Reset_Handler                            0x08000229   Thumb Code     8  startup_stm32f10x_hd.o(.text)
    ADC1_2_IRQHandler                        0x08000243   Thumb Code     0  startup_stm32f10x_hd.o(.text)
    ADC3_IRQHandler                          0x08000243   Thumb Code     0  startup_stm32f10x_hd.o(.text)
    CAN1_RX1_IRQHandler                      0x08000243   Thumb Code     0  startup_stm32f10x_hd.o(.text)
    CAN1_SCE_IRQHandler                      0x08000243   Thumb Code     0  startup_stm32f10x_hd.o(.text)
    DMA1_Channel1_IRQHandler                 0x08000243   Thumb Code     0  startup_stm32f10x_hd.o(.text)
    DMA1_Channel2_IRQHandler                 0x08000243   Thumb Code     0  startup_stm32f10x_hd.o(.text)
    DMA1_Channel3_IRQHandler                 0x08000243   Thumb Code     0  startup_stm32f10x_hd.o(.text)
    DMA1_Channel4_IRQHandler                 0x08000243   Thumb Code     0  startup_stm32f10x_hd.o(.text)
    DMA1_Channel5_IRQHandler                 0x08000243   Thumb Code     0  startup_stm32f10x_hd.o(.text)
    DMA1_Channel6_IRQHandler                 0x08000243   Thumb Code     0  startup_stm32f10x_hd.o(.text)
    DMA1_Channel7_IRQHandler                 0x08000243   Thumb Code     0  startup_stm32f10x_hd.o(.text)
    DMA2_Channel1_IRQHandler                 0x08000243   Thumb Code     0  startup_stm32f10x_hd.o(.text)
    DMA2_Channel2_IRQHandler                 0x08000243   Thumb Code     0  startup_stm32f10x_hd.o(.text)
    DMA2_Channel3_IRQHandler                 0x08000243   Thumb Code     0  startup_stm32f10x_hd.o(.text)
    DMA2_Channel4_5_IRQHandler               0x08000243   Thumb Code     0  startup_stm32f10x_hd.o(.text)
    EXTI15_10_IRQHandler                     0x08000243   Thumb Code     0  startup_stm32f10x_hd.o(.text)
    EXTI1_IRQHandler                         0x08000243   Thumb Code     0  startup_stm32f10x_hd.o(.text)
    EXTI2_IRQHandler                         0x08000243   Thumb Code     0  startup_stm32f10x_hd.o(.text)
    EXTI3_IRQHandler                         0x08000243   Thumb Code     0  startup_stm32f10x_hd.o(.text)
    EXTI4_IRQHandler                         0x08000243   Thumb Code     0  startup_stm32f10x_hd.o(.text)
    EXTI9_5_IRQHandler                       0x08000243   Thumb Code     0  startup_stm32f10x_hd.o(.text)
    FLASH_IRQHandler                         0x08000243   Thumb Code     0  startup_stm32f10x_hd.o(.text)
    FSMC_IRQHandler                          0x08000243   Thumb Code     0  startup_stm32f10x_hd.o(.text)
    I2C1_ER_IRQHandler                       0x08000243   Thumb Code     0  startup_stm32f10x_hd.o(.text)
    I2C1_EV_IRQHandler                       0x08000243   Thumb Code     0  startup_stm32f10x_hd.o(.text)
    I2C2_ER_IRQHandler                       0x08000243   Thumb Code     0  startup_stm32f10x_hd.o(.text)
    I2C2_EV_IRQHandler                       0x08000243   Thumb Code     0  startup_stm32f10x_hd.o(.text)
    PVD_IRQHandler                           0x08000243   Thumb Code     0  startup_stm32f10x_hd.o(.text)
    RCC_IRQHandler                           0x08000243   Thumb Code     0  startup_stm32f10x_hd.o(.text)
    RTCAlarm_IRQHandler                      0x08000243   Thumb Code     0  startup_stm32f10x_hd.o(.text)
    RTC_IRQHandler                           0x08000243   Thumb Code     0  startup_stm32f10x_hd.o(.text)
    SDIO_IRQHandler                          0x08000243   Thumb Code     0  startup_stm32f10x_hd.o(.text)
    SPI1_IRQHandler                          0x08000243   Thumb Code     0  startup_stm32f10x_hd.o(.text)
    SPI2_IRQHandler                          0x08000243   Thumb Code     0  startup_stm32f10x_hd.o(.text)
    SPI3_IRQHandler                          0x08000243   Thumb Code     0  startup_stm32f10x_hd.o(.text)
    TAMPER_IRQHandler                        0x08000243   Thumb Code     0  startup_stm32f10x_hd.o(.text)
    TIM1_BRK_IRQHandler                      0x08000243   Thumb Code     0  startup_stm32f10x_hd.o(.text)
    TIM1_CC_IRQHandler                       0x08000243   Thumb Code     0  startup_stm32f10x_hd.o(.text)
    TIM1_TRG_COM_IRQHandler                  0x08000243   Thumb Code     0  startup_stm32f10x_hd.o(.text)
    TIM2_IRQHandler                          0x08000243   Thumb Code     0  startup_stm32f10x_hd.o(.text)
    TIM3_IRQHandler                          0x08000243   Thumb Code     0  startup_stm32f10x_hd.o(.text)
    TIM4_IRQHandler                          0x08000243   Thumb Code     0  startup_stm32f10x_hd.o(.text)
    TIM5_IRQHandler                          0x08000243   Thumb Code     0  startup_stm32f10x_hd.o(.text)
    TIM7_IRQHandler                          0x08000243   Thumb Code     0  startup_stm32f10x_hd.o(.text)
    TIM8_BRK_IRQHandler                      0x08000243   Thumb Code     0  startup_stm32f10x_hd.o(.text)
    TIM8_CC_IRQHandler                       0x08000243   Thumb Code     0  startup_stm32f10x_hd.o(.text)
    TIM8_TRG_COM_IRQHandler                  0x08000243   Thumb Code     0  startup_stm32f10x_hd.o(.text)
    TIM8_UP_IRQHandler                       0x08000243   Thumb Code     0  startup_stm32f10x_hd.o(.text)
    UART4_IRQHandler                         0x08000243   Thumb Code     0  startup_stm32f10x_hd.o(.text)
    UART5_IRQHandler                         0x08000243   Thumb Code     0  startup_stm32f10x_hd.o(.text)
    USBWakeUp_IRQHandler                     0x08000243   Thumb Code     0  startup_stm32f10x_hd.o(.text)
    USB_HP_CAN1_TX_IRQHandler                0x08000243   Thumb Code     0  startup_stm32f10x_hd.o(.text)
    USB_LP_CAN1_RX0_IRQHandler               0x08000243   Thumb Code     0  startup_stm32f10x_hd.o(.text)
    WWDG_IRQHandler                          0x08000243   Thumb Code     0  startup_stm32f10x_hd.o(.text)
    __user_initial_stackheap                 0x08000245   Thumb Code     0  startup_stm32f10x_hd.o(.text)
    NVIC_PriorityGroupConfig                 0x08000269   Thumb Code    10  misc.o(.text)
    NVIC_Init                                0x08000273   Thumb Code   100  misc.o(.text)
    NVIC_SetVectorTable                      0x080002d7   Thumb Code    14  misc.o(.text)
    NVIC_SystemLPConfig                      0x080002e5   Thumb Code    34  misc.o(.text)
    SysTick_CLKSourceConfig                  0x08000307   Thumb Code    40  misc.o(.text)
    GPIO_DeInit                              0x08000345   Thumb Code   172  stm32f10x_gpio.o(.text)
    GPIO_AFIODeInit                          0x080003f1   Thumb Code    20  stm32f10x_gpio.o(.text)
    GPIO_Init                                0x08000405   Thumb Code   278  stm32f10x_gpio.o(.text)
    GPIO_StructInit                          0x0800051b   Thumb Code    16  stm32f10x_gpio.o(.text)
    GPIO_ReadInputDataBit                    0x0800052b   Thumb Code    18  stm32f10x_gpio.o(.text)
    GPIO_ReadInputData                       0x0800053d   Thumb Code     8  stm32f10x_gpio.o(.text)
    GPIO_ReadOutputDataBit                   0x08000545   Thumb Code    18  stm32f10x_gpio.o(.text)
    GPIO_ReadOutputData                      0x08000557   Thumb Code     8  stm32f10x_gpio.o(.text)
    GPIO_SetBits                             0x0800055f   Thumb Code     4  stm32f10x_gpio.o(.text)
    GPIO_ResetBits                           0x08000563   Thumb Code     4  stm32f10x_gpio.o(.text)
    GPIO_WriteBit                            0x08000567   Thumb Code    10  stm32f10x_gpio.o(.text)
    GPIO_Write                               0x08000571   Thumb Code     4  stm32f10x_gpio.o(.text)
    GPIO_PinLockConfig                       0x08000575   Thumb Code    18  stm32f10x_gpio.o(.text)
    GPIO_EventOutputConfig                   0x08000587   Thumb Code    26  stm32f10x_gpio.o(.text)
    GPIO_EventOutputCmd                      0x080005a1   Thumb Code     6  stm32f10x_gpio.o(.text)
    GPIO_PinRemapConfig                      0x080005a7   Thumb Code   138  stm32f10x_gpio.o(.text)
    GPIO_EXTILineConfig                      0x08000631   Thumb Code    66  stm32f10x_gpio.o(.text)
    GPIO_ETH_MediaInterfaceConfig            0x08000673   Thumb Code     8  stm32f10x_gpio.o(.text)
    RCC_DeInit                               0x080006a1   Thumb Code    64  stm32f10x_rcc.o(.text)
    RCC_HSEConfig                            0x080006e1   Thumb Code    70  stm32f10x_rcc.o(.text)
    RCC_GetFlagStatus                        0x08000727   Thumb Code    56  stm32f10x_rcc.o(.text)
    RCC_WaitForHSEStartUp                    0x0800075f   Thumb Code    56  stm32f10x_rcc.o(.text)
    RCC_AdjustHSICalibrationValue            0x08000797   Thumb Code    20  stm32f10x_rcc.o(.text)
    RCC_HSICmd                               0x080007ab   Thumb Code     6  stm32f10x_rcc.o(.text)
    RCC_PLLConfig                            0x080007b1   Thumb Code    24  stm32f10x_rcc.o(.text)
    RCC_PLLCmd                               0x080007c9   Thumb Code     6  stm32f10x_rcc.o(.text)
    RCC_SYSCLKConfig                         0x080007cf   Thumb Code    18  stm32f10x_rcc.o(.text)
    RCC_GetSYSCLKSource                      0x080007e1   Thumb Code    10  stm32f10x_rcc.o(.text)
    RCC_HCLKConfig                           0x080007eb   Thumb Code    18  stm32f10x_rcc.o(.text)
    RCC_PCLK1Config                          0x080007fd   Thumb Code    18  stm32f10x_rcc.o(.text)
    RCC_PCLK2Config                          0x0800080f   Thumb Code    20  stm32f10x_rcc.o(.text)
    RCC_ITConfig                             0x08000823   Thumb Code    26  stm32f10x_rcc.o(.text)
    RCC_USBCLKConfig                         0x0800083d   Thumb Code     8  stm32f10x_rcc.o(.text)
    RCC_ADCCLKConfig                         0x08000845   Thumb Code    18  stm32f10x_rcc.o(.text)
    RCC_LSEConfig                            0x08000857   Thumb Code    50  stm32f10x_rcc.o(.text)
    RCC_LSICmd                               0x08000889   Thumb Code     6  stm32f10x_rcc.o(.text)
    RCC_RTCCLKConfig                         0x0800088f   Thumb Code    12  stm32f10x_rcc.o(.text)
    RCC_RTCCLKCmd                            0x0800089b   Thumb Code     8  stm32f10x_rcc.o(.text)
    RCC_GetClocksFreq                        0x080008a3   Thumb Code   192  stm32f10x_rcc.o(.text)
    RCC_AHBPeriphClockCmd                    0x08000963   Thumb Code    26  stm32f10x_rcc.o(.text)
    RCC_APB2PeriphClockCmd                   0x0800097d   Thumb Code    26  stm32f10x_rcc.o(.text)
    RCC_APB1PeriphClockCmd                   0x08000997   Thumb Code    26  stm32f10x_rcc.o(.text)
    RCC_APB2PeriphResetCmd                   0x080009b1   Thumb Code    26  stm32f10x_rcc.o(.text)
    RCC_APB1PeriphResetCmd                   0x080009cb   Thumb Code    26  stm32f10x_rcc.o(.text)
    RCC_BackupResetCmd                       0x080009e5   Thumb Code     8  stm32f10x_rcc.o(.text)
    RCC_ClockSecuritySystemCmd               0x080009ed   Thumb Code     6  stm32f10x_rcc.o(.text)
    RCC_MCOConfig                            0x080009f3   Thumb Code     6  stm32f10x_rcc.o(.text)
    RCC_ClearFlag                            0x080009f9   Thumb Code    14  stm32f10x_rcc.o(.text)
    RCC_GetITStatus                          0x08000a07   Thumb Code    20  stm32f10x_rcc.o(.text)
    RCC_ClearITPendingBit                    0x08000a1b   Thumb Code     6  stm32f10x_rcc.o(.text)
    TIM_DeInit                               0x08000a45   Thumb Code   424  stm32f10x_tim.o(.text)
    TIM_TimeBaseInit                         0x08000bed   Thumb Code   122  stm32f10x_tim.o(.text)
    TIM_OC1Init                              0x08000c67   Thumb Code   132  stm32f10x_tim.o(.text)
    TIM_OC2Init                              0x08000ceb   Thumb Code   154  stm32f10x_tim.o(.text)
    TIM_OC3Init                              0x08000d85   Thumb Code   150  stm32f10x_tim.o(.text)
    TIM_OC4Init                              0x08000e1b   Thumb Code   182  stm32f10x_tim.o(.text)
    TIM_SetIC4Prescaler                      0x08000ed1   Thumb Code    26  stm32f10x_tim.o(.text)
    TIM_SetIC3Prescaler                      0x08000f6d   Thumb Code    18  stm32f10x_tim.o(.text)
    TIM_SetIC2Prescaler                      0x08000ff9   Thumb Code    26  stm32f10x_tim.o(.text)
    TIM_SetIC1Prescaler                      0x08001095   Thumb Code    18  stm32f10x_tim.o(.text)
    TIM_ICInit                               0x08001113   Thumb Code   150  stm32f10x_tim.o(.text)
    TIM_PWMIConfig                           0x080011a9   Thumb Code   124  stm32f10x_tim.o(.text)
    TIM_BDTRConfig                           0x08001225   Thumb Code    32  stm32f10x_tim.o(.text)
    TIM_TimeBaseStructInit                   0x08001245   Thumb Code    18  stm32f10x_tim.o(.text)
    TIM_OCStructInit                         0x08001257   Thumb Code    20  stm32f10x_tim.o(.text)
    TIM_ICStructInit                         0x0800126b   Thumb Code    18  stm32f10x_tim.o(.text)
    TIM_BDTRStructInit                       0x0800127d   Thumb Code    40  stm32f10x_tim.o(.text)
    TIM_Cmd                                  0x080012a5   Thumb Code    24  stm32f10x_tim.o(.text)
    TIM_CtrlPWMOutputs                       0x080012bd   Thumb Code    30  stm32f10x_tim.o(.text)
    TIM_ITConfig                             0x080012db   Thumb Code    18  stm32f10x_tim.o(.text)
    TIM_GenerateEvent                        0x080012ed   Thumb Code     4  stm32f10x_tim.o(.text)
    TIM_DMAConfig                            0x080012f1   Thumb Code    10  stm32f10x_tim.o(.text)
    TIM_DMACmd                               0x080012fb   Thumb Code    18  stm32f10x_tim.o(.text)
    TIM_InternalClockConfig                  0x0800130d   Thumb Code    12  stm32f10x_tim.o(.text)
    TIM_SelectInputTrigger                   0x08001319   Thumb Code    18  stm32f10x_tim.o(.text)
    TIM_ITRxExternalClockConfig              0x0800132b   Thumb Code    24  stm32f10x_tim.o(.text)
    TIM_TIxExternalClockConfig               0x08001343   Thumb Code    62  stm32f10x_tim.o(.text)
    TIM_ETRConfig                            0x08001381   Thumb Code    28  stm32f10x_tim.o(.text)
    TIM_ETRClockMode1Config                  0x0800139d   Thumb Code    54  stm32f10x_tim.o(.text)
    TIM_ETRClockMode2Config                  0x080013d3   Thumb Code    32  stm32f10x_tim.o(.text)
    TIM_PrescalerConfig                      0x080013f3   Thumb Code     6  stm32f10x_tim.o(.text)
    TIM_CounterModeConfig                    0x080013f9   Thumb Code    18  stm32f10x_tim.o(.text)
    TIM_EncoderInterfaceConfig               0x0800140b   Thumb Code    66  stm32f10x_tim.o(.text)
    TIM_ForcedOC1Config                      0x0800144d   Thumb Code    18  stm32f10x_tim.o(.text)
    TIM_ForcedOC2Config                      0x0800145f   Thumb Code    26  stm32f10x_tim.o(.text)
    TIM_ForcedOC3Config                      0x08001479   Thumb Code    18  stm32f10x_tim.o(.text)
    TIM_ForcedOC4Config                      0x0800148b   Thumb Code    26  stm32f10x_tim.o(.text)
    TIM_ARRPreloadConfig                     0x080014a5   Thumb Code    24  stm32f10x_tim.o(.text)
    TIM_SelectCOM                            0x080014bd   Thumb Code    24  stm32f10x_tim.o(.text)
    TIM_SelectCCDMA                          0x080014d5   Thumb Code    24  stm32f10x_tim.o(.text)
    TIM_CCPreloadControl                     0x080014ed   Thumb Code    24  stm32f10x_tim.o(.text)
    TIM_OC1PreloadConfig                     0x08001505   Thumb Code    18  stm32f10x_tim.o(.text)
    TIM_OC2PreloadConfig                     0x08001517   Thumb Code    26  stm32f10x_tim.o(.text)
    TIM_OC3PreloadConfig                     0x08001531   Thumb Code    18  stm32f10x_tim.o(.text)
    TIM_OC4PreloadConfig                     0x08001543   Thumb Code    26  stm32f10x_tim.o(.text)
    TIM_OC1FastConfig                        0x0800155d   Thumb Code    18  stm32f10x_tim.o(.text)
    TIM_OC2FastConfig                        0x0800156f   Thumb Code    26  stm32f10x_tim.o(.text)
    TIM_OC3FastConfig                        0x08001589   Thumb Code    18  stm32f10x_tim.o(.text)
    TIM_OC4FastConfig                        0x0800159b   Thumb Code    26  stm32f10x_tim.o(.text)
    TIM_ClearOC1Ref                          0x080015b5   Thumb Code    18  stm32f10x_tim.o(.text)
    TIM_ClearOC2Ref                          0x080015c7   Thumb Code    24  stm32f10x_tim.o(.text)
    TIM_ClearOC3Ref                          0x080015df   Thumb Code    18  stm32f10x_tim.o(.text)
    TIM_ClearOC4Ref                          0x080015f1   Thumb Code    24  stm32f10x_tim.o(.text)
    TIM_OC1PolarityConfig                    0x08001609   Thumb Code    18  stm32f10x_tim.o(.text)
    TIM_OC1NPolarityConfig                   0x0800161b   Thumb Code    18  stm32f10x_tim.o(.text)
    TIM_OC2PolarityConfig                    0x0800162d   Thumb Code    26  stm32f10x_tim.o(.text)
    TIM_OC2NPolarityConfig                   0x08001647   Thumb Code    26  stm32f10x_tim.o(.text)
    TIM_OC3PolarityConfig                    0x08001661   Thumb Code    26  stm32f10x_tim.o(.text)
    TIM_OC3NPolarityConfig                   0x0800167b   Thumb Code    26  stm32f10x_tim.o(.text)
    TIM_OC4PolarityConfig                    0x08001695   Thumb Code    26  stm32f10x_tim.o(.text)
    TIM_CCxCmd                               0x080016af   Thumb Code    30  stm32f10x_tim.o(.text)
    TIM_CCxNCmd                              0x080016cd   Thumb Code    30  stm32f10x_tim.o(.text)
    TIM_SelectOCxM                           0x080016eb   Thumb Code    82  stm32f10x_tim.o(.text)
    TIM_UpdateDisableConfig                  0x0800173d   Thumb Code    24  stm32f10x_tim.o(.text)
    TIM_UpdateRequestConfig                  0x08001755   Thumb Code    24  stm32f10x_tim.o(.text)
    TIM_SelectHallSensor                     0x0800176d   Thumb Code    24  stm32f10x_tim.o(.text)
    TIM_SelectOnePulseMode                   0x08001785   Thumb Code    18  stm32f10x_tim.o(.text)
    TIM_SelectOutputTrigger                  0x08001797   Thumb Code    18  stm32f10x_tim.o(.text)
    TIM_SelectSlaveMode                      0x080017a9   Thumb Code    18  stm32f10x_tim.o(.text)
    TIM_SelectMasterSlaveMode                0x080017bb   Thumb Code    18  stm32f10x_tim.o(.text)
    TIM_SetCounter                           0x080017cd   Thumb Code     4  stm32f10x_tim.o(.text)
    TIM_SetAutoreload                        0x080017d1   Thumb Code     4  stm32f10x_tim.o(.text)
    TIM_SetCompare1                          0x080017d5   Thumb Code     4  stm32f10x_tim.o(.text)
    TIM_SetCompare2                          0x080017d9   Thumb Code     4  stm32f10x_tim.o(.text)
    TIM_SetCompare3                          0x080017dd   Thumb Code     4  stm32f10x_tim.o(.text)
    TIM_SetCompare4                          0x080017e1   Thumb Code     6  stm32f10x_tim.o(.text)
    TIM_SetClockDivision                     0x080017e7   Thumb Code    18  stm32f10x_tim.o(.text)
    TIM_GetCapture1                          0x080017f9   Thumb Code     6  stm32f10x_tim.o(.text)
    TIM_GetCapture2                          0x080017ff   Thumb Code     6  stm32f10x_tim.o(.text)
    TIM_GetCapture3                          0x08001805   Thumb Code     6  stm32f10x_tim.o(.text)
    TIM_GetCapture4                          0x0800180b   Thumb Code     8  stm32f10x_tim.o(.text)
    TIM_GetCounter                           0x08001813   Thumb Code     6  stm32f10x_tim.o(.text)
    TIM_GetPrescaler                         0x08001819   Thumb Code     6  stm32f10x_tim.o(.text)
    TIM_GetFlagStatus                        0x0800181f   Thumb Code    18  stm32f10x_tim.o(.text)
    TIM_ClearFlag                            0x08001831   Thumb Code     6  stm32f10x_tim.o(.text)
    TIM_GetITStatus                          0x08001837   Thumb Code    34  stm32f10x_tim.o(.text)
    TIM_ClearITPendingBit                    0x08001859   Thumb Code     6  stm32f10x_tim.o(.text)
    USART_DeInit                             0x08001861   Thumb Code   134  stm32f10x_usart.o(.text)
    USART_Init                               0x080018e7   Thumb Code   210  stm32f10x_usart.o(.text)
    USART_StructInit                         0x080019b9   Thumb Code    24  stm32f10x_usart.o(.text)
    USART_ClockInit                          0x080019d1   Thumb Code    34  stm32f10x_usart.o(.text)
    USART_ClockStructInit                    0x080019f3   Thumb Code    12  stm32f10x_usart.o(.text)
    USART_Cmd                                0x080019ff   Thumb Code    24  stm32f10x_usart.o(.text)
    USART_ITConfig                           0x08001a17   Thumb Code    74  stm32f10x_usart.o(.text)
    USART_DMACmd                             0x08001a61   Thumb Code    18  stm32f10x_usart.o(.text)
    USART_SetAddress                         0x08001a73   Thumb Code    18  stm32f10x_usart.o(.text)
    USART_WakeUpConfig                       0x08001a85   Thumb Code    18  stm32f10x_usart.o(.text)
    USART_ReceiverWakeUpCmd                  0x08001a97   Thumb Code    24  stm32f10x_usart.o(.text)
    USART_LINBreakDetectLengthConfig         0x08001aaf   Thumb Code    18  stm32f10x_usart.o(.text)
    USART_LINCmd                             0x08001ac1   Thumb Code    24  stm32f10x_usart.o(.text)
    USART_SendData                           0x08001ad9   Thumb Code     8  stm32f10x_usart.o(.text)
    USART_ReceiveData                        0x08001ae1   Thumb Code    10  stm32f10x_usart.o(.text)
    USART_SendBreak                          0x08001aeb   Thumb Code    10  stm32f10x_usart.o(.text)
    USART_SetGuardTime                       0x08001af5   Thumb Code    16  stm32f10x_usart.o(.text)
    USART_SetPrescaler                       0x08001b05   Thumb Code    16  stm32f10x_usart.o(.text)
    USART_SmartCardCmd                       0x08001b15   Thumb Code    24  stm32f10x_usart.o(.text)
    USART_SmartCardNACKCmd                   0x08001b2d   Thumb Code    24  stm32f10x_usart.o(.text)
    USART_HalfDuplexCmd                      0x08001b45   Thumb Code    24  stm32f10x_usart.o(.text)
    USART_OverSampling8Cmd                   0x08001b5d   Thumb Code    22  stm32f10x_usart.o(.text)
    USART_OneBitMethodCmd                    0x08001b73   Thumb Code    24  stm32f10x_usart.o(.text)
    USART_IrDAConfig                         0x08001b8b   Thumb Code    18  stm32f10x_usart.o(.text)
    USART_IrDACmd                            0x08001b9d   Thumb Code    24  stm32f10x_usart.o(.text)
    USART_GetFlagStatus                      0x08001bb5   Thumb Code    26  stm32f10x_usart.o(.text)
    USART_ClearFlag                          0x08001bcf   Thumb Code    18  stm32f10x_usart.o(.text)
    USART_GetITStatus                        0x08001be1   Thumb Code    84  stm32f10x_usart.o(.text)
    USART_ClearITPendingBit                  0x08001c35   Thumb Code    52  stm32f10x_usart.o(.text)
    TIM1_NVIC_Configuration                  0x08001c69   Thumb Code    42  timer.o(.text)
    TIM1_Configuration                       0x08001c93   Thumb Code    80  timer.o(.text)
    TIM6_Int_Init                            0x08001ce3   Thumb Code    58  timer.o(.text)
    TIM7_Int_Init                            0x08001d1d   Thumb Code    54  timer.o(.text)
    Timer_Init                               0x08001d53   Thumb Code    12  timer.o(.text)
    Timer_ON                                 0x08001d5f   Thumb Code    12  timer.o(.text)
    Timer_OFF                                0x08001d6b   Thumb Code    12  timer.o(.text)
    PS2_Init                                 0x08001d89   Thumb Code    70  ps2.o(.text)
    PS2_Cmd                                  0x08001dcf   Thumb Code   124  ps2.o(.text)
    PS2_RedLight                             0x08001e4b   Thumb Code    50  ps2.o(.text)
    PS2_ReadData                             0x08001e7d   Thumb Code   162  ps2.o(.text)
    PS2_ClearData                            0x08001f1f   Thumb Code    20  ps2.o(.text)
    PS2_DataKey                              0x08001f33   Thumb Code    70  ps2.o(.text)
    PS2_AnologData                           0x08001f79   Thumb Code     8  ps2.o(.text)
    Beep_Init                                0x08001f9d   Thumb Code    50  beep.o(.text)
    Beep_Test                                0x08001fcf   Thumb Code    30  beep.o(.text)
    N_Beep                                   0x08001fed   Thumb Code    52  beep.o(.text)
    Is_Car_Front                             0x08002025   Thumb Code     6  control_app.o(.text)
    Is_Car_Back                              0x0800202b   Thumb Code    36  control_app.o(.text)
    Is_Car_Left                              0x0800204f   Thumb Code    36  control_app.o(.text)
    Is_Car_Right                             0x08002073   Thumb Code    36  control_app.o(.text)
    Is_Car_Speed_Add                         0x08002097   Thumb Code    24  control_app.o(.text)
    Is_Car_Speed_Slow                        0x080020af   Thumb Code    24  control_app.o(.text)
    Is_Car_KD                                0x080020c7   Thumb Code    24  control_app.o(.text)
    Is_Car_horning                           0x080020df   Thumb Code    24  control_app.o(.text)
    Is_Car_Nohorning                         0x080020f7   Thumb Code    24  control_app.o(.text)
    Is_Car_Stop                              0x0800210f   Thumb Code    72  control_app.o(.text)
    Is_Duoji1_Angle                          0x08002157   Thumb Code    24  control_app.o(.text)
    Is_Duoji2_Angle                          0x0800216f   Thumb Code    24  control_app.o(.text)
    Is_Duoji3_Angle                          0x08002187   Thumb Code    24  control_app.o(.text)
    Is_Duoji4_Angle                          0x0800219f   Thumb Code    24  control_app.o(.text)
    Is_Duoji5_Angle                          0x080021b7   Thumb Code    24  control_app.o(.text)
    Is_Duoji6_Angle                          0x080021cf   Thumb Code    24  control_app.o(.text)
    Is_LineControl                           0x080021e7   Thumb Code    24  control_app.o(.text)
    LX_Control                               0x080021ff   Thumb Code    44  control_app.o(.text)
    LY_Control                               0x0800222b   Thumb Code    44  control_app.o(.text)
    DJ_angle_control_1                       0x08002257   Thumb Code    44  control_app.o(.text)
    DJ_angle_control_2                       0x08002283   Thumb Code    44  control_app.o(.text)
    DJ_angle_control_3                       0x080022af   Thumb Code    44  control_app.o(.text)
    DJ_angle_control_4                       0x080022db   Thumb Code    44  control_app.o(.text)
    DJ_angle_control_5                       0x08002307   Thumb Code    44  control_app.o(.text)
    DJ_angle_control_6                       0x08002333   Thumb Code    44  control_app.o(.text)
    Servor_parse                             0x0800235f   Thumb Code   564  control_app.o(.text)
    App_control                              0x08002593   Thumb Code   286  control_app.o(.text)
    App_control_car                          0x080026b1   Thumb Code    22  control_app.o(.text)
    ServoSetPluseAndTime                     0x080026dd   Thumb Code    62  servor.o(.text)
    ServoPwmDutyCompare                      0x0800271b   Thumb Code   258  servor.o(.text)
    ServoAction                              0x0800281d   Thumb Code     6  servor.o(.text)
    Servor_GPIO_Config                       0x08002823   Thumb Code   126  servor.o(.text)
    Flip_GPIO_One                            0x080028a1   Thumb Code   358  servor.o(.text)
    Servo1                                   0x08002a07   Thumb Code    18  servor.o(.text)
    TIM5_PWM_Init                            0x08002a55   Thumb Code   210  motor.o(.text)
    Motor_Init                               0x08002b27   Thumb Code   174  motor.o(.text)
    Set_Motor                                0x08002bd5   Thumb Code   204  motor.o(.text)
    Adc_Init                                 0x08002ccd   Thumb Code   280  adc.o(.text)
    Get_Adc                                  0x08002de5   Thumb Code    68  adc.o(.text)
    Get_Battery_vot                          0x08002e29   Thumb Code    32  adc.o(.text)
    KEY_Init                                 0x08002e59   Thumb Code    32  key.o(.text)
    OLED_I2C_Stop                            0x08002e7d   Thumb Code    48  oled.o(.text)
    OLED_I2C_Wait_Ack                        0x08002ead   Thumb Code    76  oled.o(.text)
    OLED_I2C_Send_Byte                       0x08002ef9   Thumb Code    76  oled.o(.text)
    OLED_I2C_Start                           0x08002f45   Thumb Code    52  oled.o(.text)
    OLED_WriteCmd                            0x08002f79   Thumb Code    32  oled.o(.text)
    OLED_Set_Pos                             0x08002f99   Thumb Code    36  oled.o(.text)
    OLED_WriteDat                            0x08002fbd   Thumb Code    32  oled.o(.text)
    OLED_Fill                                0x08002fdd   Thumb Code    58  oled.o(.text)
    OLED_Init                                0x08003017   Thumb Code   246  oled.o(.text)
    OLED_Refresh_GDRAM                       0x0800311d   Thumb Code    38  oled_user.o(.text)
    OLED_Refresh_AllGDRAM                    0x08003143   Thumb Code    52  oled_user.o(.text)
    OLED_Draw_FreeLink                       0x08003177   Thumb Code    42  oled_user.o(.text)
    OLED_DrawDot                             0x080031a1   Thumb Code    88  oled_user.o(.text)
    OLED_Put12x24Char                        0x080031f9   Thumb Code   176  oled_user.o(.text)
    OLED_Put10x20Char                        0x080032a9   Thumb Code   176  oled_user.o(.text)
    OLED_Put8x16Char                         0x08003359   Thumb Code   134  oled_user.o(.text)
    OLED_Put7x14Char                         0x080033df   Thumb Code   138  oled_user.o(.text)
    OLED_Put6x12Char                         0x08003469   Thumb Code   138  oled_user.o(.text)
    OLED_Put5x7Char                          0x080034f3   Thumb Code   174  oled_user.o(.text)
    OLED_Put24x24CNstr                       0x080035a1   Thumb Code   430  oled_user.o(.text)
    OLED_Put20x20CNstr                       0x0800374f   Thumb Code   418  oled_user.o(.text)
    OLED_Put16x16CNstr                       0x080038f1   Thumb Code   348  oled_user.o(.text)
    OLED_Put14x14CNstr                       0x08003a4d   Thumb Code   330  oled_user.o(.text)
    OLED_Put12x12CNstr                       0x08003b97   Thumb Code   348  oled_user.o(.text)
    OLED_Put5x7ENstr                         0x08003cf3   Thumb Code    38  oled_user.o(.text)
    OLED_DrawLine_X                          0x08003d19   Thumb Code    60  oled_user.o(.text)
    OLED_DrawLine_Y                          0x08003d55   Thumb Code    46  oled_user.o(.text)
    OLED_DrawLine                            0x08003d83   Thumb Code   264  oled_user.o(.text)
    OLED_DrawRectangle                       0x08003e8b   Thumb Code    86  oled_user.o(.text)
    OLED_DrawCircle                          0x08003ee1   Thumb Code   230  oled_user.o(.text)
    OLED_FillRectangle                       0x08003fc7   Thumb Code    70  oled_user.o(.text)
    OLED_ClearBuffer                         0x0800400d   Thumb Code    36  oled_user.o(.text)
    OLED_Put6x12Num                          0x08004031   Thumb Code   204  oled_user.o(.text)
    OLED_Put6x12Num1dot                      0x080040fd   Thumb Code   208  oled_user.o(.text)
    OLED_Put5x7Num1dot                       0x080041cd   Thumb Code   202  oled_user.o(.text)
    EXTIX_Init                               0x0800429d   Thumb Code    76  exti.o(.text)
    Uln_init                                 0x080042f1   Thumb Code    60  uln.o(.text)
    Uln_Trig                                 0x0800432d   Thumb Code    66  uln.o(.text)
    EXTI0_IRQHandler                         0x0800436f   Thumb Code    42  uln.o(.text)
    Traversing_GPIO_Init                     0x080043b9   Thumb Code    34  traversing.o(.text)
    Auto_Traversing                          0x080043db   Thumb Code   126  traversing.o(.text)
    SysTick_Init                             0x08004465   Thumb Code   106  delay.o(.text)
    Delay_us                                 0x080044cf   Thumb Code    28  delay.o(.text)
    Delay_ms                                 0x080044eb   Thumb Code    30  delay.o(.text)
    MY_NVIC_SetVectorTable                   0x08004519   Thumb Code    12  sys.o(.text)
    MY_NVIC_PriorityGroupConfig              0x08004525   Thumb Code    36  sys.o(.text)
    MY_NVIC_Init                             0x08004549   Thumb Code   106  sys.o(.text)
    Ex_NVIC_Config                           0x080045b3   Thumb Code   146  sys.o(.text)
    MYRCC_DeInit                             0x08004645   Thumb Code    90  sys.o(.text)
    Sys_Standby                              0x0800469f   Thumb Code    68  sys.o(.text)
    Sys_Soft_Reset                           0x080046e3   Thumb Code    12  sys.o(.text)
    JTAG_Set                                 0x080046ef   Thumb Code    42  sys.o(.text)
    Stm32_Clock_Init                         0x08004719   Thumb Code   134  sys.o(.text)
    SystemInit                               0x080048af   Thumb Code    78  system_stm32f10x.o(.text)
    SystemCoreClockUpdate                    0x080048fd   Thumb Code   142  system_stm32f10x.o(.text)
    _sys_exit                                0x080049b1   Thumb Code     6  usart.o(.text)
    fputc                                    0x080049b7   Thumb Code    24  usart.o(.text)
    Uart1_NVIC_Init                          0x080049cf   Thumb Code    42  usart.o(.text)
    Uart2_NVIC_Init                          0x080049f9   Thumb Code    38  usart.o(.text)
    Uart3_NVIC_Init                          0x08004a1f   Thumb Code    42  usart.o(.text)
    Uart1_Gpio_Config                        0x08004a49   Thumb Code    64  usart.o(.text)
    Uart2_Gpio_Config                        0x08004a89   Thumb Code    66  usart.o(.text)
    Uart3_Gpio_Config                        0x08004acb   Thumb Code    70  usart.o(.text)
    Uart_Init                                0x08004b11   Thumb Code    46  usart.o(.text)
    USART_Config                             0x08004b3f   Thumb Code    62  usart.o(.text)
    USART1_Config                            0x08004b7d   Thumb Code    60  usart.o(.text)
    UART_PutChar                             0x08004bb9   Thumb Code    30  usart.o(.text)
    UART_PutStr                              0x08004bd7   Thumb Code    34  usart.o(.text)
    Uart1WriteBuf                            0x08004bf9   Thumb Code    44  usart.o(.text)
    USART1_IRQHandler                        0x08004c25   Thumb Code    26  usart.o(.text)
    USART2_IRQHandler                        0x08004c3f   Thumb Code    26  usart.o(.text)
    USART3_IRQHandler                        0x08004c59   Thumb Code   116  usart.o(.text)
    main                                     0x08004ced   Thumb Code   258  main.o(.text)
    NMI_Handler                              0x08004e09   Thumb Code     2  stm32f10x_it.o(.text)
    HardFault_Handler                        0x08004e0b   Thumb Code     4  stm32f10x_it.o(.text)
    MemManage_Handler                        0x08004e0f   Thumb Code     4  stm32f10x_it.o(.text)
    BusFault_Handler                         0x08004e13   Thumb Code     4  stm32f10x_it.o(.text)
    UsageFault_Handler                       0x08004e17   Thumb Code     4  stm32f10x_it.o(.text)
    SVC_Handler                              0x08004e1b   Thumb Code     2  stm32f10x_it.o(.text)
    DebugMon_Handler                         0x08004e1d   Thumb Code     2  stm32f10x_it.o(.text)
    PendSV_Handler                           0x08004e1f   Thumb Code     2  stm32f10x_it.o(.text)
    SysTick_Handler                          0x08004e21   Thumb Code     2  stm32f10x_it.o(.text)
    TIM1_UP_IRQHandler                       0x08004e23   Thumb Code    34  stm32f10x_it.o(.text)
    Avoid_Control                            0x08004e49   Thumb Code    70  control.o(.text)
    Car_Control                              0x08004e8f   Thumb Code    64  control.o(.text)
    Ps2_Control                              0x08004ecf   Thumb Code   470  control.o(.text)
    TIM6_IRQHandler                          0x080050a5   Thumb Code   496  control.o(.text)
    Line_Control                             0x08005295   Thumb Code    50  control.o(.text)
    PID_Init                                 0x080052c7   Thumb Code   166  control.o(.text)
    Get_MxMi                                 0x0800536d   Thumb Code    40  control.o(.text)
    map                                      0x08005395   Thumb Code    72  control.o(.text)
    Display_Menux                            0x080053ed   Thumb Code   126  ui.o(.text)
    Standby_Mode                             0x0800546b   Thumb Code   256  ui.o(.text)
    Ps2_Mode                                 0x0800556b   Thumb Code   258  ui.o(.text)
    Blutooth_Mode                            0x0800566d   Thumb Code   250  ui.o(.text)
    Tracking_Mode                            0x08005767   Thumb Code   310  ui.o(.text)
    Avoid_Mode                               0x0800589d   Thumb Code   284  ui.o(.text)
    Line_Mode                                0x080059b9   Thumb Code   272  ui.o(.text)
    __use_no_semihosting                     0x08005af5   Thumb Code     2  use_no_semi_2.o(.text)
    atol                                     0x08005af7   Thumb Code    26  atol.o(.text)
    strchr                                   0x08005b11   Thumb Code    20  strchr.o(.text)
    strstr                                   0x08005b25   Thumb Code    36  strstr.o(.text)
    strncmp                                  0x08005b49   Thumb Code   150  strncmp.o(.text)
    __use_two_region_memory                  0x08005bdf   Thumb Code     2  heapauxi.o(.text)
    __rt_heap_escrow$2region                 0x08005be1   Thumb Code     2  heapauxi.o(.text)
    __rt_heap_expand$2region                 0x08005be3   Thumb Code     2  heapauxi.o(.text)
    __I$use$semihosting                      0x08005be5   Thumb Code     0  use_no_semi.o(.text)
    __use_no_semihosting_swi                 0x08005be5   Thumb Code     2  use_no_semi.o(.text)
    __aeabi_errno_addr                       0x08005be9   Thumb Code     8  rt_errno_addr_intlibspace.o(.text)
    __errno$intlibspace                      0x08005be9   Thumb Code     0  rt_errno_addr_intlibspace.o(.text)
    __rt_errno_addr$intlibspace              0x08005be9   Thumb Code     0  rt_errno_addr_intlibspace.o(.text)
    strtol                                   0x08005bf1   Thumb Code   112  strtol.o(.text)
    __user_libspace                          0x08005c61   Thumb Code     8  libspace.o(.text)
    __user_perproc_libspace                  0x08005c61   Thumb Code     0  libspace.o(.text)
    __user_perthread_libspace                0x08005c61   Thumb Code     0  libspace.o(.text)
    __rt_ctype_table                         0x08005c69   Thumb Code    16  rt_ctype_table.o(.text)
    _strtoul                                 0x08005c79   Thumb Code   158  _strtoul.o(.text)
    __user_setup_stackheap                   0x08005d17   Thumb Code    74  sys_stackheap_outer.o(.text)
    __rt_locale                              0x08005d61   Thumb Code     8  rt_locale_intlibspace.o(.text)
    _chval                                   0x08005d69   Thumb Code    28  _chval.o(.text)
    exit                                     0x08005d85   Thumb Code    18  exit.o(.text)
    strcmp                                   0x08005d99   Thumb Code   128  strcmpv7m.o(.text)
    _get_lc_ctype                            0x08005e19   Thumb Code    44  lc_ctype_c.o(locale$$code)
    __aeabi_fadd                             0x08005e45   Thumb Code     0  faddsub_clz.o(x$fpl$fadd)
    _fadd                                    0x08005e45   Thumb Code   196  faddsub_clz.o(x$fpl$fadd)
    __fpl_fcmp_Inf                           0x08005f09   Thumb Code    24  fcmpi.o(x$fpl$fcmpinf)
    __aeabi_fdiv                             0x08005f21   Thumb Code     0  fdiv.o(x$fpl$fdiv)
    _fdiv                                    0x08005f21   Thumb Code   384  fdiv.o(x$fpl$fdiv)
    __aeabi_cfcmpeq                          0x080060a5   Thumb Code     0  feqf.o(x$fpl$feqf)
    _fcmpeq                                  0x080060a5   Thumb Code   104  feqf.o(x$fpl$feqf)
    __aeabi_f2iz                             0x0800610d   Thumb Code     0  ffix.o(x$fpl$ffix)
    _ffix                                    0x0800610d   Thumb Code    54  ffix.o(x$fpl$ffix)
    __aeabi_f2uiz                            0x08006145   Thumb Code     0  ffixu.o(x$fpl$ffixu)
    _ffixu                                   0x08006145   Thumb Code    62  ffixu.o(x$fpl$ffixu)
    __aeabi_i2f                              0x08006185   Thumb Code     0  fflt_clz.o(x$fpl$fflt)
    _fflt                                    0x08006185   Thumb Code    48  fflt_clz.o(x$fpl$fflt)
    __aeabi_ui2f                             0x080061b5   Thumb Code     0  fflt_clz.o(x$fpl$ffltu)
    _ffltu                                   0x080061b5   Thumb Code    38  fflt_clz.o(x$fpl$ffltu)
    __aeabi_cfcmple                          0x080061dd   Thumb Code     0  fleqf.o(x$fpl$fleqf)
    _fcmple                                  0x080061dd   Thumb Code   104  fleqf.o(x$fpl$fleqf)
    __fpl_fcmple_InfNaN                      0x0800622f   Thumb Code     0  fleqf.o(x$fpl$fleqf)
    __aeabi_fmul                             0x08006245   Thumb Code     0  fmul.o(x$fpl$fmul)
    _fmul                                    0x08006245   Thumb Code   258  fmul.o(x$fpl$fmul)
    __fpl_fnaninf                            0x08006347   Thumb Code   140  fnaninf.o(x$fpl$fnaninf)
    __fpl_fretinf                            0x080063d3   Thumb Code    10  fretinf.o(x$fpl$fretinf)
    __aeabi_cfrcmple                         0x080063dd   Thumb Code     0  frleqf.o(x$fpl$frleqf)
    _frcmple                                 0x080063dd   Thumb Code    98  frleqf.o(x$fpl$frleqf)
    __aeabi_fsub                             0x08006441   Thumb Code     0  faddsub_clz.o(x$fpl$fsub)
    _fsub                                    0x08006441   Thumb Code   234  faddsub_clz.o(x$fpl$fsub)
    __I$use$fp                               0x0800652a   Number         0  usenofp.o(x$fpl$usenofp)
    ASCII5x7                                 0x080078ae   Data         480  oled_user.o(.constdata)
    Region$$Table$$Base                      0x0800a310   Number         0  anon$$obj.o(Region$$Table)
    Region$$Table$$Limit                     0x0800a330   Number         0  anon$$obj.o(Region$$Table)
    __ctype                                  0x0800a33d   Data           0  lc_ctype_c.o(locale$$data)
    Handkey                                  0x20000014   Data           2  ps2.o(.data)
    Comd                                     0x20000016   Data           2  ps2.o(.data)
    MASK                                     0x20000018   Data          32  ps2.o(.data)
    UartRec                                  0x20000038   Data          16  control_app.o(.data)
    output_mv                                0x20000048   Data           4  control_app.o(.data)
    output_mv2                               0x2000004c   Data           4  control_app.o(.data)
    pwm_num                                  0x20000050   Data           4  control_app.o(.data)
    count1                                   0x20000054   Data           1  servor.o(.data)
    ServoPwmDuty                             0x20000056   Data          16  servor.o(.data)
    ServoPwmDutySet                          0x20000066   Data          16  servor.o(.data)
    ServoPwmDutyHaveChange                   0x20000076   Data           1  servor.o(.data)
    ServoTime                                0x20000078   Data           2  servor.o(.data)
    Encoder                                  0x2000007e   Data           8  encoder.o(.data)
    Encoder_Sum                              0x20000086   Data           8  encoder.o(.data)
    Distance1                                0x20000090   Data           4  uln.o(.data)
    TimeOut_Flag1                            0x20000094   Data           1  uln.o(.data)
    SystemCoreClock                          0x20000098   Data           4  system_stm32f10x.o(.data)
    AHBPrescTable                            0x2000009c   Data          16  system_stm32f10x.o(.data)
    flag_RecFul                              0x200000ac   Data           1  usart.o(.data)
    __stdout                                 0x200000b0   Data           4  usart.o(.data)
    time                                     0x200000b8   Data           1  control.o(.data)
    led_time                                 0x200000b9   Data           1  control.o(.data)
    LX                                       0x200000ba   Data           1  control.o(.data)
    LY                                       0x200000bb   Data           1  control.o(.data)
    ARMED                                    0x200000bc   Data           1  control.o(.data)
    Voltage_Count                            0x200000c0   Data           4  control.o(.data)
    Voltage_All                              0x200000c4   Data           4  control.o(.data)
    nmr                                      0x200000c8   Data           1  control.o(.data)
    RC_Last                                  0x200000ca   Data           2  control.o(.data)
    Contorl_stick                            0x200000cc   Data           1  control.o(.data)
    PS2_Stick                                0x200000cd   Data           1  control.o(.data)
    PS2_Flag                                 0x200000ce   Data           1  control.o(.data)
    ServoCount                               0x200000cf   Data           1  control.o(.data)
    ULtrig                                   0x200000d0   Data           1  control.o(.data)
    key                                      0x200000d4   Data           4  control.o(.data)
    Keytimes                                 0x200000d8   Data           2  ui.o(.data)
    Kaysta                                   0x200000da   Data           1  ui.o(.data)
    WorkMode                                 0x200000db   Data           1  ui.o(.data)
    stage_ct                                 0x200000dc   Data           4  ui.o(.data)
    Voltage                                  0x200000e0   Data           4  ui.o(.data)
    Menux                                    0x200000e4   Data           1  ui.o(.data)
    UI_Display_Flag                          0x200000e5   Data           1  ui.o(.data)
    PS2_CH                                   0x200000e6   Data           6  ui.o(.data)
    Control_Flag                             0x200000ec   Data           1  ui.o(.data)
    Title_Strings                            0x200000ed   Data          65  ui.o(.data)
    StandbyUI_String                         0x2000012e   Data         126  ui.o(.data)
    StandbyUI_String2                        0x200001ac   Data          42  ui.o(.data)
    SettingUI_String                         0x200001d6   Data          44  ui.o(.data)
    Data                                     0x20000204   Data           9  ps2.o(.bss)
    ServoPwmDutyInc                          0x20000210   Data          32  servor.o(.bss)
    OLED_Buffer                              0x20000230   Data        1024  oled_user.o(.bss)
    redata                                   0x20000630   Data         500  usart.o(.bss)
    Motor_Speed                              0x20000824   Data          16  control.o(.bss)
    Motor_DrctAdj                            0x20000834   Data          16  control.o(.bss)
    PID_Motor                                0x20000844   Data         160  control.o(.bss)
    __libspace_start                         0x200008e4   Data          96  libspace.o(.bss)
    __temporary_stack_top$libspace           0x20000944   Data           0  libspace.o(.bss)



==============================================================================

Memory Map of the image

  Image Entry point : 0x08000131

  Load Region LR_IROM1 (Base: 0x08000000, Size: 0x0000a644, Max: 0x00040000, ABSOLUTE, COMPRESSED[0x0000a550])

    Execution Region ER_IROM1 (Exec base: 0x08000000, Load base: 0x08000000, Size: 0x0000a440, Max: 0x00040000, ABSOLUTE)

    Exec Addr    Load Addr    Size         Type   Attr      Idx    E Section Name        Object

    0x08000000   0x08000000   0x00000130   Data   RO           19    RESET               startup_stm32f10x_hd.o
    0x08000130   0x08000130   0x00000008   Code   RO          838  * !!!main             c_w.l(__main.o)
    0x08000138   0x08000138   0x00000034   Code   RO         1059    !!!scatter          c_w.l(__scatter.o)
    0x0800016c   0x0800016c   0x0000005a   Code   RO         1057    !!dczerorl2         c_w.l(__dczerorl2.o)
    0x080001c6   0x080001c6   0x00000002   PAD
    0x080001c8   0x080001c8   0x0000001c   Code   RO         1061    !!handler_zi        c_w.l(__scatter_zi.o)
    0x080001e4   0x080001e4   0x00000002   Code   RO          930    .ARM.Collect$$libinit$$00000000  c_w.l(libinit.o)
    0x080001e6   0x080001e6   0x00000000   Code   RO          936    .ARM.Collect$$libinit$$00000002  c_w.l(libinit2.o)
    0x080001e6   0x080001e6   0x00000000   Code   RO          938    .ARM.Collect$$libinit$$00000004  c_w.l(libinit2.o)
    0x080001e6   0x080001e6   0x00000000   Code   RO          941    .ARM.Collect$$libinit$$0000000A  c_w.l(libinit2.o)
    0x080001e6   0x080001e6   0x00000000   Code   RO          943    .ARM.Collect$$libinit$$0000000C  c_w.l(libinit2.o)
    0x080001e6   0x080001e6   0x00000000   Code   RO          945    .ARM.Collect$$libinit$$0000000E  c_w.l(libinit2.o)
    0x080001e6   0x080001e6   0x00000006   Code   RO          946    .ARM.Collect$$libinit$$0000000F  c_w.l(libinit2.o)
    0x080001ec   0x080001ec   0x00000000   Code   RO          948    .ARM.Collect$$libinit$$00000011  c_w.l(libinit2.o)
    0x080001ec   0x080001ec   0x0000000c   Code   RO          949    .ARM.Collect$$libinit$$00000012  c_w.l(libinit2.o)
    0x080001f8   0x080001f8   0x00000000   Code   RO          950    .ARM.Collect$$libinit$$00000013  c_w.l(libinit2.o)
    0x080001f8   0x080001f8   0x00000000   Code   RO          952    .ARM.Collect$$libinit$$00000015  c_w.l(libinit2.o)
    0x080001f8   0x080001f8   0x00000000   Code   RO          954    .ARM.Collect$$libinit$$00000017  c_w.l(libinit2.o)
    0x080001f8   0x080001f8   0x00000000   Code   RO          956    .ARM.Collect$$libinit$$00000019  c_w.l(libinit2.o)
    0x080001f8   0x080001f8   0x00000000   Code   RO          958    .ARM.Collect$$libinit$$0000001B  c_w.l(libinit2.o)
    0x080001f8   0x080001f8   0x00000000   Code   RO          960    .ARM.Collect$$libinit$$0000001D  c_w.l(libinit2.o)
    0x080001f8   0x080001f8   0x00000000   Code   RO          962    .ARM.Collect$$libinit$$0000001F  c_w.l(libinit2.o)
    0x080001f8   0x080001f8   0x00000000   Code   RO          964    .ARM.Collect$$libinit$$00000021  c_w.l(libinit2.o)
    0x080001f8   0x080001f8   0x00000000   Code   RO          966    .ARM.Collect$$libinit$$00000023  c_w.l(libinit2.o)
    0x080001f8   0x080001f8   0x00000000   Code   RO          968    .ARM.Collect$$libinit$$00000025  c_w.l(libinit2.o)
    0x080001f8   0x080001f8   0x00000000   Code   RO          972    .ARM.Collect$$libinit$$0000002C  c_w.l(libinit2.o)
    0x080001f8   0x080001f8   0x00000000   Code   RO          974    .ARM.Collect$$libinit$$0000002E  c_w.l(libinit2.o)
    0x080001f8   0x080001f8   0x00000000   Code   RO          976    .ARM.Collect$$libinit$$00000030  c_w.l(libinit2.o)
    0x080001f8   0x080001f8   0x00000000   Code   RO          978    .ARM.Collect$$libinit$$00000032  c_w.l(libinit2.o)
    0x080001f8   0x080001f8   0x00000002   Code   RO          979    .ARM.Collect$$libinit$$00000033  c_w.l(libinit2.o)
    0x080001fa   0x080001fa   0x00000002   Code   RO          997    .ARM.Collect$$libshutdown$$00000000  c_w.l(libshutdown.o)
    0x080001fc   0x080001fc   0x00000000   Code   RO         1007    .ARM.Collect$$libshutdown$$00000002  c_w.l(libshutdown2.o)
    0x080001fc   0x080001fc   0x00000000   Code   RO         1009    .ARM.Collect$$libshutdown$$00000004  c_w.l(libshutdown2.o)
    0x080001fc   0x080001fc   0x00000000   Code   RO         1011    .ARM.Collect$$libshutdown$$00000006  c_w.l(libshutdown2.o)
    0x080001fc   0x080001fc   0x00000000   Code   RO         1014    .ARM.Collect$$libshutdown$$00000009  c_w.l(libshutdown2.o)
    0x080001fc   0x080001fc   0x00000000   Code   RO         1017    .ARM.Collect$$libshutdown$$0000000C  c_w.l(libshutdown2.o)
    0x080001fc   0x080001fc   0x00000000   Code   RO         1019    .ARM.Collect$$libshutdown$$0000000E  c_w.l(libshutdown2.o)
    0x080001fc   0x080001fc   0x00000000   Code   RO         1022    .ARM.Collect$$libshutdown$$00000011  c_w.l(libshutdown2.o)
    0x080001fc   0x080001fc   0x00000002   Code   RO         1023    .ARM.Collect$$libshutdown$$00000012  c_w.l(libshutdown2.o)
    0x080001fe   0x080001fe   0x00000000   Code   RO          874    .ARM.Collect$$rtentry$$00000000  c_w.l(__rtentry.o)
    0x080001fe   0x080001fe   0x00000000   Code   RO          893    .ARM.Collect$$rtentry$$00000002  c_w.l(__rtentry2.o)
    0x080001fe   0x080001fe   0x00000006   Code   RO          905    .ARM.Collect$$rtentry$$00000004  c_w.l(__rtentry4.o)
    0x08000204   0x08000204   0x00000000   Code   RO          895    .ARM.Collect$$rtentry$$00000009  c_w.l(__rtentry2.o)
    0x08000204   0x08000204   0x00000004   Code   RO          896    .ARM.Collect$$rtentry$$0000000A  c_w.l(__rtentry2.o)
    0x08000208   0x08000208   0x00000000   Code   RO          898    .ARM.Collect$$rtentry$$0000000C  c_w.l(__rtentry2.o)
    0x08000208   0x08000208   0x00000008   Code   RO          899    .ARM.Collect$$rtentry$$0000000D  c_w.l(__rtentry2.o)
    0x08000210   0x08000210   0x00000002   Code   RO          931    .ARM.Collect$$rtexit$$00000000  c_w.l(rtexit.o)
    0x08000212   0x08000212   0x00000000   Code   RO          981    .ARM.Collect$$rtexit$$00000002  c_w.l(rtexit2.o)
    0x08000212   0x08000212   0x00000004   Code   RO          982    .ARM.Collect$$rtexit$$00000003  c_w.l(rtexit2.o)
    0x08000216   0x08000216   0x00000006   Code   RO          983    .ARM.Collect$$rtexit$$00000004  c_w.l(rtexit2.o)
    0x0800021c   0x0800021c   0x0000000c   Code   RO          679    .emb_text           sys.o
    0x08000228   0x08000228   0x00000040   Code   RO           20    .text               startup_stm32f10x_hd.o
    0x08000268   0x08000268   0x000000dc   Code   RO           24    .text               misc.o
    0x08000344   0x08000344   0x0000035c   Code   RO          233    .text               stm32f10x_gpio.o
    0x080006a0   0x080006a0   0x000003a4   Code   RO          290    .text               stm32f10x_rcc.o
    0x08000a44   0x08000a44   0x00000e1a   Code   RO          346    .text               stm32f10x_tim.o
    0x0800185e   0x0800185e   0x00000002   PAD
    0x08001860   0x08001860   0x00000408   Code   RO          358    .text               stm32f10x_usart.o
    0x08001c68   0x08001c68   0x00000120   Code   RO          406    .text               timer.o
    0x08001d88   0x08001d88   0x00000214   Code   RO          421    .text               ps2.o
    0x08001f9c   0x08001f9c   0x00000088   Code   RO          447    .text               beep.o
    0x08002024   0x08002024   0x000006b8   Code   RO          462    .text               control_app.o
    0x080026dc   0x080026dc   0x00000378   Code   RO          493    .text               servor.o
    0x08002a54   0x08002a54   0x00000278   Code   RO          509    .text               motor.o
    0x08002ccc   0x08002ccc   0x0000018c   Code   RO          521    .text               adc.o
    0x08002e58   0x08002e58   0x00000024   Code   RO          536    .text               key.o
    0x08002e7c   0x08002e7c   0x000002a0   Code   RO          551    .text               oled.o
    0x0800311c   0x0800311c   0x00001180   Code   RO          566    .text               oled_user.o
    0x0800429c   0x0800429c   0x00000054   Code   RO          612    .text               exti.o
    0x080042f0   0x080042f0   0x000000c8   Code   RO          627    .text               uln.o
    0x080043b8   0x080043b8   0x000000ac   Code   RO          645    .text               traversing.o
    0x08004464   0x08004464   0x000000b4   Code   RO          660    .text               delay.o
    0x08004518   0x08004518   0x000002b8   Code   RO          680    .text               sys.o
    0x080047d0   0x080047d0   0x000001e0   Code   RO          695    .text               system_stm32f10x.o
    0x080049b0   0x080049b0   0x0000033c   Code   RO          713    .text               usart.o
    0x08004cec   0x08004cec   0x0000011c   Code   RO          733    .text               main.o
    0x08004e08   0x08004e08   0x00000040   Code   RO          772    .text               stm32f10x_it.o
    0x08004e48   0x08004e48   0x000005a4   Code   RO          784    .text               control.o
    0x080053ec   0x080053ec   0x00000708   Code   RO          804    .text               ui.o
    0x08005af4   0x08005af4   0x00000002   Code   RO          826    .text               c_w.l(use_no_semi_2.o)
    0x08005af6   0x08005af6   0x0000001a   Code   RO          828    .text               c_w.l(atol.o)
    0x08005b10   0x08005b10   0x00000014   Code   RO          830    .text               c_w.l(strchr.o)
    0x08005b24   0x08005b24   0x00000024   Code   RO          832    .text               c_w.l(strstr.o)
    0x08005b48   0x08005b48   0x00000096   Code   RO          834    .text               c_w.l(strncmp.o)
    0x08005bde   0x08005bde   0x00000006   Code   RO          836    .text               c_w.l(heapauxi.o)
    0x08005be4   0x08005be4   0x00000002   Code   RO          872    .text               c_w.l(use_no_semi.o)
    0x08005be6   0x08005be6   0x00000002   PAD
    0x08005be8   0x08005be8   0x00000008   Code   RO          878    .text               c_w.l(rt_errno_addr_intlibspace.o)
    0x08005bf0   0x08005bf0   0x00000070   Code   RO          880    .text               c_w.l(strtol.o)
    0x08005c60   0x08005c60   0x00000008   Code   RO          889    .text               c_w.l(libspace.o)
    0x08005c68   0x08005c68   0x00000010   Code   RO          907    .text               c_w.l(rt_ctype_table.o)
    0x08005c78   0x08005c78   0x0000009e   Code   RO          909    .text               c_w.l(_strtoul.o)
    0x08005d16   0x08005d16   0x0000004a   Code   RO          911    .text               c_w.l(sys_stackheap_outer.o)
    0x08005d60   0x08005d60   0x00000008   Code   RO          916    .text               c_w.l(rt_locale_intlibspace.o)
    0x08005d68   0x08005d68   0x0000001c   Code   RO          918    .text               c_w.l(_chval.o)
    0x08005d84   0x08005d84   0x00000012   Code   RO          923    .text               c_w.l(exit.o)
    0x08005d96   0x08005d96   0x00000002   PAD
    0x08005d98   0x08005d98   0x00000080   Code   RO          933    .text               c_w.l(strcmpv7m.o)
    0x08005e18   0x08005e18   0x0000002c   Code   RO          921    locale$$code        c_w.l(lc_ctype_c.o)
    0x08005e44   0x08005e44   0x000000c4   Code   RO          840    x$fpl$fadd          fz_ws.l(faddsub_clz.o)
    0x08005f08   0x08005f08   0x00000018   Code   RO          882    x$fpl$fcmpinf       fz_ws.l(fcmpi.o)
    0x08005f20   0x08005f20   0x00000184   Code   RO          847    x$fpl$fdiv          fz_ws.l(fdiv.o)
    0x080060a4   0x080060a4   0x00000068   Code   RO          850    x$fpl$feqf          fz_ws.l(feqf.o)
    0x0800610c   0x0800610c   0x00000036   Code   RO          852    x$fpl$ffix          fz_ws.l(ffix.o)
    0x08006142   0x08006142   0x00000002   PAD
    0x08006144   0x08006144   0x0000003e   Code   RO          856    x$fpl$ffixu         fz_ws.l(ffixu.o)
    0x08006182   0x08006182   0x00000002   PAD
    0x08006184   0x08006184   0x00000030   Code   RO          861    x$fpl$fflt          fz_ws.l(fflt_clz.o)
    0x080061b4   0x080061b4   0x00000026   Code   RO          860    x$fpl$ffltu         fz_ws.l(fflt_clz.o)
    0x080061da   0x080061da   0x00000002   PAD
    0x080061dc   0x080061dc   0x00000068   Code   RO          866    x$fpl$fleqf         fz_ws.l(fleqf.o)
    0x08006244   0x08006244   0x00000102   Code   RO          868    x$fpl$fmul          fz_ws.l(fmul.o)
    0x08006346   0x08006346   0x0000008c   Code   RO          884    x$fpl$fnaninf       fz_ws.l(fnaninf.o)
    0x080063d2   0x080063d2   0x0000000a   Code   RO          886    x$fpl$fretinf       fz_ws.l(fretinf.o)
    0x080063dc   0x080063dc   0x00000062   Code   RO          870    x$fpl$frleqf        fz_ws.l(frleqf.o)
    0x0800643e   0x0800643e   0x00000002   PAD
    0x08006440   0x08006440   0x000000ea   Code   RO          842    x$fpl$fsub          fz_ws.l(faddsub_clz.o)
    0x0800652a   0x0800652a   0x00000000   Code   RO          888    x$fpl$usenofp       fz_ws.l(usenofp.o)
    0x0800652a   0x0800652a   0x00003de4   Data   RO          568    .constdata          oled_user.o
    0x0800a30e   0x0800a30e   0x00000002   PAD
    0x0800a310   0x0800a310   0x00000020   Data   RO         1055    Region$$Table       anon$$obj.o
    0x0800a330   0x0800a330   0x00000110   Data   RO          920    locale$$data        c_w.l(lc_ctype_c.o)


    Execution Region RW_IRAM1 (Exec base: 0x20000000, Load base: 0x0800a440, Size: 0x00000f48, Max: 0x0000c000, ABSOLUTE, COMPRESSED[0x00000110])

    Exec Addr    Load Addr    Size         Type   Attr      Idx    E Section Name        Object

    0x20000000   COMPRESSED   0x00000014   Data   RW          291    .data               stm32f10x_rcc.o
    0x20000014   COMPRESSED   0x00000024   Data   RW          423    .data               ps2.o
    0x20000038   COMPRESSED   0x0000001c   Data   RW          463    .data               control_app.o
    0x20000054   COMPRESSED   0x0000002a   Data   RW          495    .data               servor.o
    0x2000007e   COMPRESSED   0x00000010   Data   RW          595    .data               encoder.o
    0x2000008e   COMPRESSED   0x00000002   PAD
    0x20000090   COMPRESSED   0x00000005   Data   RW          628    .data               uln.o
    0x20000095   COMPRESSED   0x00000003   PAD
    0x20000098   COMPRESSED   0x00000014   Data   RW          696    .data               system_stm32f10x.o
    0x200000ac   COMPRESSED   0x0000000c   Data   RW          715    .data               usart.o
    0x200000b8   COMPRESSED   0x00000020   Data   RW          786    .data               control.o
    0x200000d8   COMPRESSED   0x0000012b   Data   RW          805    .data               ui.o
    0x20000203   COMPRESSED   0x00000001   PAD
    0x20000204        -       0x00000009   Zero   RW          422    .bss                ps2.o
    0x2000020d   COMPRESSED   0x00000003   PAD
    0x20000210        -       0x00000020   Zero   RW          494    .bss                servor.o
    0x20000230        -       0x00000400   Zero   RW          567    .bss                oled_user.o
    0x20000630        -       0x000001f4   Zero   RW          714    .bss                usart.o
    0x20000824        -       0x000000c0   Zero   RW          785    .bss                control.o
    0x200008e4        -       0x00000060   Zero   RW          890    .bss                c_w.l(libspace.o)
    0x20000944   COMPRESSED   0x00000004   PAD
    0x20000948        -       0x00000200   Zero   RW           18    HEAP                startup_stm32f10x_hd.o
    0x20000b48        -       0x00000400   Zero   RW           17    STACK               startup_stm32f10x_hd.o


==============================================================================

Image component sizes


      Code (inc. data)   RO Data    RW Data    ZI Data      Debug   Object Name

       396         16          0          0          0        947   adc.o
       136          4          0          0          0        813   beep.o
      1444        118          0         32        192       4627   control.o
      1720        230          0         28          0       8708   control_app.o
         0          0          0          0          0       4532   core_cm3.o
       180         16          0          0          0      16020   delay.o
         0          0          0         16          0        570   encoder.o
        84          8          0          0          0        453   exti.o
        36          4          0          0          0        467   key.o
         0          0          0          0          0       1736   led.o
       284         42          0          0          0        619   main.o
       220         22          0          0          0     249853   misc.o
       632         44          0          0          0       1149   motor.o
       672         16          0          0          0       2249   oled.o
      4480         62      15844          0       1024      15037   oled_user.o
       532         28          0         36          9       2499   ps2.o
       888         78          0         42         32       2762   servor.o
        64         26        304          0       1536        788   startup_stm32f10x_hd.o
       860         38          0          0          0       5653   stm32f10x_gpio.o
        64          4          0          0          0       1389   stm32f10x_it.o
       932         36          0         20          0       8808   stm32f10x_rcc.o
      3610         88          0          0          0      22764   stm32f10x_tim.o
      1032         22          0          0          0       8376   stm32f10x_usart.o
       708         50          0          0          0       2815   sys.o
       480         38          0         20          0       1775   system_stm32f10x.o
       288         18          0          0          0       1471   timer.o
       172         12          0          0          0        703   traversing.o
      1800        100          0        299          0       3190   ui.o
       200         32          0          5          0       1039   uln.o
       828         32          0         12        500       5627   usart.o

    ----------------------------------------------------------------------
     22744       1184      16182        516       3296     377439   Object Totals
         0          0         32          0          0          0   (incl. Generated)
         2          0          2          6          3          0   (incl. Padding)

    ----------------------------------------------------------------------

      Code (inc. data)   RO Data    RW Data    ZI Data      Debug   Library Member Name

        90          0          0          0          0          0   __dczerorl2.o
         8          0          0          0          0         68   __main.o
         0          0          0          0          0          0   __rtentry.o
        12          0          0          0          0          0   __rtentry2.o
         6          0          0          0          0          0   __rtentry4.o
        52          8          0          0          0          0   __scatter.o
        28          0          0          0          0          0   __scatter_zi.o
        28          0          0          0          0         68   _chval.o
       158          0          0          0          0         92   _strtoul.o
        26          0          0          0          0         80   atol.o
        18          0          0          0          0         80   exit.o
         6          0          0          0          0        152   heapauxi.o
        44         10        272          0          0         76   lc_ctype_c.o
         2          0          0          0          0          0   libinit.o
        20          0          0          0          0          0   libinit2.o
         2          0          0          0          0          0   libshutdown.o
         2          0          0          0          0          0   libshutdown2.o
         8          4          0          0         96         68   libspace.o
        16          4          0          0          0         76   rt_ctype_table.o
         8          4          0          0          0         68   rt_errno_addr_intlibspace.o
         8          4          0          0          0         68   rt_locale_intlibspace.o
         2          0          0          0          0          0   rtexit.o
        10          0          0          0          0          0   rtexit2.o
        20          0          0          0          0         68   strchr.o
       128          0          0          0          0         68   strcmpv7m.o
       150          0          0          0          0         80   strncmp.o
        36          0          0          0          0         80   strstr.o
       112          0          0          0          0         88   strtol.o
        74          0          0          0          0         80   sys_stackheap_outer.o
         2          0          0          0          0         68   use_no_semi.o
         2          0          0          0          0         68   use_no_semi_2.o
       430          8          0          0          0        168   faddsub_clz.o
        24          0          0          0          0         68   fcmpi.o
       388         76          0          0          0         96   fdiv.o
       104          4          0          0          0         84   feqf.o
        54          4          0          0          0         84   ffix.o
        62          4          0          0          0         84   ffixu.o
        86          0          0          0          0        136   fflt_clz.o
       104          4          0          0          0         84   fleqf.o
       258          4          0          0          0         84   fmul.o
       140          4          0          0          0         84   fnaninf.o
        10          0          0          0          0         68   fretinf.o
        98          0          0          0          0         68   frleqf.o
         0          0          0          0          0          0   usenofp.o

    ----------------------------------------------------------------------
      2850        142        272          0        100       2604   Library Totals
        14          0          0          0          4          0   (incl. Padding)

    ----------------------------------------------------------------------

      Code (inc. data)   RO Data    RW Data    ZI Data      Debug   Library Name

      1078         34        272          0         96       1496   c_w.l
      1758        108          0          0          0       1108   fz_ws.l

    ----------------------------------------------------------------------
      2850        142        272          0        100       2604   Library Totals

    ----------------------------------------------------------------------

==============================================================================


      Code (inc. data)   RO Data    RW Data    ZI Data      Debug   

     25594       1326      16454        516       3396     376191   Grand Totals
     25594       1326      16454        272       3396     376191   ELF Image Totals (compressed)
     25594       1326      16454        272          0          0   ROM Totals

==============================================================================

    Total RO  Size (Code + RO Data)                42048 (  41.06kB)
    Total RW  Size (RW Data + ZI Data)              3912 (   3.82kB)
    Total ROM Size (Code + RO Data + RW Data)      42320 (  41.33kB)

==============================================================================

