Component: ARM Compiler 5.06 update 7 (build 960) Tool: armlink [4d3601]

==============================================================================

Section Cross References

    startup_stm32f10x_hd.o(STACK) refers (Special) to heapauxi.o(.text) for __use_two_region_memory
    startup_stm32f10x_hd.o(HEAP) refers (Special) to heapauxi.o(.text) for __use_two_region_memory
    startup_stm32f10x_hd.o(RESET) refers (Special) to heapauxi.o(.text) for __use_two_region_memory
    startup_stm32f10x_hd.o(RESET) refers to startup_stm32f10x_hd.o(STACK) for __initial_sp
    startup_stm32f10x_hd.o(RESET) refers to startup_stm32f10x_hd.o(.text) for Reset_Handler
    startup_stm32f10x_hd.o(RESET) refers to stm32f10x_it.o(.text) for NMI_Handler
    startup_stm32f10x_hd.o(RESET) refers to uln.o(.text) for EXTI0_IRQHandler
    startup_stm32f10x_hd.o(RESET) refers to usart.o(.text) for USART1_IRQHandler
    startup_stm32f10x_hd.o(RESET) refers to control.o(.text) for TIM6_IRQHandler
    startup_stm32f10x_hd.o(.text) refers (Special) to heapauxi.o(.text) for __use_two_region_memory
    startup_stm32f10x_hd.o(.text) refers to system_stm32f10x.o(.text) for SystemInit
    startup_stm32f10x_hd.o(.text) refers to __main.o(!!!main) for __main
    startup_stm32f10x_hd.o(.text) refers to startup_stm32f10x_hd.o(HEAP) for Heap_Mem
    startup_stm32f10x_hd.o(.text) refers to startup_stm32f10x_hd.o(STACK) for Stack_Mem
    stm32f10x_adc.o(.text) refers to stm32f10x_rcc.o(.text) for RCC_APB2PeriphResetCmd
    stm32f10x_bkp.o(.text) refers to stm32f10x_rcc.o(.text) for RCC_BackupResetCmd
    stm32f10x_can.o(.text) refers to stm32f10x_rcc.o(.text) for RCC_APB1PeriphResetCmd
    stm32f10x_cec.o(.text) refers to stm32f10x_rcc.o(.text) for RCC_APB1PeriphResetCmd
    stm32f10x_dac.o(.text) refers to stm32f10x_rcc.o(.text) for RCC_APB1PeriphResetCmd
    stm32f10x_gpio.o(.text) refers to stm32f10x_rcc.o(.text) for RCC_APB2PeriphResetCmd
    stm32f10x_i2c.o(.text) refers to stm32f10x_rcc.o(.text) for RCC_APB1PeriphResetCmd
    stm32f10x_pwr.o(.text) refers to stm32f10x_rcc.o(.text) for RCC_APB1PeriphResetCmd
    stm32f10x_rcc.o(.text) refers to stm32f10x_rcc.o(.data) for APBAHBPrescTable
    stm32f10x_spi.o(.text) refers to stm32f10x_rcc.o(.text) for RCC_APB2PeriphResetCmd
    stm32f10x_tim.o(.text) refers to stm32f10x_rcc.o(.text) for RCC_APB2PeriphResetCmd
    stm32f10x_usart.o(.text) refers to stm32f10x_rcc.o(.text) for RCC_APB2PeriphResetCmd
    stm32f10x_wwdg.o(.text) refers to stm32f10x_rcc.o(.text) for RCC_APB1PeriphResetCmd
    led.o(.text) refers to stm32f10x_rcc.o(.text) for RCC_APB2PeriphClockCmd
    led.o(.text) refers to stm32f10x_gpio.o(.text) for GPIO_Init
    led.o(.text) refers to delay.o(.text) for Delay_ms
    timer.o(.text) refers to misc.o(.text) for NVIC_PriorityGroupConfig
    timer.o(.text) refers to stm32f10x_rcc.o(.text) for RCC_APB2PeriphClockCmd
    timer.o(.text) refers to stm32f10x_tim.o(.text) for TIM_DeInit
    timer.o(.text) refers to sys.o(.text) for MY_NVIC_Init
    ps2.o(.text) refers to stm32f10x_rcc.o(.text) for RCC_APB2PeriphClockCmd
    ps2.o(.text) refers to stm32f10x_gpio.o(.text) for GPIO_Init
    ps2.o(.text) refers to delay.o(.text) for Delay_us
    ps2.o(.text) refers to ps2.o(.bss) for Data
    ps2.o(.text) refers to ps2.o(.data) for Comd
    beep.o(.text) refers to stm32f10x_rcc.o(.text) for RCC_APB2PeriphClockCmd
    beep.o(.text) refers to stm32f10x_gpio.o(.text) for GPIO_Init
    beep.o(.text) refers to delay.o(.text) for Delay_ms
    control_app.o(.text) refers to strncmp.o(.text) for strncmp
    control_app.o(.text) refers to strstr.o(.text) for strstr
    control_app.o(.text) refers to strchr.o(.text) for strchr
    control_app.o(.text) refers to atol.o(.text) for atol
    control_app.o(.text) refers to servor.o(.text) for ServoSetPluseAndTime
    control_app.o(.text) refers to control.o(.data) for LX
    control_app.o(.text) refers to servor.o(.data) for ServoPwmDuty
    control_app.o(.text) refers to control_app.o(.data) for UartRec
    control_app.o(.text) refers to motor.o(.text) for Set_Motor
    control_app.o(.text) refers to beep.o(.text) for Beep_Test
    control_app.o(.text) refers to rt_memclr.o(.text) for __aeabi_memclr
    control_app.o(.text) refers to control.o(.bss) for Motor_Speed
    control_app.o(.text) refers to usart.o(.data) for flag_RecFul
    control_app.o(.text) refers to usart.o(.bss) for redata
    servor.o(.text) refers to fflt_clz.o(x$fpl$fflt) for __aeabi_i2f
    servor.o(.text) refers to fflt_clz.o(x$fpl$ffltu) for __aeabi_ui2f
    servor.o(.text) refers to fdiv.o(x$fpl$fdiv) for __aeabi_fdiv
    servor.o(.text) refers to fmul.o(x$fpl$fmul) for __aeabi_fmul
    servor.o(.text) refers to ffix.o(x$fpl$ffix) for __aeabi_f2iz
    servor.o(.text) refers to stm32f10x_rcc.o(.text) for RCC_APB2PeriphClockCmd
    servor.o(.text) refers to stm32f10x_gpio.o(.text) for GPIO_PinRemapConfig
    servor.o(.text) refers to servor.o(.data) for ServoPwmDutySet
[...]
    I2C2_EV_IRQHandler                       0x08000243   Thumb Code     0  startup_stm32f10x_hd.o(.text)
    PVD_IRQHandler                           0x08000243   Thumb Code     0  startup_stm32f10x_hd.o(.text)
    RCC_IRQHandler                           0x08000243   Thumb Code     0  startup_stm32f10x_hd.o(.text)
    RTCAlarm_IRQHandler                      0x08000243   Thumb Code     0  startup_stm32f10x_hd.o(.text)
    RTC_IRQHandler                           0x08000243   Thumb Code     0  startup_stm32f10x_hd.o(.text)
    SDIO_IRQHandler                          0x08000243   Thumb Code     0  startup_stm32f10x_hd.o(.text)
    SPI1_IRQHandler                          0x08000243   Thumb Code     0  startup_stm32f10x_hd.o(.text)
    SPI2_IRQHandler                          0x08000243   Thumb Code     0  startup_stm32f10x_hd.o(.text)
    SPI3_IRQHandler                          0x08000243   Thumb Code     0  startup_stm32f10x_hd.o(.text)
    TAMPER_IRQHandler                        0x08000243   Thumb Code     0  startup_stm32f10x_hd.o(.text)
    TIM1_BRK_IRQHandler                      0x08000243   Thumb Code     0  startup_stm32f10x_hd.o(.text)
    TIM1_CC_IRQHandler                       0x08000243   Thumb Code     0  startup_stm32f10x_hd.o(.text)
    TIM1_TRG_COM_IRQHandler                  0x08000243   Thumb Code     0  startup_stm32f10x_hd.o(.text)
    TIM2_IRQHandler                          0x08000243   Thumb Code     0  startup_stm32f10x_hd.o(.text)
    TIM3_IRQHandler                          0x08000243   Thumb Code     0  startup_stm32f10x_hd.o(.text)
    TIM4_IRQHandler                          0x08000243   Thumb Code     0  startup_stm32f10x_hd.o(.text)
    TIM5_IRQHandler                          0x08000243   Thumb Code     0  startup_stm32f10x_hd.o(.text)
    TIM7_IRQHandler                          0x08000243   Thumb Code     0  startup_stm32f10x_hd.o(.text)
    TIM8_BRK_IRQHandler                      0x08000243   Thumb Code     0  startup_stm32f10x_hd.o(.text)
    TIM8_CC_IRQHandler                       0x08000243   Thumb Code     0  startup_stm32f10x_hd.o(.text)
    TIM8_TRG_COM_IRQHandler                  0x08000243   Thumb Code     0  startup_stm32f10x_hd.o(.text)
    TIM8_UP_IRQHandler                       0x08000243   Thumb Code     0  startup_stm32f10x_hd.o(.text)
    UART4_IRQHandler                         0x08000243   Thumb Code     0  startup_stm32f10x_hd.o(.text)
    UART5_IRQHandler                         0x08000243   Thumb Code     0  startup_stm32f10x_hd.o(.text)
    USBWakeUp_IRQHandler                     0x08000243   Thumb Code     0  startup_stm32f10x_hd.o(.text)
    USB_HP_CAN1_TX_IRQHandler                0x08000243   Thumb Code     0  startup_stm32f10x_hd.o(.text)
    USB_LP_CAN1_RX0_IRQHandler               0x08000243   Thumb Code     0  startup_stm32f10x_hd.o(.text)
    WWDG_IRQHandler                          0x08000243   Thumb Code     0  startup_stm32f10x_hd.o(.text)
    __user_initial_stackheap                 0x08000245   Thumb Code     0  startup_stm32f10x_hd.o(.text)
    NVIC_PriorityGroupConfig                 0x08000269   Thumb Code    10  misc.o(.text)
    NVIC_Init                                0x08000273   Thumb Code   100  misc.o(.text)
    NVIC_SetVectorTable                      0x080002d7   Thumb Code    14  misc.o(.text)
    NVIC_SystemLPConfig                      0x080002e5   Thumb Code    34  misc.o(.text)
    SysTick_CLKSourceConfig                  0x08000307   Thumb Code    40  misc.o(.text)
    GPIO_DeInit                              0x08000345   Thumb Code   172  stm32f10x_gpio.o(.text)
    GPIO_AFIODeInit                          0x080003f1   Thumb Code    20  stm32f10x_gpio.o(.text)
    GPIO_Init                                0x08000405   Thumb Code   278  stm32f10x_gpio.o(.text)
    GPIO_StructInit                          0x0800051b   Thumb Code    16  stm32f10x_gpio.o(.text)
    GPIO_ReadInputDataBit                    0x0800052b   Thumb Code    18  stm32f10x_gpio.o(.text)
    GPIO_ReadInputData                       0x0800053d   Thumb Code     8  stm32f10x_gpio.o(.text)
    GPIO_ReadOutputDataBit                   0x08000545   Thumb Code    18  stm32f10x_gpio.o(.text)
    GPIO_ReadOutputData                      0x08000557   Thumb Code     8  stm32f10x_gpio.o(.text)
    GPIO_SetBits                             0x0800055f   Thumb Code     4  stm32f10x_gpio.o(.text)
    GPIO_ResetBits                           0x08000563   Thumb Code     4  stm32f10x_gpio.o(.text)
    GPIO_WriteBit                            0x08000567   Thumb Code    10  stm32f10x_gpio.o(.text)
    GPIO_Write                               0x08000571   Thumb Code     4  stm32f10x_gpio.o(.text)
    GPIO_PinLockConfig                       0x08000575   Thumb Code    18  stm32f10x_gpio.o(.text)
    GPIO_EventOutputConfig                   0x08000587   Thumb Code    26  stm32f10x_gpio.o(.text)
    GPIO_EventOutputCmd                      0x080005a1   Thumb Code     6  stm32f10x_gpio.o(.text)
    GPIO_PinRemapConfig                      0x080005a7   Thumb Code   138  stm32f10x_gpio.o(.text)
    GPIO_EXTILineConfig                      0x08000631   Thumb Code    66  stm32f10x_gpio.o(.text)
    GPIO_ETH_MediaInterfaceConfig            0x08000673   Thumb Code     8  stm32f10x_gpio.o(.text)
    RCC_DeInit                               0x080006a1   Thumb Code    64  stm32f10x_rcc.o(.text)
    RCC_HSEConfig                            0x080006e1   Thumb Code    70  stm32f10x_rcc.o(.text)
    RCC_GetFlagStatus                        0x08000727   Thumb Code    56  stm32f10x_rcc.o(.text)
    RCC_WaitForHSEStartUp                    0x0800075f   Thumb Code    56  stm32f10x_rcc.o(.text)
    RCC_AdjustHSICalibrationValue            0x08000797   Thumb Code    20  stm32f10x_rcc.o(.text)
    RCC_HSICmd                               0x080007ab   Thumb Code     6  stm32f10x_rcc.o(.text)
    RCC_PLLConfig                            0x080007b1   Thumb Code    24  stm32f10x_rcc.o(.text)
    RCC_PLLCmd                               0x080007c9   Thumb Code     6  stm32f10x_rcc.o(.text)
    RCC_SYSCLKConfig                         0x080007cf   Thumb Code    18  stm32f10x_rcc.o(.text)
    RCC_GetSYSCLKSource                      0x080007e1   Thumb Code    10  stm32f10x_rcc.o(.text)
    RCC_HCLKConfig                           0x080007eb   Thumb Code    18  stm32f10x_rcc.o(.text)
    RCC_PCLK1Config                          0x080007fd   Thumb Code    18  stm32f10x_rcc.o(.text)
    RCC_PCLK2Config                          0x0800080f   Thumb Code    20  stm32f10x_rcc.o(.text)
    RCC_ITConfig                             0x08000823   Thumb Code    26  stm32f10x_rcc.o(.text)
    RCC_USBCLKConfig                         0x0800083d   Thumb Code     8  stm32f10x_rcc.o(.text)
    RCC_ADCCLKConfig                         0x08000845   Thumb Code    18  stm32f10x_rcc.o(.text)
    RCC_LSEConfig                            0x08000857   Thumb Code    50  stm32f10x_rcc.o(.text)
    RCC_LSICmd                               0x08000889   Thumb Code     6  stm32f10x_rcc.o(.text)
    RCC_RTCCLKConfig                         0x0800088f   Thumb Code    12  stm32f10x_rcc.o(.text)
    RCC_RTCCLKCmd                            0x0800089b   Thumb Code     8  stm32f10x_rcc.o(.text)
    RCC_GetClocksFreq                        0x080008a3   Thumb Code   192  stm32f10x_rcc.o(.text)
    RCC_AHBPeriphClockCmd                    0x08000963   Thumb Code    26  stm32f10x_rcc.o(.text)
    RCC_APB2PeriphClockCmd                   0x0800097d   Thumb Code    26  stm32f10x_rcc.o(.text)
    RCC_APB1PeriphClockCmd                   0x08000997   Thumb Code    26  stm32f10x_rcc.o(.text)
    RCC_APB2PeriphResetCmd                   0x080009b1   Thumb Code    26  stm32f10x_rcc.o(.text)
    RCC_APB1PeriphResetCmd                   0x080009cb   Thumb Code    26  stm32f10x_rcc.o(.text)
    RCC_BackupResetCmd                       0x080009e5   Thumb Code     8  stm32f10x_rcc.o(.text)
    RCC_ClockSecuritySystemCmd               0x080009ed   Thumb Code     6  stm32f10x_rcc.o(.text)
    RCC_MCOConfig                            0x080009f3   Thumb Code     6  stm32f10x_rcc.o(.text)
    RCC_ClearFlag                            0x080009f9   Thumb Code    14  stm32f10x_rcc.o(.text)
    RCC_GetITStatus                          0x08000a07   Thumb Code    20  stm32f10x_rcc.o(.text)
    RCC_ClearITPendingBit                    0x08000a1b   Thumb Code     6  stm32f10x_rcc.o(.text)
    TIM_DeInit                               0x08000a45   Thumb Code   424  stm32f10x_tim.o(.text)
    TIM_TimeBaseInit                         0x08000bed   Thumb Code   122  stm32f10x_tim.o(.text)
    TIM_OC1Init                              0x08000c67   Thumb Code   132  stm32f10x_tim.o(.text)
    TIM_OC2Init                              0x08000ceb   Thumb Code   154  stm32f10x_tim.o(.text)
    TIM_OC3Init                              0x08000d85   Thumb Code   150  stm32f10x_tim.o(.text)
    TIM_OC4Init                              0x08000e1b   Thumb Code   182  stm32f10x_tim.o(.text)
    TIM_SetIC4Prescaler                      0x08000ed1   Thumb Code    26  stm32f10x_tim.o(.text)
    TIM_SetIC3Prescaler                      0x08000f6d   Thumb Code    18  stm32f10x_tim.o(.text)
    TIM_SetIC2Prescaler                      0x08000ff9   Thumb Code    26  stm32f10x_tim.o(.text)
    TIM_SetIC1Prescaler                      0x08001095   Thumb Code    18  stm32f10x_tim.o(.text)
    TIM_ICInit                               0x08001113   Thumb Code   150  stm32f10x_tim.o(.text)
    TIM_PWMIConfig                           0x080011a9   Thumb Code   124  stm32f10x_tim.o(.text)
    TIM_BDTRConfig                           0x08001225   Thumb Code    32  stm32f10x_tim.o(.text)
    TIM_TimeBaseStructInit                   0x08001245   Thumb Code    18  stm32f10x_tim.o(.text)
    TIM_OCStructInit                         0x08001257   Thumb Code    20  stm32f10x_tim.o(.text)
    TIM_ICStructInit                         0x0800126b   Thumb Code    18  stm32f10x_tim.o(.text)
    TIM_BDTRStructInit                       0x0800127d   Thumb Code    40  stm32f10x_tim.o(.text)
    TIM_Cmd                                  0x080012a5   Thumb Code    24  stm32f10x_tim.o(.text)
    TIM_CtrlPWMOutputs                       0x080012bd   Thumb Code    30  stm32f10x_tim.o(.text)
    TIM_ITConfig                             0x080012db   Thumb Code    18  stm32f10x_tim.o(.text)
    TIM_GenerateEvent                        0x080012ed   Thumb Code     4  stm32f10x_tim.o(.text)
    TIM_DMAConfig                            0x080012f1   Thumb Code    10  stm32f10x_tim.o(.text)
    TIM_DMACmd                               0x080012fb   Thumb Code    18  stm32f10x_tim.o(.text)
    TIM_InternalClockConfig                  0x0800130d   Thumb Code    12  stm32f10x_tim.o(.text)
    TIM_SelectInputTrigger                   0x08001319   Thumb Code    18  stm32f10x_tim.o(.text)
    TIM_ITRxExternalClockConfig              0x0800132b   Thumb Code    24  stm32f10x_tim.o(.text)
    TIM_TIxExternalClockConfig               0x08001343   Thumb Code    62  stm32f10x_tim.o(.text)
    TIM_ETRConfig                            0x08001381   Thumb Code    28  stm32f10x_tim.o(.text)
    TIM_ETRClockMode1Config                  0x0800139d   Thumb Code    54  stm32f10x_tim.o(.text)
    TIM_ETRClockMode2Config                  0x080013d3   Thumb Code    32  stm32f10x_tim.o(.text)
    TIM_PrescalerConfig                      0x080013f3   Thumb Code     6  stm32f10x_tim.o(.text)
    TIM_CounterModeConfig                    0x080013f9   Thumb Code    18  stm32f10x_tim.o(.text)
    TIM_EncoderInterfaceConfig               0x0800140b   Thumb Code    66  stm32f10x_tim.o(.text)
    TIM_ForcedOC1Config                      0x0800144d   Thumb Code    18  stm32f10x_tim.o(.text)
    TIM_ForcedOC2Config                      0x0800145f   Thumb Code    26  stm32f10x_tim.o(.text)
    TIM_ForcedOC3Config                      0x08001479   Thumb Code    18  stm32f10x_tim.o(.text)
    TIM_ForcedOC4Config                      0x0800148b   Thumb Code    26  stm32f10x_tim.o(.text)
    TIM_ARRPreloadConfig                     0x080014a5   Thumb Code    24  stm32f10x_tim.o(.text)
    TIM_SelectCOM                            0x080014bd   Thumb Code    24  stm32f10x_tim.o(.text)
    TIM_SelectCCDMA                          0x080014d5   Thumb Code    24  stm32f10x_tim.o(.text)
    TIM_CCPreloadControl                     0x080014ed   Thumb Code    24  stm32f10x_tim.o(.text)
    TIM_OC1PreloadConfig                     0x08001505   Thumb Code    18  stm32f10x_tim.o(.text)
    TIM_OC2PreloadConfig                     0x08001517   Thumb Code    26  stm32f10x_tim.o(.text)
    TIM_OC3PreloadConfig                     0x08001531   Thumb Code    18  stm32f10x_tim.o(.text)
    TIM_OC4PreloadConfig                     0x08001543   Thumb Code    26  stm32f10x_tim.o(.text)
    TIM_OC1FastConfig                        0x0800155d   Thumb Code    18  stm32f10x_tim.o(.text)
    TIM_OC2FastConfig                        0x0800156f   Thumb Code    26  stm32f10x_tim.o(.text)
    TIM_OC3FastConfig                        0x08001589   Thumb Code    18  stm32f10x_tim.o(.text)
    TIM_OC4FastConfig                        0x0800159b   Thumb Code    26  stm32f10x_tim.o(.text)
    TIM_ClearOC1Ref                          0x080015b5   Thumb Code    18  stm32f10x_tim.o(.text)
    TIM_ClearOC2Ref                          0x080015c7   Thumb Code    24  stm32f10x_tim.o(.text)
    TIM_ClearOC3Ref                          0x080015df   Thumb Code    18  stm32f10x_tim.o(.text)
    TIM_ClearOC4Ref                          0x080015f1   Thumb Code    24  stm32f10x_tim.o(.text)
    TIM_OC1PolarityConfig                    0x08001609   Thumb Code    18  stm32f10x_tim.o(.text)
    TIM_OC1NPolarityConfig                   0x0800161b   Thumb Code    18  stm32f10x_tim.o(.text)
    TIM_OC2PolarityConfig                    0x0800162d   Thumb Code    26  stm32f10x_tim.o(.text)
    TIM_OC2NPolarityConfig                   0x08001647   Thumb Code    26  stm32f10x_tim.o(.text)
    TIM_OC3PolarityConfig                    0x08001661   Thumb Code    26  stm32f10x_tim.o(.text)
    TIM_OC3NPolarityConfig                   0x0800167b   Thumb Code    26  stm32f10x_tim.o(.text)
    TIM_OC4PolarityConfig                    0x08001695   Thumb Code    26  stm32f10x_tim.o(.text)
    TIM_CCxCmd                               0x080016af   Thumb Code    30  stm32f10x_tim.o(.text)
    TIM_CCxNCmd                              0x080016cd   Thumb Code    30  stm32f10x_tim.o(.text)
    TIM_SelectOCxM                           0x080016eb   Thumb Code    82  stm32f10x_tim.o(.text)
    TIM_UpdateDisableConfig                  0x0800173d   Thumb Code    24  stm32f10x_tim.o(.text)
    TIM_UpdateRequestConfig                  0x08001755   Thumb Code    24  stm32f10x_tim.o(.text)
    TIM_SelectHallSensor                     0x0800176d   Thumb Code    24  stm32f10x_tim.o(.text)
    TIM_SelectOnePulseMode                   0x08001785   Thumb Code    18  stm32f10x_tim.o(.text)
    TIM_SelectOutputTrigger                  0x08001797   Thumb Code    18  stm32f10x_tim.o(.text)
    TIM_SelectSlaveMode                      0x080017a9   Thumb Code    18  stm32f10x_tim.o(.text)
    TIM_SelectMasterSlaveMode                0x080017bb   Thumb Code    18  stm32f10x_tim.o(.text)
    TIM_SetCounter                           0x080017cd   Thumb Code     4  stm32f10x_tim.o(.text)
    TIM_SetAutoreload                        0x080017d1   Thumb Code     4  stm32f10x_tim.o(.text)
    TIM_SetCompare1                          0x080017d5   Thumb Code     4  stm32f10x_tim.o(.text)
    TIM_SetCompare2                          0x080017d9   Thumb Code     4  stm32f10x_tim.o(.text)
    TIM_SetCompare3                          0x080017dd   Thumb Code     4  stm32f10x_tim.o(.text)
    TIM_SetCompare4                          0x080017e1   Thumb Code     6  stm32f10x_tim.o(.text)
    TIM_SetClockDivision                     0x080017e7   Thumb Code    18  stm32f10x_tim.o(.text)
    TIM_GetCapture1                          0x080017f9   Thumb Code     6  stm32f10x_tim.o(.text)
    TIM_GetCapture2                          0x080017ff   Thumb Code     6  stm32f10x_tim.o(.text)
    TIM_GetCapture3                          0x08001805   Thumb Code     6  stm32f10x_tim.o(.text)
    TIM_GetCapture4                          0x0800180b   Thumb Code     8  stm32f10x_tim.o(.text)
    TIM_GetCounter                           0x08001813   Thumb Code     6  stm32f10x_tim.o(.text)
    TIM_GetPrescaler                         0x08001819   Thumb Code     6  stm32f10x_tim.o(.text)
    TIM_GetFlagStatus                        0x0800181f   Thumb Code    18  stm32f10x_tim.o(.text)
    TIM_ClearFlag                            0x08001831   Thumb Code     6  stm32f10x_tim.o(.text)
    TIM_GetITStatus                          0x08001837   Thumb Code    34  stm32f10x_tim.o(.text)
    TIM_ClearITPendingBit                    0x08001859   Thumb Code     6  stm32f10x_tim.o(.text)
    USART_DeInit                             0x08001861   Thumb Code   134  stm32f10x_usart.o(.text)
    USART_Init                               0x080018e7   Thumb Code   210  stm32f10x_usart.o(.text)
    USART_StructInit                         0x080019b9   Thumb Code    24  stm32f10x_usart.o(.text)
    USART_ClockInit                          0x080019d1   Thumb Code    34  stm32f10x_usart.o(.text)
    USART_ClockStructInit                    0x080019f3   Thumb Code    12  stm32f10x_usart.o(.text)
    USART_Cmd                                0x080019ff   Thumb Code    24  stm32f10x_usart.o(.text)
    USART_ITConfig                           0x08001a17   Thumb Code    74  stm32f10x_usart.o(.text)
    USART_DMACmd                             0x08001a61   Thumb Code    18  stm32f10x_usart.o(.text)
    USART_SetAddress                         0x08001a73   Thumb Code    18  stm32f10x_usart.o(.text)
    USART_WakeUpConfig                       0x08001a85   Thumb Code    18  stm32f10x_usart.o(.text)
    USART_ReceiverWakeUpCmd                  0x08001a97   Thumb Code    24  stm32f10x_usart.o(.text)
    USART_LINBreakDetectLengthConfig         0x08001aaf   Thumb Code    18  stm32f10x_usart.o(.text)
    USART_LINCmd                             0x08001ac1   Thumb Code    24  stm32f10x_usart.o(.text)
    USART_SendData                           0x08001ad9   Thumb Code     8  stm32f10x_usart.o(.text)
    USART_ReceiveData                        0x08001ae1   Thumb Code    10  stm32f10x_usart.o(.text)
    USART_SendBreak                          0x08001aeb   Thumb Code    10  stm32f10x_usart.o(.text)
    USART_SetGuardTime                       0x08001af5   Thumb Code    16  stm32f10x_usart.o(.text)
    USART_SetPrescaler                       0x08001b05   Thumb Code    16  stm32f10x_usart.o(.text)
    USART_SmartCardCmd                       0x08001b15   Thumb Code    24  stm32f10x_usart.o(.text)
    USART_SmartCardNACKCmd                   0x08001b2d   Thumb Code    24  stm32f10x_usart.o(.text)
    USART_HalfDuplexCmd                      0x08001b45   Thumb Code    24  stm32f10x_usart.o(.text)
    USART_OverSampling8Cmd                   0x08001b5d   Thumb Code    22  stm32f10x_usart.o(.text)
    USART_OneBitMethodCmd                    0x08001b73   Thumb Code    24  stm32f10x_usart.o(.text)
    USART_IrDAConfig                         0x08001b8b   Thumb Code    18  stm32f10x_usart.o(.text)
    USART_IrDACmd                            0x08001b9d   Thumb Code    24  stm32f10x_usart.o(.text)
    USART_GetFlagStatus                      0x08001bb5   Thumb Code    26  stm32f10x_usart.o(.text)
    USART_ClearFlag                          0x08001bcf   Thumb Code    18  stm32f10x_usart.o(.text)
    USART_GetITStatus                        0x08001be1   Thumb Code    84  stm32f10x_usart.o(.text)
    USART_ClearITPendingBit                  0x08001c35   Thumb Code    52  stm32f10x_usart.o(.text)
    TIM1_NVIC_Configuration                  0x08001c69   Thumb Code    42  timer.o(.text)
    TIM1_Configuration                       0x08001c93   Thumb Code    80  timer.o(.text)
    TIM6_Int_Init                            0x08001ce3   Thumb Code    58  timer.o(.text)
    TIM7_Int_Init                            0x08001d1d   Thumb Code    54  timer.o(.text)
    Timer_Init                               0x08001d53   Thumb Code    12  timer.o(.text)
    Timer_ON                                 0x08001d5f   Thumb Code    12  timer.o(.text)
    Timer_OFF                                0x08001d6b   Thumb Code    12  timer.o(.text)
    PS2_Init                                 0x08001d89   Thumb Code    70  ps2.o(.text)
    PS2_Cmd                                  0x08001dcf   Thumb Code   124  ps2.o(.text)
    PS2_RedLight                             0x08001e4b   Thumb Code    50  ps2.o(.text)
    PS2_ReadData                             0x08001e7d   Thumb Code   162  ps2.o(.text)
    PS2_ClearData                            0x08001f1f   Thumb Code    20  ps2.o(.text)
    PS2_DataKey                              0x08001f33   Thumb Code    70  ps2.o(.text)
    PS2_AnologData                           0x08001f79   Thumb Code     8  ps2.o(.text)
    Beep_Init                                0x08001f9d   Thumb Code    50  beep.o(.text)
    Beep_Test                                0x08001fcf   Thumb Code    30  beep.o(.text)
    N_Beep                                   0x08001fed   Thumb Code    52  beep.o(.text)
    Is_Car_Front                             0x08002025   Thumb Code    16  control_app.o(.text)
    Is_Car_Back                              0x08002035   Thumb Code    16  control_app.o(.text)
    Is_Car_Left                              0x08002045   Thumb Code    16  control_app.o(.text)
    Is_Car_Right                             0x08002055   Thumb Code    36  control_app.o(.text)
    Is_Car_Speed_Add                         0x08002079   Thumb Code    24  control_app.o(.text)
    Is_Car_Speed_Slow                        0x08002091   Thumb Code    24  control_app.o(.text)
    Is_Car_KD                                0x080020a9   Thumb Code    24  control_app.o(.text)
    Is_Car_horning                           0x080020c1   Thumb Code    24  control_app.o(.text)
    Is_Car_Nohorning                         0x080020d9   Thumb Code    24  control_app.o(.text)
    Is_Car_Stop                              0x080020f1   Thumb Code    72  control_app.o(.text)
    Is_Duoji1_Angle                          0x08002139   Thumb Code    24  control_app.o(.text)
    Is_Duoji2_Angle                          0x08002151   Thumb Code    24  control_app.o(.text)
    Is_Duoji3_Angle                          0x08002169   Thumb Code    24  control_app.o(.text)
    Is_Duoji4_Angle                          0x08002181   Thumb Code    24  control_app.o(.text)
    Is_Duoji5_Angle                          0x08002199   Thumb Code    24  control_app.o(.text)
    Is_Duoji6_Angle                          0x080021b1   Thumb Code    24  control_app.o(.text)
    Is_LineControl                           0x080021c9   Thumb Code    24  control_app.o(.text)
    LX_Control                               0x080021e1   Thumb Code    44  control_app.o(.text)
    LY_Control                               0x0800220d   Thumb Code    44  control_app.o(.text)
    DJ_angle_control_1                       0x08002239   Thumb Code    44  control_app.o(.text)
    DJ_angle_control_2                       0x08002265   Thumb Code    44  control_app.o(.text)
    DJ_angle_control_3                       0x08002291   Thumb Code    44  control_app.o(.text)
    DJ_angle_control_4                       0x080022bd   Thumb Code    44  control_app.o(.text)
    DJ_angle_control_5                       0x080022e9   Thumb Code    44  control_app.o(.text)
    DJ_angle_control_6                       0x08002315   Thumb Code    44  control_app.o(.text)
    Servor_parse                             0x08002341   Thumb Code   530  control_app.o(.text)
    App_control                              0x08002553   Thumb Code   386  control_app.o(.text)
    App_control_car                          0x080026d5   Thumb Code    32  control_app.o(.text)
    ServoSetPluseAndTime                     0x08002711   Thumb Code    62  servor.o(.text)
    ServoPwmDutyCompare                      0x0800274f   Thumb Code   258  servor.o(.text)
    ServoAction                              0x08002851   Thumb Code     6  servor.o(.text)
    Servor_GPIO_Config                       0x08002857   Thumb Code   126  servor.o(.text)
    Flip_GPIO_One                            0x080028d5   Thumb Code   358  servor.o(.text)
    Servo1                                   0x08002a3b   Thumb Code    18  servor.o(.text)
    TIM5_PWM_Init                            0x08002a89   Thumb Code   210  motor.o(.text)
    Motor_Init                               0x08002b5b   Thumb Code   174  motor.o(.text)
    Set_Motor                                0x08002c09   Thumb Code   204  motor.o(.text)
    Adc_Init                                 0x08002d01   Thumb Code   280  adc.o(.text)
    Get_Adc                                  0x08002e19   Thumb Code    68  adc.o(.text)
    Get_Battery_vot                          0x08002e5d   Thumb Code    32  adc.o(.text)
    KEY_Init                                 0x08002e8d   Thumb Code    32  key.o(.text)
    OLED_I2C_Stop                            0x08002eb1   Thumb Code    48  oled.o(.text)
    OLED_I2C_Wait_Ack                        0x08002ee1   Thumb Code    76  oled.o(.text)
    OLED_I2C_Send_Byte                       0x08002f2d   Thumb Code    76  oled.o(.text)
    OLED_I2C_Start                           0x08002f79   Thumb Code    52  oled.o(.text)
    OLED_WriteCmd                            0x08002fad   Thumb Code    32  oled.o(.text)
    OLED_Set_Pos                             0x08002fcd   Thumb Code    36  oled.o(.text)
    OLED_WriteDat                            0x08002ff1   Thumb Code    32  oled.o(.text)
    OLED_Fill                                0x08003011   Thumb Code    58  oled.o(.text)
    OLED_Init                                0x0800304b   Thumb Code   246  oled.o(.text)
    OLED_Refresh_GDRAM                       0x08003151   Thumb Code    38  oled_user.o(.text)
    OLED_Refresh_AllGDRAM                    0x08003177   Thumb Code    52  oled_user.o(.text)
    OLED_Draw_FreeLink                       0x080031ab   Thumb Code    42  oled_user.o(.text)
    OLED_DrawDot                             0x080031d5   Thumb Code    88  oled_user.o(.text)
    OLED_Put12x24Char                        0x0800322d   Thumb Code   176  oled_user.o(.text)
    OLED_Put10x20Char                        0x080032dd   Thumb Code   176  oled_user.o(.text)
    OLED_Put8x16Char                         0x0800338d   Thumb Code   134  oled_user.o(.text)
    OLED_Put7x14Char                         0x08003413   Thumb Code   138  oled_user.o(.text)
    OLED_Put6x12Char                         0x0800349d   Thumb Code   138  oled_user.o(.text)
    OLED_Put5x7Char                          0x08003527   Thumb Code   174  oled_user.o(.text)
    OLED_Put24x24CNstr                       0x080035d5   Thumb Code   430  oled_user.o(.text)
    OLED_Put20x20CNstr                       0x08003783   Thumb Code   418  oled_user.o(.text)
    OLED_Put16x16CNstr                       0x08003925   Thumb Code   348  oled_user.o(.text)
    OLED_Put14x14CNstr                       0x08003a81   Thumb Code   330  oled_user.o(.text)
    OLED_Put12x12CNstr                       0x08003bcb   Thumb Code   348  oled_user.o(.text)
    OLED_Put5x7ENstr                         0x08003d27   Thumb Code    38  oled_user.o(.text)
    OLED_DrawLine_X                          0x08003d4d   Thumb Code    60  oled_user.o(.text)
    OLED_DrawLine_Y                          0x08003d89   Thumb Code    46  oled_user.o(.text)
    OLED_DrawLine                            0x08003db7   Thumb Code   264  oled_user.o(.text)
    OLED_DrawRectangle                       0x08003ebf   Thumb Code    86  oled_user.o(.text)
    OLED_DrawCircle                          0x08003f15   Thumb Code   230  oled_user.o(.text)
    OLED_FillRectangle                       0x08003ffb   Thumb Code    70  oled_user.o(.text)
    OLED_ClearBuffer                         0x08004041   Thumb Code    36  oled_user.o(.text)
    OLED_Put6x12Num                          0x08004065   Thumb Code   204  oled_user.o(.text)
    OLED_Put6x12Num1dot                      0x08004131   Thumb Code   208  oled_user.o(.text)
    OLED_Put5x7Num1dot                       0x08004201   Thumb Code   202  oled_user.o(.text)
    Encoder_Init_TIM4                        0x080042d1   Thumb Code   206  encoder.o(.text)
    Encoder_Init_TIM3                        0x0800439f   Thumb Code   206  encoder.o(.text)
    Encoder_Init_TIM2                        0x0800446d   Thumb Code   196  encoder.o(.text)
    Encoder_Init_TIM8                        0x08004531   Thumb Code   206  encoder.o(.text)
    Encoder_Init                             0x080045ff   Thumb Code    20  encoder.o(.text)
    Read_Encoder                             0x08004613   Thumb Code   146  encoder.o(.text)
    EXTIX_Init                               0x080046c9   Thumb Code    76  exti.o(.text)
    Uln_init                                 0x0800471d   Thumb Code    60  uln.o(.text)
    Uln_Trig                                 0x08004759   Thumb Code    64  uln.o(.text)
    EXTI0_IRQHandler                         0x08004799   Thumb Code    66  uln.o(.text)
    Traversing_GPIO_Init                     0x08004811   Thumb Code    34  traversing.o(.text)
    Auto_Traversing                          0x08004833   Thumb Code   126  traversing.o(.text)
    MPU_I2C_Init_IO                          0x080048bd   Thumb Code    46  mpu_i2c.o(.text)
    MPU_I2C_Start                            0x080048eb   Thumb Code    62  mpu_i2c.o(.text)
    MPU_I2C_Stop                             0x08004929   Thumb Code    62  mpu_i2c.o(.text)
    MPU_I2C_WaitAck                          0x08004967   Thumb Code    94  mpu_i2c.o(.text)
    MPU_I2C_Ack                              0x080049c5   Thumb Code    64  mpu_i2c.o(.text)
    MPU_I2C_NoAck                            0x08004a05   Thumb Code    62  mpu_i2c.o(.text)
    MPU_I2C_SendByte                         0x08004a43   Thumb Code    84  mpu_i2c.o(.text)
    MPU_I2C_ReadByte                         0x08004a97   Thumb Code   120  mpu_i2c.o(.text)
    MPU_I2C_Start2                           0x08004b0f   Thumb Code    70  mpu_i2c.o(.text)
    MPU_I2C_Stop2                            0x08004b55   Thumb Code    82  mpu_i2c.o(.text)
    MPU_I2C_WaitAck2                         0x08004ba7   Thumb Code   112  mpu_i2c.o(.text)
    MPU_I2C_Ack2                             0x08004c17   Thumb Code    82  mpu_i2c.o(.text)
    MPU_I2C_NoAck2                           0x08004c69   Thumb Code   102  mpu_i2c.o(.text)
    MPU_I2C_SendByte2                        0x08004ccf   Thumb Code   102  mpu_i2c.o(.text)
    MPU_I2C_ReadByte2                        0x08004d35   Thumb Code    98  mpu_i2c.o(.text)
    Single_Write                             0x08004d97   Thumb Code    74  mpu_i2c.o(.text)
    Single_Write2                            0x08004de1   Thumb Code    62  mpu_i2c.o(.text)
    Single_Read                              0x08004e1f   Thumb Code    84  mpu_i2c.o(.text)
    Multiple_write                           0x08004e73   Thumb Code    84  mpu_i2c.o(.text)
    Multiple_read                            0x08004ec7   Thumb Code   112  mpu_i2c.o(.text)
    AnBT_DMP_I2C_Write                       0x08004f45   Thumb Code    94  anbt_dmp_driver.o(.text)
    AnBT_DMP_I2C_Read                        0x08004fa3   Thumb Code   128  anbt_dmp_driver.o(.text)
    dmp_load_motion_driver_firmware          0x08005023   Thumb Code    20  anbt_dmp_driver.o(.text)
    dmp_set_orientation                      0x08005037   Thumb Code   290  anbt_dmp_driver.o(.text)
    dmp_set_gyro_bias                        0x08005159   Thumb Code   294  anbt_dmp_driver.o(.text)
    dmp_set_accel_bias                       0x0800527f   Thumb Code   300  anbt_dmp_driver.o(.text)
    dmp_set_fifo_rate                        0x080053ab   Thumb Code   138  anbt_dmp_driver.o(.text)
    dmp_get_fifo_rate                        0x08005435   Thumb Code    12  anbt_dmp_driver.o(.text)
    dmp_set_tap_thresh                       0x08005441   Thumb Code   396  anbt_dmp_driver.o(.text)
    dmp_set_tap_axes                         0x080055cd   Thumb Code    70  anbt_dmp_driver.o(.text)
    dmp_set_tap_count                        0x08005613   Thumb Code    38  anbt_dmp_driver.o(.text)
    dmp_set_tap_time                         0x08005639   Thumb Code    38  anbt_dmp_driver.o(.text)
    dmp_set_tap_time_multi                   0x0800565f   Thumb Code    38  anbt_dmp_driver.o(.text)
    dmp_set_shake_reject_thresh              0x08005685   Thumb Code    56  anbt_dmp_driver.o(.text)
    dmp_set_shake_reject_time                0x080056bd   Thumb Code    38  anbt_dmp_driver.o(.text)
    dmp_set_shake_reject_timeout             0x080056e3   Thumb Code    38  anbt_dmp_driver.o(.text)
    dmp_get_pedometer_step_count             0x08005709   Thumb Code    66  anbt_dmp_driver.o(.text)
    dmp_set_pedometer_step_count             0x0800574b   Thumb Code    42  anbt_dmp_driver.o(.text)
    dmp_get_pedometer_walk_time              0x08005775   Thumb Code    72  anbt_dmp_driver.o(.text)
    dmp_set_pedometer_walk_time              0x080057bd   Thumb Code    48  anbt_dmp_driver.o(.text)
    dmp_enable_6x_lp_quat                    0x080057ed   Thumb Code    84  anbt_dmp_driver.o(.text)
    dmp_enable_lp_quat                       0x08005841   Thumb Code    60  anbt_dmp_driver.o(.text)
    dmp_enable_gyro_cal                      0x0800587d   Thumb Code    62  anbt_dmp_driver.o(.text)
    dmp_enable_feature                       0x080058bb   Thumb Code   530  anbt_dmp_driver.o(.text)
    dmp_get_enabled_features                 0x08005acd   Thumb Code    12  anbt_dmp_driver.o(.text)
    dmp_set_interrupt_mode                   0x08005b37   Thumb Code    66  anbt_dmp_driver.o(.text)
    dmp_read_fifo                            0x08005b79   Thumb Code   508  anbt_dmp_driver.o(.text)
    dmp_register_tap_cb                      0x08005d75   Thumb Code    10  anbt_dmp_driver.o(.text)
    dmp_register_android_orient_cb           0x08005d7f   Thumb Code    10  anbt_dmp_driver.o(.text)
    AnBT_DMP_Delay_ms                        0x08005d8d   Thumb Code    12  anbt_dmp_mpu6050.o(.text)
    mpu_reset_fifo                           0x08005d99   Thumb Code   450  anbt_dmp_mpu6050.o(.text)
    mpu_set_lpf                              0x08005fe5   Thumb Code   126  anbt_dmp_mpu6050.o(.text)
    mpu_configure_fifo                       0x08006063   Thumb Code   106  anbt_dmp_mpu6050.o(.text)
    mpu_set_int_latched                      0x080060cd   Thumb Code   102  anbt_dmp_mpu6050.o(.text)
    mpu_lp_accel_mode                        0x08006133   Thumb Code   224  anbt_dmp_mpu6050.o(.text)
    mpu_set_sample_rate                      0x08006213   Thumb Code   152  anbt_dmp_mpu6050.o(.text)
    mpu_set_bypass                           0x080062ab   Thumb Code   328  anbt_dmp_mpu6050.o(.text)
    mpu_set_dmp_state                        0x080063f3   Thumb Code   138  anbt_dmp_mpu6050.o(.text)
    mpu_get_accel_sens                       0x0800647d   Thumb Code    78  anbt_dmp_mpu6050.o(.text)
    mpu_get_gyro_sens                        0x080064cb   Thumb Code    58  anbt_dmp_mpu6050.o(.text)
    mpu_set_sensors                          0x08006505   Thumb Code   224  anbt_dmp_mpu6050.o(.text)
    mpu_set_accel_fsr                        0x080065e5   Thumb Code   126  anbt_dmp_mpu6050.o(.text)
    mpu_set_gyro_fsr                         0x08006663   Thumb Code   132  anbt_dmp_mpu6050.o(.text)
    mpu_get_fifo_config                      0x08006de9   Thumb Code    12  anbt_dmp_mpu6050.o(.text)
    mpu_get_sample_rate                      0x08006df5   Thumb Code    26  anbt_dmp_mpu6050.o(.text)
    mpu_get_lpf                              0x08006e0f   Thumb Code    74  anbt_dmp_mpu6050.o(.text)
    mpu_get_accel_fsr                        0x08006e59   Thumb Code    72  anbt_dmp_mpu6050.o(.text)
    mpu_get_gyro_fsr                         0x08006ea1   Thumb Code    64  anbt_dmp_mpu6050.o(.text)
    mpu_run_self_test                        0x08006ee1   Thumb Code   278  anbt_dmp_mpu6050.o(.text)
    run_self_test                            0x08006ff7   Thumb Code   160  anbt_dmp_mpu6050.o(.text)
    AnBT_DMP_MPU6050_DEV_CFG                 0x0800710d   Thumb Code   416  anbt_dmp_mpu6050.o(.text)
    AnBT_DMP_MPU6050_Init                    0x080072ad   Thumb Code   118  anbt_dmp_mpu6050.o(.text)
    MPU6050_Pose                             0x08007323   Thumb Code   572  anbt_dmp_mpu6050.o(.text)
    mpu_write_mem                            0x0800755f   Thumb Code   194  anbt_dmp_mpu6050.o(.text)
    mpu_read_mem                             0x08007621   Thumb Code   122  anbt_dmp_mpu6050.o(.text)
    mpu_read_fifo_stream                     0x0800769b   Thumb Code   186  anbt_dmp_mpu6050.o(.text)
    mpu_load_firmware                        0x08007755   Thumb Code   180  anbt_dmp_mpu6050.o(.text)
    number_to_dps                            0x08007809   Thumb Code    26  anbt_dmp_mpu6050.o(.text)
    SysTick_Init                             0x0800782d   Thumb Code   106  delay.o(.text)
    Delay_us                                 0x08007897   Thumb Code    28  delay.o(.text)
    Delay_ms                                 0x080078b3   Thumb Code    30  delay.o(.text)
    delay_init                               0x080078d1   Thumb Code    56  delay.o(.text)
    delay_us                                 0x08007909   Thumb Code    56  delay.o(.text)
    delay_ms                                 0x08007941   Thumb Code    56  delay.o(.text)
    MY_NVIC_SetVectorTable                   0x08007991   Thumb Code    12  sys.o(.text)
    MY_NVIC_PriorityGroupConfig              0x0800799d   Thumb Code    36  sys.o(.text)
    MY_NVIC_Init                             0x080079c1   Thumb Code   106  sys.o(.text)
    Ex_NVIC_Config                           0x08007a2b   Thumb Code   146  sys.o(.text)
    MYRCC_DeInit                             0x08007abd   Thumb Code    90  sys.o(.text)
    Sys_Standby                              0x08007b17   Thumb Code    68  sys.o(.text)
    Sys_Soft_Reset                           0x08007b5b   Thumb Code    12  sys.o(.text)
    JTAG_Set                                 0x08007b67   Thumb Code    42  sys.o(.text)
    Stm32_Clock_Init                         0x08007b91   Thumb Code   134  sys.o(.text)
    SystemInit                               0x08007d27   Thumb Code    78  system_stm32f10x.o(.text)
    SystemCoreClockUpdate                    0x08007d75   Thumb Code   142  system_stm32f10x.o(.text)
    _sys_exit                                0x08007e29   Thumb Code     6  usart.o(.text)
    fputc                                    0x08007e2f   Thumb Code    24  usart.o(.text)
    Uart1_NVIC_Init                          0x08007e47   Thumb Code    42  usart.o(.text)
    Uart2_NVIC_Init                          0x08007e71   Thumb Code    38  usart.o(.text)
    Uart3_NVIC_Init                          0x08007e97   Thumb Code    42  usart.o(.text)
    Uart1_Gpio_Config                        0x08007ec1   Thumb Code    64  usart.o(.text)
    Uart2_Gpio_Config                        0x08007f01   Thumb Code    66  usart.o(.text)
    Uart3_Gpio_Config                        0x08007f43   Thumb Code    70  usart.o(.text)
    Uart_Init                                0x08007f89   Thumb Code    46  usart.o(.text)
    USART_Config                             0x08007fb7   Thumb Code    62  usart.o(.text)
    USART1_Config                            0x08007ff5   Thumb Code    60  usart.o(.text)
    UART_PutChar                             0x08008031   Thumb Code    30  usart.o(.text)
    UART_PutStr                              0x0800804f   Thumb Code    34  usart.o(.text)
    Uart1WriteBuf                            0x08008071   Thumb Code    44  usart.o(.text)
    USART1_IRQHandler                        0x0800809d   Thumb Code    26  usart.o(.text)
    USART2_IRQHandler                        0x080080b7   Thumb Code    26  usart.o(.text)
    USART3_IRQHandler                        0x080080d1   Thumb Code   104  usart.o(.text)
    main                                     0x08008159   Thumb Code   284  main.o(.text)
    NMI_Handler                              0x0800828d   Thumb Code     2  stm32f10x_it.o(.text)
    HardFault_Handler                        0x0800828f   Thumb Code     4  stm32f10x_it.o(.text)
    MemManage_Handler                        0x08008293   Thumb Code     4  stm32f10x_it.o(.text)
    BusFault_Handler                         0x08008297   Thumb Code     4  stm32f10x_it.o(.text)
    UsageFault_Handler                       0x0800829b   Thumb Code     4  stm32f10x_it.o(.text)
    SVC_Handler                              0x0800829f   Thumb Code     2  stm32f10x_it.o(.text)
    DebugMon_Handler                         0x080082a1   Thumb Code     2  stm32f10x_it.o(.text)
    PendSV_Handler                           0x080082a3   Thumb Code     2  stm32f10x_it.o(.text)
    SysTick_Handler                          0x080082a5   Thumb Code     2  stm32f10x_it.o(.text)
    TIM1_UP_IRQHandler                       0x080082a7   Thumb Code    34  stm32f10x_it.o(.text)
    servor_time                              0x080082cd   Thumb Code    50  control.o(.text)
    motor_time                               0x080082ff   Thumb Code    92  control.o(.text)
    angle_motor                              0x0800835b   Thumb Code   456  control.o(.text)
    mode_change                              0x08008523   Thumb Code    36  control.o(.text)
    Car_Control                              0x08008547   Thumb Code   350  control.o(.text)
    Ps2_Control                              0x080086a5   Thumb Code   546  control.o(.text)
    Get_MxMi                                 0x080088c7   Thumb Code    40  control.o(.text)
    TIM6_IRQHandler                          0x080088ef   Thumb Code  2950  control.o(.text)
    Line_Control                             0x08009475   Thumb Code    50  control.o(.text)
    Avoid_Control                            0x080094a7   Thumb Code    82  control.o(.text)
    PID_Init                                 0x080094f9   Thumb Code   166  control.o(.text)
    map                                      0x0800959f   Thumb Code    72  control.o(.text)
    motor_angle                              0x080095e7   Thumb Code   272  control.o(.text)
    Display_Menux                            0x0800973d   Thumb Code   126  ui.o(.text)
    Standby_Mode                             0x080097bb   Thumb Code   256  ui.o(.text)
    Ps2_Mode                                 0x080098bb   Thumb Code   260  ui.o(.text)
    Blutooth_Mode                            0x080099bf   Thumb Code   262  ui.o(.text)
    Tracking_Mode                            0x08009ac5   Thumb Code   328  ui.o(.text)
    Avoid_Mode                               0x08009c0d   Thumb Code   292  ui.o(.text)
    Line_Mode                                0x08009d31   Thumb Code   272  ui.o(.text)
    __use_no_semihosting                     0x08009e6d   Thumb Code     2  use_no_semi_2.o(.text)
    __aeabi_ldivmod                          0x08009e6f   Thumb Code     0  llsdiv.o(.text)
    _ll_sdiv                                 0x08009e6f   Thumb Code    72  llsdiv.o(.text)
    atol                                     0x08009eb7   Thumb Code    26  atol.o(.text)
    strchr                                   0x08009ed1   Thumb Code    20  strchr.o(.text)
    strstr                                   0x08009ee5   Thumb Code    36  strstr.o(.text)
    memcmp                                   0x08009f09   Thumb Code    88  memcmp.o(.text)
    strncmp                                  0x08009f61   Thumb Code   150  strncmp.o(.text)
    __aeabi_memset                           0x08009ff7   Thumb Code    16  aeabi_memset.o(.text)
    __aeabi_memclr                           0x0800a007   Thumb Code     0  rt_memclr.o(.text)
    __rt_memclr                              0x0800a007   Thumb Code    68  rt_memclr.o(.text)
    _memset                                  0x0800a00b   Thumb Code     0  rt_memclr.o(.text)
    __use_two_region_memory                  0x0800a04b   Thumb Code     2  heapauxi.o(.text)
    __rt_heap_escrow$2region                 0x0800a04d   Thumb Code     2  heapauxi.o(.text)
    __rt_heap_expand$2region                 0x0800a04f   Thumb Code     2  heapauxi.o(.text)
    __I$use$semihosting                      0x0800a051   Thumb Code     0  use_no_semi.o(.text)
    __use_no_semihosting_swi                 0x0800a051   Thumb Code     2  use_no_semi.o(.text)
    __aeabi_errno_addr                       0x0800a055   Thumb Code     8  rt_errno_addr_intlibspace.o(.text)
    __errno$intlibspace                      0x0800a055   Thumb Code     0  rt_errno_addr_intlibspace.o(.text)
    __rt_errno_addr$intlibspace              0x0800a055   Thumb Code     0  rt_errno_addr_intlibspace.o(.text)
    __aeabi_uldivmod                         0x0800a05d   Thumb Code     0  lludivv7m.o(.text)
    _ll_udiv                                 0x0800a05d   Thumb Code   238  lludivv7m.o(.text)
    __read_errno                             0x0800a14b   Thumb Code    10  _rserrno.o(.text)
    __set_errno                              0x0800a155   Thumb Code    12  _rserrno.o(.text)
    strtol                                   0x0800a161   Thumb Code   112  strtol.o(.text)
    __aeabi_memclr4                          0x0800a1d1   Thumb Code     0  rt_memclr_w.o(.text)
    __aeabi_memclr8                          0x0800a1d1   Thumb Code     0  rt_memclr_w.o(.text)
    __rt_memclr_w                            0x0800a1d1   Thumb Code    78  rt_memclr_w.o(.text)
    _memset_w                                0x0800a1d5   Thumb Code     0  rt_memclr_w.o(.text)
    __user_libspace                          0x0800a221   Thumb Code     8  libspace.o(.text)
    __user_perproc_libspace                  0x0800a221   Thumb Code     0  libspace.o(.text)
    __user_perthread_libspace                0x0800a221   Thumb Code     0  libspace.o(.text)
    __rt_ctype_table                         0x0800a229   Thumb Code    16  rt_ctype_table.o(.text)
    _strtoul                                 0x0800a239   Thumb Code   158  _strtoul.o(.text)
    __user_setup_stackheap                   0x0800a2d7   Thumb Code    74  sys_stackheap_outer.o(.text)
    __rt_locale                              0x0800a321   Thumb Code     8  rt_locale_intlibspace.o(.text)
    _chval                                   0x0800a329   Thumb Code    28  _chval.o(.text)
    exit                                     0x0800a345   Thumb Code    18  exit.o(.text)
    strcmp                                   0x0800a359   Thumb Code   128  strcmpv7m.o(.text)
    __ARM_fpclassify                         0x0800a3d9   Thumb Code    40  fpclassify.o(i.__ARM_fpclassify)
    __kernel_poly                            0x0800a401   Thumb Code   170  poly.o(i.__kernel_poly)
    __mathlib_dbl_infnan                     0x0800a4ab   Thumb Code     6  dunder.o(i.__mathlib_dbl_infnan)
    __mathlib_dbl_infnan2                    0x0800a4b1   Thumb Code     4  dunder.o(i.__mathlib_dbl_infnan2)
    __mathlib_dbl_invalid                    0x0800a4b5   Thumb Code    12  dunder.o(i.__mathlib_dbl_invalid)
    __mathlib_dbl_underflow                  0x0800a4c1   Thumb Code    10  dunder.o(i.__mathlib_dbl_underflow)
    asin                                     0x0800a4d1   Thumb Code   572  asin.o(i.asin)
    atan                                     0x0800a741   Thumb Code   474  atan.o(i.atan)
    atan2                                    0x0800a961   Thumb Code   374  atan2.o(i.atan2)
    sqrt                                     0x0800aafd   Thumb Code    76  sqrt.o(i.sqrt)
    _get_lc_ctype                            0x0800ab49   Thumb Code    44  lc_ctype_c.o(locale$$code)
    __aeabi_d2f                              0x0800ab75   Thumb Code     0  d2f.o(x$fpl$d2f)
    _d2f                                     0x0800ab75   Thumb Code    98  d2f.o(x$fpl$d2f)
    __aeabi_dadd                             0x0800abd9   Thumb Code     0  daddsub_clz.o(x$fpl$dadd)
    _dadd                                    0x0800abd9   Thumb Code   332  daddsub_clz.o(x$fpl$dadd)
    __fpl_dcheck_NaN1                        0x0800ad29   Thumb Code    10  dcheck1.o(x$fpl$dcheck1)
    __fpl_dcmp_Inf                           0x0800ad39   Thumb Code    24  dcmpi.o(x$fpl$dcmpinf)
    __aeabi_ddiv                             0x0800ad51   Thumb Code     0  ddiv.o(x$fpl$ddiv)
    _ddiv                                    0x0800ad51   Thumb Code   552  ddiv.o(x$fpl$ddiv)
    __aeabi_cdcmpeq                          0x0800b001   Thumb Code     0  deqf.o(x$fpl$deqf)
    _dcmpeq                                  0x0800b001   Thumb Code   120  deqf.o(x$fpl$deqf)
    __aeabi_d2iz                             0x0800b079   Thumb Code     0  dfix.o(x$fpl$dfix)
    _dfix                                    0x0800b079   Thumb Code    94  dfix.o(x$fpl$dfix)
    __aeabi_i2d                              0x0800b0d7   Thumb Code     0  dflt_clz.o(x$fpl$dflt)
    _dflt                                    0x0800b0d7   Thumb Code    46  dflt_clz.o(x$fpl$dflt)
    __aeabi_cdcmple                          0x0800b105   Thumb Code     0  dleqf.o(x$fpl$dleqf)
    _dcmple                                  0x0800b105   Thumb Code   120  dleqf.o(x$fpl$dleqf)
    __fpl_dcmple_InfNaN                      0x0800b167   Thumb Code     0  dleqf.o(x$fpl$dleqf)
    __aeabi_dmul                             0x0800b17d   Thumb Code     0  dmul.o(x$fpl$dmul)
    _dmul                                    0x0800b17d   Thumb Code   332  dmul.o(x$fpl$dmul)
    __fpl_dnaninf                            0x0800b2d1   Thumb Code   156  dnaninf.o(x$fpl$dnaninf)
    __fpl_dretinf                            0x0800b36d   Thumb Code    12  dretinf.o(x$fpl$dretinf)
    __aeabi_cdrcmple                         0x0800b379   Thumb Code     0  drleqf.o(x$fpl$drleqf)
    _drcmple                                 0x0800b379   Thumb Code   108  drleqf.o(x$fpl$drleqf)
    __aeabi_drsub                            0x0800b3e5   Thumb Code     0  daddsub_clz.o(x$fpl$drsb)
    _drsb                                    0x0800b3e5   Thumb Code    22  daddsub_clz.o(x$fpl$drsb)
    _dsqrt                                   0x0800b3fd   Thumb Code   456  dsqrt_noumaal.o(x$fpl$dsqrt)
    __aeabi_dsub                             0x0800b5c9   Thumb Code     0  daddsub_clz.o(x$fpl$dsub)
    _dsub                                    0x0800b5c9   Thumb Code   464  daddsub_clz.o(x$fpl$dsub)
    __aeabi_f2d                              0x0800b79d   Thumb Code     0  f2d.o(x$fpl$f2d)
    _f2d                                     0x0800b79d   Thumb Code    86  f2d.o(x$fpl$f2d)
    __aeabi_fadd                             0x0800b7f5   Thumb Code     0  faddsub_clz.o(x$fpl$fadd)
    _fadd                                    0x0800b7f5   Thumb Code   196  faddsub_clz.o(x$fpl$fadd)
    __fpl_fcmp_Inf                           0x0800b8b9   Thumb Code    24  fcmpi.o(x$fpl$fcmpinf)
    __aeabi_fdiv                             0x0800b8d1   Thumb Code     0  fdiv.o(x$fpl$fdiv)
    _fdiv                                    0x0800b8d1   Thumb Code   384  fdiv.o(x$fpl$fdiv)
    __aeabi_cfcmpeq                          0x0800ba55   Thumb Code     0  feqf.o(x$fpl$feqf)
    _fcmpeq                                  0x0800ba55   Thumb Code   104  feqf.o(x$fpl$feqf)
    __aeabi_f2iz                             0x0800babd   Thumb Code     0  ffix.o(x$fpl$ffix)
    _ffix                                    0x0800babd   Thumb Code    54  ffix.o(x$fpl$ffix)
    __aeabi_f2uiz                            0x0800baf5   Thumb Code     0  ffixu.o(x$fpl$ffixu)
    _ffixu                                   0x0800baf5   Thumb Code    62  ffixu.o(x$fpl$ffixu)
    __aeabi_i2f                              0x0800bb35   Thumb Code     0  fflt_clz.o(x$fpl$fflt)
    _fflt                                    0x0800bb35   Thumb Code    48  fflt_clz.o(x$fpl$fflt)
    __aeabi_ui2f                             0x0800bb65   Thumb Code     0  fflt_clz.o(x$fpl$ffltu)
    _ffltu                                   0x0800bb65   Thumb Code    38  fflt_clz.o(x$fpl$ffltu)
    __aeabi_cfcmple                          0x0800bb8d   Thumb Code     0  fleqf.o(x$fpl$fleqf)
    _fcmple                                  0x0800bb8d   Thumb Code   104  fleqf.o(x$fpl$fleqf)
    __fpl_fcmple_InfNaN                      0x0800bbdf   Thumb Code     0  fleqf.o(x$fpl$fleqf)
    __aeabi_fmul                             0x0800bbf5   Thumb Code     0  fmul.o(x$fpl$fmul)
    _fmul                                    0x0800bbf5   Thumb Code   258  fmul.o(x$fpl$fmul)
    __fpl_fnaninf                            0x0800bcf7   Thumb Code   140  fnaninf.o(x$fpl$fnaninf)
    __fpl_fretinf                            0x0800bd83   Thumb Code    10  fretinf.o(x$fpl$fretinf)
    __aeabi_cfrcmple                         0x0800bd8d   Thumb Code     0  frleqf.o(x$fpl$frleqf)
    _frcmple                                 0x0800bd8d   Thumb Code    98  frleqf.o(x$fpl$frleqf)
    __aeabi_frsub                            0x0800bdef   Thumb Code     0  faddsub_clz.o(x$fpl$frsb)
    _frsb                                    0x0800bdef   Thumb Code    20  faddsub_clz.o(x$fpl$frsb)
    __aeabi_fsub                             0x0800be05   Thumb Code     0  faddsub_clz.o(x$fpl$fsub)
    _fsub                                    0x0800be05   Thumb Code   234  faddsub_clz.o(x$fpl$fsub)
    __fpl_return_NaN                         0x0800beef   Thumb Code   100  retnan.o(x$fpl$retnan)
    __ARM_scalbn                             0x0800bf53   Thumb Code    92  scalbn.o(x$fpl$scalbn)
    __fpl_cmpreturn                          0x0800bfaf   Thumb Code    48  trapv.o(x$fpl$trapveneer)
    __I$use$fp                               0x0800bfde   Number         0  usenofp.o(x$fpl$usenofp)
    ASCII5x7                                 0x0800d362   Data         480  oled_user.o(.constdata)
    reg                                      0x080109b8   Data          27  anbt_dmp_mpu6050.o(.constdata)
    hw                                       0x080109d4   Data          12  anbt_dmp_mpu6050.o(.constdata)
    test                                     0x080109e0   Data          40  anbt_dmp_mpu6050.o(.constdata)
    __mathlib_zero                           0x08010af0   Data           8  qnan.o(.constdata)
    Region$$Table$$Base                      0x08010af8   Number         0  anon$$obj.o(Region$$Table)
    Region$$Table$$Limit                     0x08010b18   Number         0  anon$$obj.o(Region$$Table)
    __ctype                                  0x08010b25   Data           0  lc_ctype_c.o(locale$$data)
    Handkey                                  0x20000014   Data           2  ps2.o(.data)
    Comd                                     0x20000016   Data           2  ps2.o(.data)
    MASK                                     0x20000018   Data          32  ps2.o(.data)
    UartRec                                  0x20000038   Data          16  control_app.o(.data)
    output_mv                                0x20000048   Data           4  control_app.o(.data)
    output_mv2                               0x2000004c   Data           4  control_app.o(.data)
    pwm_num                                  0x20000050   Data           4  control_app.o(.data)
    count1                                   0x20000054   Data           1  servor.o(.data)
    ServoPwmDuty                             0x20000056   Data          16  servor.o(.data)
    ServoPwmDutySet                          0x20000066   Data          16  servor.o(.data)
    ServoPwmDutyHaveChange                   0x20000076   Data           1  servor.o(.data)
    ServoTime                                0x20000078   Data           2  servor.o(.data)
    Encoder                                  0x2000007e   Data           8  encoder.o(.data)
    Encoder_Sum                              0x20000086   Data           8  encoder.o(.data)
    Distance1                                0x20000090   Data           4  uln.o(.data)
    Distance_last                            0x20000094   Data           4  uln.o(.data)
    TimeOut_Flag1                            0x20000098   Data           1  uln.o(.data)
    q0                                       0x200000a8   Data           4  anbt_dmp_mpu6050.o(.data)
    q1                                       0x200000ac   Data           4  anbt_dmp_mpu6050.o(.data)
    q2                                       0x200000b0   Data           4  anbt_dmp_mpu6050.o(.data)
    q3                                       0x200000b4   Data           4  anbt_dmp_mpu6050.o(.data)
    sensor_timestamp                         0x200000b8   Data           4  anbt_dmp_mpu6050.o(.data)
    MPU6050_gyro                             0x200000bc   Data           6  anbt_dmp_mpu6050.o(.data)
    MPU6050_accel                            0x200000c2   Data           6  anbt_dmp_mpu6050.o(.data)
    sensors                                  0x200000c8   Data           2  anbt_dmp_mpu6050.o(.data)
    more                                     0x200000ca   Data           1  anbt_dmp_mpu6050.o(.data)
    Yaw                                      0x200000cc   Data           4  anbt_dmp_mpu6050.o(.data)
    Roll                                     0x200000d0   Data           4  anbt_dmp_mpu6050.o(.data)
    Pitch                                    0x200000d4   Data           4  anbt_dmp_mpu6050.o(.data)
    a                                        0x20000108   Data           4  delay.o(.data)
    SystemCoreClock                          0x20000110   Data           4  system_stm32f10x.o(.data)
    AHBPrescTable                            0x20000114   Data          16  system_stm32f10x.o(.data)
    flag_RecFul                              0x20000124   Data           1  usart.o(.data)
    __stdout                                 0x20000128   Data           4  usart.o(.data)
    time                                     0x20000139   Data           1  control.o(.data)
    led_time                                 0x2000013a   Data           1  control.o(.data)
    send_mode                                0x2000013b   Data           4  control.o(.data)
    LX                                       0x2000013f   Data           1  control.o(.data)
    LY                                       0x20000140   Data           1  control.o(.data)
    ARMED                                    0x20000141   Data           1  control.o(.data)
    Voltage_Count                            0x20000144   Data           4  control.o(.data)
    Voltage_All                              0x20000148   Data           4  control.o(.data)
    nmr                                      0x2000014c   Data           1  control.o(.data)
    RC_Last                                  0x2000014e   Data           2  control.o(.data)
    Contorl_stick                            0x20000150   Data           1  control.o(.data)
    PS2_Stick                                0x20000151   Data           1  control.o(.data)
    PS2_Flag                                 0x20000152   Data           1  control.o(.data)
    ServoCount                               0x20000153   Data           1  control.o(.data)
    ULtrig                                   0x20000154   Data           1  control.o(.data)
    stage_now                                0x20000158   Data           4  control.o(.data)
    f_noww                                   0x2000015c   Data           4  control.o(.data)
    angle_add                                0x20000160   Data           4  control.o(.data)
    angle_last                               0x20000164   Data           4  control.o(.data)
    key                                      0x20000168   Data           4  control.o(.data)
    Keytimes                                 0x20000176   Data           2  ui.o(.data)
    Kaysta                                   0x20000178   Data           1  ui.o(.data)
    WorkMode                                 0x20000179   Data           1  ui.o(.data)
    stage_ct                                 0x2000017c   Data           4  ui.o(.data)
    Voltage                                  0x20000180   Data           4  ui.o(.data)
    Menux                                    0x20000184   Data           1  ui.o(.data)
    UI_Display_Flag                          0x20000185   Data           1  ui.o(.data)
    PS2_CH                                   0x20000186   Data           6  ui.o(.data)
    Control_Flag                             0x2000018c   Data           1  ui.o(.data)
    Title_Strings                            0x2000018d   Data          65  ui.o(.data)
    StandbyUI_String                         0x200001ce   Data         126  ui.o(.data)
    StandbyUI_String2                        0x2000024c   Data          42  ui.o(.data)
    SettingUI_String                         0x20000276   Data          44  ui.o(.data)
    Data                                     0x200002a4   Data           9  ps2.o(.bss)
    ServoPwmDutyInc                          0x200002b0   Data          32  servor.o(.bss)
    OLED_Buffer                              0x200002d0   Data        1024  oled_user.o(.bss)
    quat                                     0x200006e0   Data          16  anbt_dmp_mpu6050.o(.bss)
    redata                                   0x200006f0   Data         500  usart.o(.bss)
    Motor_Speed                              0x200008e4   Data          16  control.o(.bss)
    Motor_DrctAdj                            0x200008f4   Data          16  control.o(.bss)
    PID_Motor                                0x20000904   Data         160  control.o(.bss)
    __libspace_start                         0x200009a4   Data          96  libspace.o(.bss)
    __temporary_stack_top$libspace           0x20000a04   Data           0  libspace.o(.bss)



==============================================================================

Memory Map of the image

  Image Entry point : 0x08000131

  Load Region LR_IROM1 (Base: 0x08000000, Size: 0x00010ecc, Max: 0x00040000, ABSOLUTE, COMPRESSED[0x00010d68])

    Execution Region ER_IROM1 (Exec base: 0x08000000, Load base: 0x08000000, Size: 0x00010c28, Max: 0x00040000, ABSOLUTE)

    Exec Addr    Load Addr    Size         Type   Attr      Idx    E Section Name        Object

    0x08000000   0x08000000   0x00000130   Data   RO           19    RESET               startup_stm32f10x_hd.o
    0x08000130   0x08000130   0x00000008   Code   RO          923  * !!!main             c_w.l(__main.o)
    0x08000138   0x08000138   0x00000034   Code   RO         1263    !!!scatter          c_w.l(__scatter.o)
    0x0800016c   0x0800016c   0x0000005a   Code   RO         1261    !!dczerorl2         c_w.l(__dczerorl2.o)
    0x080001c6   0x080001c6   0x00000002   PAD
    0x080001c8   0x080001c8   0x0000001c   Code   RO         1265    !!handler_zi        c_w.l(__scatter_zi.o)
    0x080001e4   0x080001e4   0x00000002   Code   RO         1126    .ARM.Collect$$libinit$$00000000  c_w.l(libinit.o)
    0x080001e6   0x080001e6   0x00000000   Code   RO         1138    .ARM.Collect$$libinit$$00000002  c_w.l(libinit2.o)
    0x080001e6   0x080001e6   0x00000000   Code   RO         1140    .ARM.Collect$$libinit$$00000004  c_w.l(libinit2.o)
    0x080001e6   0x080001e6   0x00000000   Code   RO         1143    .ARM.Collect$$libinit$$0000000A  c_w.l(libinit2.o)
    0x080001e6   0x080001e6   0x00000000   Code   RO         1145    .ARM.Collect$$libinit$$0000000C  c_w.l(libinit2.o)
    0x080001e6   0x080001e6   0x00000000   Code   RO         1147    .ARM.Collect$$libinit$$0000000E  c_w.l(libinit2.o)
    0x080001e6   0x080001e6   0x00000006   Code   RO         1148    .ARM.Collect$$libinit$$0000000F  c_w.l(libinit2.o)
    0x080001ec   0x080001ec   0x00000000   Code   RO         1150    .ARM.Collect$$libinit$$00000011  c_w.l(libinit2.o)
    0x080001ec   0x080001ec   0x0000000c   Code   RO         1151    .ARM.Collect$$libinit$$00000012  c_w.l(libinit2.o)
    0x080001f8   0x080001f8   0x00000000   Code   RO         1152    .ARM.Collect$$libinit$$00000013  c_w.l(libinit2.o)
    0x080001f8   0x080001f8   0x00000000   Code   RO         1154    .ARM.Collect$$libinit$$00000015  c_w.l(libinit2.o)
    0x080001f8   0x080001f8   0x00000000   Code   RO         1156    .ARM.Collect$$libinit$$00000017  c_w.l(libinit2.o)
    0x080001f8   0x080001f8   0x00000000   Code   RO         1158    .ARM.Collect$$libinit$$00000019  c_w.l(libinit2.o)
    0x080001f8   0x080001f8   0x00000000   Code   RO         1160    .ARM.Collect$$libinit$$0000001B  c_w.l(libinit2.o)
    0x080001f8   0x080001f8   0x00000000   Code   RO         1162    .ARM.Collect$$libinit$$0000001D  c_w.l(libinit2.o)
    0x080001f8   0x080001f8   0x00000000   Code   RO         1164    .ARM.Collect$$libinit$$0000001F  c_w.l(libinit2.o)
    0x080001f8   0x080001f8   0x00000000   Code   RO         1166    .ARM.Collect$$libinit$$00000021  c_w.l(libinit2.o)
    0x080001f8   0x080001f8   0x00000000   Code   RO         1168    .ARM.Collect$$libinit$$00000023  c_w.l(libinit2.o)
    0x080001f8   0x080001f8   0x00000000   Code   RO         1170    .ARM.Collect$$libinit$$00000025  c_w.l(libinit2.o)
    0x080001f8   0x080001f8   0x00000000   Code   RO         1174    .ARM.Collect$$libinit$$0000002C  c_w.l(libinit2.o)
    0x080001f8   0x080001f8   0x00000000   Code   RO         1176    .ARM.Collect$$libinit$$0000002E  c_w.l(libinit2.o)
    0x080001f8   0x080001f8   0x00000000   Code   RO         1178    .ARM.Collect$$libinit$$00000030  c_w.l(libinit2.o)
    0x080001f8   0x080001f8   0x00000000   Code   RO         1180    .ARM.Collect$$libinit$$00000032  c_w.l(libinit2.o)
    0x080001f8   0x080001f8   0x00000002   Code   RO         1181    .ARM.Collect$$libinit$$00000033  c_w.l(libinit2.o)
    0x080001fa   0x080001fa   0x00000002   Code   RO         1211    .ARM.Collect$$libshutdown$$00000000  c_w.l(libshutdown.o)
    0x080001fc   0x080001fc   0x00000000   Code   RO         1225    .ARM.Collect$$libshutdown$$00000002  c_w.l(libshutdown2.o)
    0x080001fc   0x080001fc   0x00000000   Code   RO         1227    .ARM.Collect$$libshutdown$$00000004  c_w.l(libshutdown2.o)
    0x080001fc   0x080001fc   0x00000000   Code   RO         1229    .ARM.Collect$$libshutdown$$00000006  c_w.l(libshutdown2.o)
    0x080001fc   0x080001fc   0x00000000   Code   RO         1232    .ARM.Collect$$libshutdown$$00000009  c_w.l(libshutdown2.o)
    0x080001fc   0x080001fc   0x00000000   Code   RO         1235    .ARM.Collect$$libshutdown$$0000000C  c_w.l(libshutdown2.o)
    0x080001fc   0x080001fc   0x00000000   Code   RO         1237    .ARM.Collect$$libshutdown$$0000000E  c_w.l(libshutdown2.o)
    0x080001fc   0x080001fc   0x00000000   Code   RO         1240    .ARM.Collect$$libshutdown$$00000011  c_w.l(libshutdown2.o)
    0x080001fc   0x080001fc   0x00000002   Code   RO         1241    .ARM.Collect$$libshutdown$$00000012  c_w.l(libshutdown2.o)
    0x080001fe   0x080001fe   0x00000000   Code   RO         1001    .ARM.Collect$$rtentry$$00000000  c_w.l(__rtentry.o)
    0x080001fe   0x080001fe   0x00000000   Code   RO         1077    .ARM.Collect$$rtentry$$00000002  c_w.l(__rtentry2.o)
    0x080001fe   0x080001fe   0x00000006   Code   RO         1089    .ARM.Collect$$rtentry$$00000004  c_w.l(__rtentry4.o)
    0x08000204   0x08000204   0x00000000   Code   RO         1079    .ARM.Collect$$rtentry$$00000009  c_w.l(__rtentry2.o)
    0x08000204   0x08000204   0x00000004   Code   RO         1080    .ARM.Collect$$rtentry$$0000000A  c_w.l(__rtentry2.o)
    0x08000208   0x08000208   0x00000000   Code   RO         1082    .ARM.Collect$$rtentry$$0000000C  c_w.l(__rtentry2.o)
    0x08000208   0x08000208   0x00000008   Code   RO         1083    .ARM.Collect$$rtentry$$0000000D  c_w.l(__rtentry2.o)
    0x08000210   0x08000210   0x00000002   Code   RO         1129    .ARM.Collect$$rtexit$$00000000  c_w.l(rtexit.o)
    0x08000212   0x08000212   0x00000000   Code   RO         1185    .ARM.Collect$$rtexit$$00000002  c_w.l(rtexit2.o)
    0x08000212   0x08000212   0x00000004   Code   RO         1186    .ARM.Collect$$rtexit$$00000003  c_w.l(rtexit2.o)
    0x08000216   0x08000216   0x00000006   Code   RO         1187    .ARM.Collect$$rtexit$$00000004  c_w.l(rtexit2.o)
    0x0800021c   0x0800021c   0x0000000c   Code   RO          752    .emb_text           sys.o
    0x08000228   0x08000228   0x00000040   Code   RO           20    .text               startup_stm32f10x_hd.o
    0x08000268   0x08000268   0x000000dc   Code   RO           24    .text               misc.o
    0x08000344   0x08000344   0x0000035c   Code   RO          233    .text               stm32f10x_gpio.o
    0x080006a0   0x080006a0   0x000003a4   Code   RO          290    .text               stm32f10x_rcc.o
    0x08000a44   0x08000a44   0x00000e1a   Code   RO          346    .text               stm32f10x_tim.o
    0x0800185e   0x0800185e   0x00000002   PAD
    0x08001860   0x08001860   0x00000408   Code   RO          358    .text               stm32f10x_usart.o
    0x08001c68   0x08001c68   0x00000120   Code   RO          406    .text               timer.o
    0x08001d88   0x08001d88   0x00000214   Code   RO          421    .text               ps2.o
    0x08001f9c   0x08001f9c   0x00000088   Code   RO          447    .text               beep.o
    0x08002024   0x08002024   0x000006ec   Code   RO          462    .text               control_app.o
    0x08002710   0x08002710   0x00000378   Code   RO          493    .text               servor.o
    0x08002a88   0x08002a88   0x00000278   Code   RO          509    .text               motor.o
    0x08002d00   0x08002d00   0x0000018c   Code   RO          521    .text               adc.o
    0x08002e8c   0x08002e8c   0x00000024   Code   RO          536    .text               key.o
    0x08002eb0   0x08002eb0   0x000002a0   Code   RO          551    .text               oled.o
    0x08003150   0x08003150   0x00001180   Code   RO          566    .text               oled_user.o
    0x080042d0   0x080042d0   0x000003f8   Code   RO          594    .text               encoder.o
    0x080046c8   0x080046c8   0x00000054   Code   RO          612    .text               exti.o
    0x0800471c   0x0800471c   0x000000f4   Code   RO          627    .text               uln.o
    0x08004810   0x08004810   0x000000ac   Code   RO          645    .text               traversing.o
    0x080048bc   0x080048bc   0x00000688   Code   RO          660    .text               mpu_i2c.o
    0x08004f44   0x08004f44   0x00000e48   Code   RO          678    .text               anbt_dmp_driver.o
    0x08005d8c   0x08005d8c   0x00001aa0   Code   RO          700    .text               anbt_dmp_mpu6050.o
    0x0800782c   0x0800782c   0x00000164   Code   RO          733    .text               delay.o
    0x08007990   0x08007990   0x000002b8   Code   RO          753    .text               sys.o
    0x08007c48   0x08007c48   0x000001e0   Code   RO          768    .text               system_stm32f10x.o
    0x08007e28   0x08007e28   0x00000330   Code   RO          786    .text               usart.o
    0x08008158   0x08008158   0x00000134   Code   RO          806    .text               main.o
    0x0800828c   0x0800828c   0x00000040   Code   RO          849    .text               stm32f10x_it.o
    0x080082cc   0x080082cc   0x00001470   Code   RO          861    .text               control.o
    0x0800973c   0x0800973c   0x00000730   Code   RO          881    .text               ui.o
    0x08009e6c   0x08009e6c   0x00000002   Code   RO          903    .text               c_w.l(use_no_semi_2.o)
    0x08009e6e   0x08009e6e   0x00000048   Code   RO          905    .text               c_w.l(llsdiv.o)
    0x08009eb6   0x08009eb6   0x0000001a   Code   RO          907    .text               c_w.l(atol.o)
    0x08009ed0   0x08009ed0   0x00000014   Code   RO          909    .text               c_w.l(strchr.o)
    0x08009ee4   0x08009ee4   0x00000024   Code   RO          911    .text               c_w.l(strstr.o)
    0x08009f08   0x08009f08   0x00000058   Code   RO          913    .text               c_w.l(memcmp.o)
    0x08009f60   0x08009f60   0x00000096   Code   RO          915    .text               c_w.l(strncmp.o)
    0x08009ff6   0x08009ff6   0x00000010   Code   RO          917    .text               c_w.l(aeabi_memset.o)
    0x0800a006   0x0800a006   0x00000044   Code   RO          919    .text               c_w.l(rt_memclr.o)
    0x0800a04a   0x0800a04a   0x00000006   Code   RO          921    .text               c_w.l(heapauxi.o)
    0x0800a050   0x0800a050   0x00000002   Code   RO          999    .text               c_w.l(use_no_semi.o)
    0x0800a052   0x0800a052   0x00000002   PAD
    0x0800a054   0x0800a054   0x00000008   Code   RO         1005    .text               c_w.l(rt_errno_addr_intlibspace.o)
    0x0800a05c   0x0800a05c   0x000000ee   Code   RO         1007    .text               c_w.l(lludivv7m.o)
    0x0800a14a   0x0800a14a   0x00000016   Code   RO         1009    .text               c_w.l(_rserrno.o)
    0x0800a160   0x0800a160   0x00000070   Code   RO         1011    .text               c_w.l(strtol.o)
    0x0800a1d0   0x0800a1d0   0x0000004e   Code   RO         1013    .text               c_w.l(rt_memclr_w.o)
    0x0800a21e   0x0800a21e   0x00000002   PAD
    0x0800a220   0x0800a220   0x00000008   Code   RO         1073    .text               c_w.l(libspace.o)
    0x0800a228   0x0800a228   0x00000010   Code   RO         1091    .text               c_w.l(rt_ctype_table.o)
    0x0800a238   0x0800a238   0x0000009e   Code   RO         1097    .text               c_w.l(_strtoul.o)
    0x0800a2d6   0x0800a2d6   0x0000004a   Code   RO         1105    .text               c_w.l(sys_stackheap_outer.o)
    0x0800a320   0x0800a320   0x00000008   Code   RO         1112    .text               c_w.l(rt_locale_intlibspace.o)
    0x0800a328   0x0800a328   0x0000001c   Code   RO         1114    .text               c_w.l(_chval.o)
    0x0800a344   0x0800a344   0x00000012   Code   RO         1119    .text               c_w.l(exit.o)
    0x0800a356   0x0800a356   0x00000002   PAD
    0x0800a358   0x0800a358   0x00000080   Code   RO         1135    .text               c_w.l(strcmpv7m.o)
    0x0800a3d8   0x0800a3d8   0x00000028   Code   RO         1060    i.__ARM_fpclassify  m_ws.l(fpclassify.o)
    0x0800a400   0x0800a400   0x000000aa   Code   RO         1062    i.__kernel_poly     m_ws.l(poly.o)
    0x0800a4aa   0x0800a4aa   0x00000006   Code   RO         1047    i.__mathlib_dbl_infnan  m_ws.l(dunder.o)
    0x0800a4b0   0x0800a4b0   0x00000004   Code   RO         1048    i.__mathlib_dbl_infnan2  m_ws.l(dunder.o)
    0x0800a4b4   0x0800a4b4   0x0000000c   Code   RO         1049    i.__mathlib_dbl_invalid  m_ws.l(dunder.o)
    0x0800a4c0   0x0800a4c0   0x00000010   Code   RO         1052    i.__mathlib_dbl_underflow  m_ws.l(dunder.o)
    0x0800a4d0   0x0800a4d0   0x00000270   Code   RO          982    i.asin              m_ws.l(asin.o)
    0x0800a740   0x0800a740   0x00000220   Code   RO         1037    i.atan              m_ws.l(atan.o)
    0x0800a960   0x0800a960   0x0000019c   Code   RO          992    i.atan2             m_ws.l(atan2.o)
    0x0800aafc   0x0800aafc   0x0000004c   Code   RO         1066    i.sqrt              m_ws.l(sqrt.o)
    0x0800ab48   0x0800ab48   0x0000002c   Code   RO         1117    locale$$code        c_w.l(lc_ctype_c.o)
    0x0800ab74   0x0800ab74   0x00000062   Code   RO          925    x$fpl$d2f           fz_ws.l(d2f.o)
    0x0800abd6   0x0800abd6   0x00000002   PAD
    0x0800abd8   0x0800abd8   0x00000150   Code   RO          927    x$fpl$dadd          fz_ws.l(daddsub_clz.o)
    0x0800ad28   0x0800ad28   0x00000010   Code   RO         1099    x$fpl$dcheck1       fz_ws.l(dcheck1.o)
    0x0800ad38   0x0800ad38   0x00000018   Code   RO         1101    x$fpl$dcmpinf       fz_ws.l(dcmpi.o)
    0x0800ad50   0x0800ad50   0x000002b0   Code   RO         1016    x$fpl$ddiv          fz_ws.l(ddiv.o)
    0x0800b000   0x0800b000   0x00000078   Code   RO         1019    x$fpl$deqf          fz_ws.l(deqf.o)
    0x0800b078   0x0800b078   0x0000005e   Code   RO          933    x$fpl$dfix          fz_ws.l(dfix.o)
    0x0800b0d6   0x0800b0d6   0x0000002e   Code   RO          938    x$fpl$dflt          fz_ws.l(dflt_clz.o)
    0x0800b104   0x0800b104   0x00000078   Code   RO         1021    x$fpl$dleqf         fz_ws.l(dleqf.o)
    0x0800b17c   0x0800b17c   0x00000154   Code   RO          943    x$fpl$dmul          fz_ws.l(dmul.o)
    0x0800b2d0   0x0800b2d0   0x0000009c   Code   RO         1023    x$fpl$dnaninf       fz_ws.l(dnaninf.o)
    0x0800b36c   0x0800b36c   0x0000000c   Code   RO         1025    x$fpl$dretinf       fz_ws.l(dretinf.o)
    0x0800b378   0x0800b378   0x0000006c   Code   RO          945    x$fpl$drleqf        fz_ws.l(drleqf.o)
    0x0800b3e4   0x0800b3e4   0x00000016   Code   RO          928    x$fpl$drsb          fz_ws.l(daddsub_clz.o)
    0x0800b3fa   0x0800b3fa   0x00000002   PAD
    0x0800b3fc   0x0800b3fc   0x000001cc   Code   RO         1103    x$fpl$dsqrt         fz_ws.l(dsqrt_noumaal.o)
    0x0800b5c8   0x0800b5c8   0x000001d4   Code   RO          929    x$fpl$dsub          fz_ws.l(daddsub_clz.o)
    0x0800b79c   0x0800b79c   0x00000056   Code   RO          947    x$fpl$f2d           fz_ws.l(f2d.o)
    0x0800b7f2   0x0800b7f2   0x00000002   PAD
    0x0800b7f4   0x0800b7f4   0x000000c4   Code   RO          949    x$fpl$fadd          fz_ws.l(faddsub_clz.o)
    0x0800b8b8   0x0800b8b8   0x00000018   Code   RO         1027    x$fpl$fcmpinf       fz_ws.l(fcmpi.o)
    0x0800b8d0   0x0800b8d0   0x00000184   Code   RO          956    x$fpl$fdiv          fz_ws.l(fdiv.o)
    0x0800ba54   0x0800ba54   0x00000068   Code   RO          959    x$fpl$feqf          fz_ws.l(feqf.o)
    0x0800babc   0x0800babc   0x00000036   Code   RO          961    x$fpl$ffix          fz_ws.l(ffix.o)
    0x0800baf2   0x0800baf2   0x00000002   PAD
    0x0800baf4   0x0800baf4   0x0000003e   Code   RO          965    x$fpl$ffixu         fz_ws.l(ffixu.o)
    0x0800bb32   0x0800bb32   0x00000002   PAD
    0x0800bb34   0x0800bb34   0x00000030   Code   RO          970    x$fpl$fflt          fz_ws.l(fflt_clz.o)
    0x0800bb64   0x0800bb64   0x00000026   Code   RO          969    x$fpl$ffltu         fz_ws.l(fflt_clz.o)
    0x0800bb8a   0x0800bb8a   0x00000002   PAD
    0x0800bb8c   0x0800bb8c   0x00000068   Code   RO          975    x$fpl$fleqf         fz_ws.l(fleqf.o)
    0x0800bbf4   0x0800bbf4   0x00000102   Code   RO          977    x$fpl$fmul          fz_ws.l(fmul.o)
    0x0800bcf6   0x0800bcf6   0x0000008c   Code   RO         1029    x$fpl$fnaninf       fz_ws.l(fnaninf.o)
    0x0800bd82   0x0800bd82   0x0000000a   Code   RO         1031    x$fpl$fretinf       fz_ws.l(fretinf.o)
    0x0800bd8c   0x0800bd8c   0x00000062   Code   RO          979    x$fpl$frleqf        fz_ws.l(frleqf.o)
    0x0800bdee   0x0800bdee   0x00000014   Code   RO          950    x$fpl$frsb          fz_ws.l(faddsub_clz.o)
    0x0800be02   0x0800be02   0x00000002   PAD
    0x0800be04   0x0800be04   0x000000ea   Code   RO          951    x$fpl$fsub          fz_ws.l(faddsub_clz.o)
    0x0800beee   0x0800beee   0x00000064   Code   RO         1127    x$fpl$retnan        fz_ws.l(retnan.o)
    0x0800bf52   0x0800bf52   0x0000005c   Code   RO         1033    x$fpl$scalbn        fz_ws.l(scalbn.o)
    0x0800bfae   0x0800bfae   0x00000030   Code   RO         1182    x$fpl$trapveneer    fz_ws.l(trapv.o)
    0x0800bfde   0x0800bfde   0x00000000   Code   RO         1035    x$fpl$usenofp       fz_ws.l(usenofp.o)
    0x0800bfde   0x0800bfde   0x00003de4   Data   RO          568    .constdata          oled_user.o
    0x0800fdc2   0x0800fdc2   0x00000bf6   Data   RO          680    .constdata          anbt_dmp_driver.o
    0x080109b8   0x080109b8   0x00000050   Data   RO          702    .constdata          anbt_dmp_mpu6050.o
    0x08010a08   0x08010a08   0x00000050   Data   RO          983    .constdata          m_ws.l(asin.o)
    0x08010a58   0x08010a58   0x00000098   Data   RO         1038    .constdata          m_ws.l(atan.o)
    0x08010af0   0x08010af0   0x00000008   Data   RO         1064    .constdata          m_ws.l(qnan.o)
    0x08010af8   0x08010af8   0x00000020   Data   RO         1259    Region$$Table       anon$$obj.o
    0x08010b18   0x08010b18   0x00000110   Data   RO         1116    locale$$data        c_w.l(lc_ctype_c.o)


    Execution Region RW_IRAM1 (Exec base: 0x20000000, Load base: 0x08010c28, Size: 0x00001008, Max: 0x0000c000, ABSOLUTE, COMPRESSED[0x00000140])

    Exec Addr    Load Addr    Size         Type   Attr      Idx    E Section Name        Object

    0x20000000   COMPRESSED   0x00000014   Data   RW          291    .data               stm32f10x_rcc.o
    0x20000014   COMPRESSED   0x00000024   Data   RW          423    .data               ps2.o
    0x20000038   COMPRESSED   0x0000001c   Data   RW          463    .data               control_app.o
    0x20000054   COMPRESSED   0x0000002a   Data   RW          495    .data               servor.o
    0x2000007e   COMPRESSED   0x00000010   Data   RW          595    .data               encoder.o
    0x2000008e   COMPRESSED   0x00000002   PAD
    0x20000090   COMPRESSED   0x00000009   Data   RW          628    .data               uln.o
    0x20000099   COMPRESSED   0x00000003   PAD
    0x2000009c   COMPRESSED   0x00000068   Data   RW          703    .data               anbt_dmp_mpu6050.o
    0x20000104   COMPRESSED   0x0000000c   Data   RW          734    .data               delay.o
    0x20000110   COMPRESSED   0x00000014   Data   RW          769    .data               system_stm32f10x.o
    0x20000124   COMPRESSED   0x0000000c   Data   RW          788    .data               usart.o
    0x20000130   COMPRESSED   0x0000003c   Data   RW          863    .data               control.o
    0x2000016c   COMPRESSED   0x00000137   Data   RW          882    .data               ui.o
    0x200002a3   COMPRESSED   0x00000001   PAD
    0x200002a4        -       0x00000009   Zero   RW          422    .bss                ps2.o
    0x200002ad   COMPRESSED   0x00000003   PAD
    0x200002b0        -       0x00000020   Zero   RW          494    .bss                servor.o
    0x200002d0        -       0x00000400   Zero   RW          567    .bss                oled_user.o
    0x200006d0        -       0x00000010   Zero   RW          679    .bss                anbt_dmp_driver.o
    0x200006e0        -       0x00000010   Zero   RW          701    .bss                anbt_dmp_mpu6050.o
    0x200006f0        -       0x000001f4   Zero   RW          787    .bss                usart.o
    0x200008e4        -       0x000000c0   Zero   RW          862    .bss                control.o
    0x200009a4        -       0x00000060   Zero   RW         1074    .bss                c_w.l(libspace.o)
    0x20000a04   COMPRESSED   0x00000004   PAD
    0x20000a08        -       0x00000200   Zero   RW           18    HEAP                startup_stm32f10x_hd.o
    0x20000c08        -       0x00000400   Zero   RW           17    STACK               startup_stm32f10x_hd.o


==============================================================================

Image component sizes


      Code (inc. data)   RO Data    RW Data    ZI Data      Debug   Object Name

       396         16          0          0          0        939   adc.o
      3656        126       3062          0         16      11764   anbt_dmp_driver.o
      6816        158         80        104         16      19191   anbt_dmp_mpu6050.o
       136          4          0          0          0        809   beep.o
      5232        420          0         60        192       7874   control.o
      1772        206          0         28          0       8962   control_app.o
         0          0          0          0          0       4532   core_cm3.o
       356         24          0         12          0      17037   delay.o
      1016         36          0         16          0       1866   encoder.o
        84          8          0          0          0        445   exti.o
        36          4          0          0          0        459   key.o
         0          0          0          0          0       1732   led.o
       308         40          0          0          0       4891   main.o
       220         22          0          0          0     249809   misc.o
       632         44          0          0          0       1145   motor.o
      1672         32          0          0          0       5595   mpu_i2c.o
       672         16          0          0          0       2245   oled.o
      4480         62      15844          0       1024      15009   oled_user.o
       532         28          0         36          9       2479   ps2.o
       888         78          0         42         32       2750   servor.o
        64         26        304          0       1536        780   startup_stm32f10x_hd.o
       860         38          0          0          0       5645   stm32f10x_gpio.o
        64          4          0          0          0       1385   stm32f10x_it.o
       932         36          0         20          0       8796   stm32f10x_rcc.o
      3610         88          0          0          0      22752   stm32f10x_tim.o
      1032         22          0          0          0       8364   stm32f10x_usart.o
       708         50          0          0          0       2803   sys.o
       480         38          0         20          0       1763   system_stm32f10x.o
       288         18          0          0          0       1467   timer.o
       172         12          0          0          0        699   traversing.o
      1840        108          0        311          0       3284   ui.o
       244         54          0          9          0       1041   uln.o
       816         32          0         12        500       5607   usart.o

    ----------------------------------------------------------------------
     40016       1850      19322        676       3328     423919   Object Totals
         0          0         32          0          0          0   (incl. Generated)
         2          0          0          6          3          0   (incl. Padding)

    ----------------------------------------------------------------------

      Code (inc. data)   RO Data    RW Data    ZI Data      Debug   Library Member Name

        90          0          0          0          0          0   __dczerorl2.o
         8          0          0          0          0         68   __main.o
         0          0          0          0          0          0   __rtentry.o
        12          0          0          0          0          0   __rtentry2.o
         6          0          0          0          0          0   __rtentry4.o
        52          8          0          0          0          0   __scatter.o
        28          0          0          0          0          0   __scatter_zi.o
        28          0          0          0          0         68   _chval.o
        22          0          0          0          0        100   _rserrno.o
       158          0          0          0          0         92   _strtoul.o
        16          0          0          0          0         68   aeabi_memset.o
        26          0          0          0          0         80   atol.o
        18          0          0          0          0         80   exit.o
         6          0          0          0          0        152   heapauxi.o
        44         10        272          0          0         76   lc_ctype_c.o
         2          0          0          0          0          0   libinit.o
        20          0          0          0          0          0   libinit2.o
         2          0          0          0          0          0   libshutdown.o
         2          0          0          0          0          0   libshutdown2.o
         8          4          0          0         96         68   libspace.o
        72          0          0          0          0         76   llsdiv.o
       238          0          0          0          0        100   lludivv7m.o
        88          0          0          0          0         76   memcmp.o
        16          4          0          0          0         76   rt_ctype_table.o
         8          4          0          0          0         68   rt_errno_addr_intlibspace.o
         8          4          0          0          0         68   rt_locale_intlibspace.o
        68          0          0          0          0         68   rt_memclr.o
        78          0          0          0          0         80   rt_memclr_w.o
         2          0          0          0          0          0   rtexit.o
        10          0          0          0          0          0   rtexit2.o
        20          0          0          0          0         68   strchr.o
       128          0          0          0          0         68   strcmpv7m.o
       150          0          0          0          0         80   strncmp.o
        36          0          0          0          0         80   strstr.o
       112          0          0          0          0         88   strtol.o
        74          0          0          0          0         80   sys_stackheap_outer.o
         2          0          0          0          0         68   use_no_semi.o
         2          0          0          0          0         68   use_no_semi_2.o
        98          4          0          0          0         92   d2f.o
       826         16          0          0          0        348   daddsub_clz.o
        16          4          0          0          0         68   dcheck1.o
        24          0          0          0          0         68   dcmpi.o
       688        140          0          0          0        208   ddiv.o
       120          4          0          0          0         92   deqf.o
        94          4          0          0          0         92   dfix.o
        46          0          0          0          0         68   dflt_clz.o
       120          4          0          0          0         92   dleqf.o
       340         12          0          0          0        104   dmul.o
       156          4          0          0          0         92   dnaninf.o
        12          0          0          0          0         68   dretinf.o
       108          0          0          0          0         80   drleqf.o
       460         56          0          0          0        120   dsqrt_noumaal.o
        86          4          0          0          0         84   f2d.o
       450          8          0          0          0        236   faddsub_clz.o
        24          0          0          0          0         68   fcmpi.o
       388         76          0          0          0         96   fdiv.o
       104          4          0          0          0         84   feqf.o
        54          4          0          0          0         84   ffix.o
        62          4          0          0          0         84   ffixu.o
        86          0          0          0          0        136   fflt_clz.o
       104          4          0          0          0         84   fleqf.o
       258          4          0          0          0         84   fmul.o
       140          4          0          0          0         84   fnaninf.o
        10          0          0          0          0         68   fretinf.o
        98          0          0          0          0         68   frleqf.o
       100          0          0          0          0         68   retnan.o
        92          0          0          0          0         68   scalbn.o
        48          0          0          0          0         68   trapv.o
         0          0          0          0          0          0   usenofp.o
       624         52         80          0          0        168   asin.o
       544         70        152          0          0        124   atan.o
       412         38          0          0          0        144   atan2.o
        38          6          0          0          0        272   dunder.o
        40          0          0          0          0         68   fpclassify.o
       170          0          0          0          0         96   poly.o
         0          0          8          0          0          0   qnan.o
        76          0          0          0          0         84   sqrt.o

    ----------------------------------------------------------------------
      8798        560        512          0        100       6076   Library Totals
        22          0          0          0          4          0   (incl. Padding)

    ----------------------------------------------------------------------

      Code (inc. data)   RO Data    RW Data    ZI Data      Debug   Library Name

      1660         34        272          0         96       2064   c_w.l
      5212        360          0          0          0       3056   fz_ws.l
      1904        166        240          0          0        956   m_ws.l

    ----------------------------------------------------------------------
      8798        560        512          0        100       6076   Library Totals

    ----------------------------------------------------------------------

==============================================================================


      Code (inc. data)   RO Data    RW Data    ZI Data      Debug   

     48814       2410      19834        676       3428     423751   Grand Totals
     48814       2410      19834        320       3428     423751   ELF Image Totals (compressed)
     48814       2410      19834        320          0          0   ROM Totals

==============================================================================

    Total RO  Size (Code + RO Data)                68648 (  67.04kB)
    Total RW  Size (RW Data + ZI Data)              4104 (   4.01kB)
    Total ROM Size (Code + RO Data + RW Data)      68968 (  67.35kB)

==============================================================================

